[2022-08-04 17:43:02 #146105] DEBUG: Node info:
localhost.localdomain 5.14.0-115.el9.x86_64 x86_64 GNU/Linux
    inet 192.168.122.94/24 brd 192.168.122.255 scope global dynamic noprefixroute enp1s0
    inet 10.253.34.52/27 brd 10.253.34.63 scope global noprefixroute enp7s0
               total        used        free      shared  buff/cache   available
Mem:            31Gi       543Mi        17Gi        12Gi        13Gi        17Gi
Swap:          4.0Gi          0B       4.0Gi
Architecture:                    x86_64
CPU op-mode(s):                  32-bit, 64-bit
Address sizes:                   48 bits physical, 48 bits virtual
Byte Order:                      Little Endian
CPU(s):                          16
On-line CPU(s) list:             0-15
Vendor ID:                       AuthenticAMD
Model name:                      AMD EPYC-Rome Processor
CPU family:                      23
Model:                           49
Thread(s) per core:              1
Core(s) per socket:              1
Socket(s):                       16
Stepping:                        0
BogoMIPS:                        5789.12
Flags:                           fpu vme de pse tsc msr pae mce cx8 apic sep mtrr pge mca cmov pat pse36 clflush mmx fxsr sse sse2 syscall nx mmxext fxsr_opt pdpe1gb rdtscp lm rep_good nopl cpuid extd_apicid tsc_known_freq pni pclmulqdq ssse3 fma cx16 sse4_1 sse4_2 x2apic movbe popcnt tsc_deadline_timer aes xsave avx f16c rdrand hypervisor lahf_lm cmp_legacy cr8_legacy abm sse4a misalignsse 3dnowprefetch osvw topoext perfctr_core ssbd ibrs ibpb stibp vmmcall fsgsbase tsc_adjust bmi1 avx2 smep bmi2 rdseed adx smap clflushopt clwb sha_ni xsaveopt xsavec xgetbv1 xsaves clzero xsaveerptr wbnoinvd arat umip rdpid arch_capabilities
Hypervisor vendor:               KVM
Virtualization type:             full
L1d cache:                       512 KiB (16 instances)
L1i cache:                       512 KiB (16 instances)
L2 cache:                        8 MiB (16 instances)
L3 cache:                        256 MiB (16 instances)
NUMA node(s):                    1
NUMA node0 CPU(s):               0-15
Vulnerability Itlb multihit:     Not affected
Vulnerability L1tf:              Not affected
Vulnerability Mds:               Not affected
Vulnerability Meltdown:          Not affected
Vulnerability Spec store bypass: Mitigation; Speculative Store Bypass disabled via prctl
Vulnerability Spectre v1:        Mitigation; usercopy/swapgs barriers and __user pointer sanitization
Vulnerability Spectre v2:        Mitigation; Retpolines, IBPB conditional, IBRS_FW, STIBP disabled, RSB filling
Vulnerability Srbds:             Not affected

[2022-08-04 17:43:02 #146105]  INFO: Repository: Yum
[2022-08-04 17:43:02 #146105]  INFO: Building package shim-unsigned-x64.spec
[2022-08-04 17:43:02 #146105]  INFO: $ /usr/bin/which dnf
/usr/bin/dnf
[2022-08-04 17:43:02 #146105]  INFO: Initializing chroot
[2022-08-04 17:43:02 #146105]  INFO: $ /usr/bin/sudo /bin/mktemp -d -p /srv/bee/builder chroot-root.XXXXXX
/srv/bee/builder/chroot-root.AMZoUS
[2022-08-04 17:43:02 #146105]  INFO: $ /usr/bin/sudo /bin/chown root:root //srv/bee/builder/chroot-root.AMZoUS
[2022-08-04 17:43:02 #146105]  INFO: $ /usr/bin/sudo /bin/chmod 777 //srv/bee/builder/chroot-root.AMZoUS
[2022-08-04 17:43:02 #146105]  INFO: Initializing chroot...
[2022-08-04 17:43:02 #146105]  INFO: $ /usr/bin/sudo setarch x86_64 /usr/bin/dnf --setopt=releasever=8 --setopt=module_platform_id=platform:el8 --exclude=*i686* --setopt=sslverify=false --setopt=debuglevel=2 --setopt=obsoletes=1 --setopt=gpgcheck=0 --setopt=installonly_limit=3 --setopt=multilib_policy=best --config /tmp/dnfconf-bootstrap20220804-146105-62vjja.conf --installroot /srv/bee/builder/chroot-root.AMZoUS --skip-broken --assumeyes install sles_es-presets basesystem dnf dnf-utils sles_es-rpm-macros sles_es-release
AppStream                                        17 MB/s |  33 MB     00:01    
BaseOs                                           17 MB/s |  51 MB     00:03    
Initial release of el8.0 for i686                20 MB/s |  13 MB     00:00    
Initial release of el8.0 for x86_64              22 MB/s |  14 MB     00:00    
EL8.0 i686 extra packages                       2.6 MB/s | 1.3 MB     00:00    
EL8.0 x86_64 extra packages                     3.1 MB/s | 1.5 MB     00:00    
CodeBuilder                                     4.0 MB/s | 3.5 MB     00:00    
Repository based on internal packages for x86_6 4.6 kB/s | 1.3 kB     00:00    
HighAvaliability                                2.2 MB/s | 2.3 MB     00:01    
Stored-HA                                        16 kB/s | 5.2 kB     00:00    
Stored                                           16 MB/s | 9.2 MB     00:00    
Dependencies resolved.
============================================================================================
 Package                       Arch    Version                        Repository        Size
============================================================================================
Installing:
 basesystem                    noarch  11-5.el8                       BaseOs           9.5 k
 dnf                           noarch  4.7.0-8.el8                    BaseOs           540 k
 sles_es-presets               x86_64  1-1.el8                        x64_el8_extra    9.8 k
 sles_es-release               x86_64  8.6-0.2.el8                    BaseOs            94 k
 sles_es-rpm-macros            noarch  1-2.el8                        initial_x32_el8  8.4 k
 yum-utils                     noarch  4.0.21-11.el8                  BaseOs            73 k
Installing dependencies:
 acl                           x86_64  2.2.53-1.el8                   BaseOs            80 k
 audit-libs                    x86_64  3.0.7-2.el8.2                  BaseOs           122 k
 bash                          x86_64  4.4.20-3.el8                   BaseOs           1.5 M
 brotli                        x86_64  1.0.6-3.el8                    BaseOs           322 k
 bzip2-libs                    x86_64  1.0.6-26.el8                   BaseOs            47 k
 ca-certificates               noarch  2021.2.50-80.0.el8_4           BaseOs           389 k
 chkconfig                     x86_64  1.19.1-1.el8                   BaseOs           197 k
 coreutils                     x86_64  8.30-12.el8                    BaseOs           1.2 M
 coreutils-common              x86_64  8.30-12.el8                    BaseOs           2.0 M
 cpio                          x86_64  2.12-11.el8                    BaseOs           265 k
 cracklib                      x86_64  2.9.6-15.el8                   BaseOs            92 k
 cracklib-dicts                x86_64  2.9.6-15.el8                   BaseOs           4.0 M
 crypto-policies               noarch  20211116-1.gitae470d6.el8      BaseOs            63 k
 cryptsetup-libs               x86_64  2.3.7-2.el8                    BaseOs           487 k
 curl                          x86_64  7.61.1-22.el8_6.3              BaseOs           351 k
 cyrus-sasl-lib                x86_64  2.1.27-6.el8_5                 BaseOs           122 k
 dbus                          x86_64  1:1.12.8-18.el8                BaseOs            40 k
 dbus-common                   noarch  1:1.12.8-18.el8                BaseOs            45 k
 dbus-daemon                   x86_64  1:1.12.8-18.el8                BaseOs           239 k
 dbus-glib                     x86_64  0.110-2.el8                    BaseOs           126 k
 dbus-libs                     x86_64  1:1.12.8-18.el8                BaseOs           183 k
 dbus-tools                    x86_64  1:1.12.8-18.el8                BaseOs            85 k
 device-mapper                 x86_64  8:1.02.181-3.el8               BaseOs           376 k
 device-mapper-libs            x86_64  8:1.02.181-3.el8               BaseOs           408 k
 dnf-data                      noarch  4.7.0-8.el8                    BaseOs           153 k
 dnf-plugins-core              noarch  4.0.21-11.el8                  BaseOs            70 k
 dracut                        x86_64  049-202.git20220511.el8_6      BaseOs           375 k
 elfutils-default-yama-scope   noarch  0.186-1.el8                    BaseOs            49 k
 elfutils-libelf               x86_64  0.186-1.el8                    BaseOs           228 k
 elfutils-libs                 x86_64  0.186-1.el8                    BaseOs           294 k
 expat                         x86_64  2.2.5-8.el8_6.2                BaseOs           112 k
 file                          x86_64  5.33-20.el8                    BaseOs            76 k
 file-libs                     x86_64  5.33-20.el8                    BaseOs           542 k
 filesystem                    x86_64  3.8-6.el8                      BaseOs           1.1 M
 findutils                     x86_64  1:4.6.0-20.el8                 BaseOs           527 k
 gawk                          x86_64  4.2.1-4.el8                    BaseOs           1.1 M
 gdbm                          x86_64  1:1.18-1.el8                   BaseOs           129 k
 gdbm-libs                     x86_64  1:1.18-1.el8                   BaseOs            59 k
 gettext                       x86_64  0.19.8.1-17.el8                BaseOs           1.1 M
 gettext-libs                  x86_64  0.19.8.1-17.el8                BaseOs           311 k
 glib2                         x86_64  2.56.4-158.el8                 BaseOs           2.5 M
 glibc                         x86_64  2.28-189.5.el8_6               BaseOs           2.2 M
 glibc-all-langpacks           x86_64  2.28-189.5.el8_6               BaseOs            25 M
 glibc-common                  x86_64  2.28-189.5.el8_6               BaseOs           1.3 M
 gmp                           x86_64  1:6.1.2-10.el8                 BaseOs           320 k
 gnupg2                        x86_64  2.2.20-2.el8                   BaseOs           2.5 M
 gnutls                        x86_64  3.6.16-4.el8                   BaseOs           1.0 M
 gpgme                         x86_64  1.13.1-11.el8                  BaseOs           335 k
 grep                          x86_64  3.1-6.el8                      BaseOs           273 k
 grub2-common                  noarch  1:2.02-123.el8                 BaseOs           892 k
 grub2-tools                   x86_64  1:2.02-123.el8                 BaseOs           2.0 M
 grub2-tools-minimal           x86_64  1:2.02-123.el8                 BaseOs           210 k
 gzip                          x86_64  1.9-13.el8_5                   BaseOs           166 k
 ima-evm-utils                 x86_64  1.3.2-12.el8                   BaseOs            63 k
 info                          x86_64  6.5-7.el8                      BaseOs           198 k
 json-c                        x86_64  0.13.1-3.el8                   BaseOs            40 k
 kbd-legacy                    noarch  2.0.4-10.el8                   BaseOs           480 k
 kbd-misc                      noarch  2.0.4-10.el8                   BaseOs           1.5 M
 keyutils-libs                 x86_64  1.5.10-9.el8                   BaseOs            33 k
 kmod                          x86_64  25-19.el8                      BaseOs           125 k
 kmod-libs                     x86_64  25-19.el8                      BaseOs            67 k
 krb5-libs                     x86_64  1.18.2-14.el8                  BaseOs           839 k
 libacl                        x86_64  2.2.53-1.el8                   BaseOs            34 k
 libarchive                    x86_64  3.3.3-3.el8_5                  BaseOs           359 k
 libassuan                     x86_64  2.5.1-3.el8                    BaseOs            82 k
 libattr                       x86_64  2.4.48-3.el8                   BaseOs            26 k
 libblkid                      x86_64  2.32.1-35.el8                  BaseOs           218 k
 libcap                        x86_64  2.48-2.el8                     BaseOs            73 k
 libcap-ng                     x86_64  0.7.11-1.el8                   BaseOs            32 k
 libcom_err                    x86_64  1.45.6-4.el8                   BaseOs            48 k
 libcomps                      x86_64  0.1.18-1.el8                   BaseOs            81 k
 libcroco                      x86_64  0.6.12-4.el8_2.1               BaseOs           112 k
 libcurl                       x86_64  7.61.1-22.el8_6.3              BaseOs           301 k
 libdb                         x86_64  5.3.28-42.el8_4                BaseOs           750 k
 libdb-utils                   x86_64  5.3.28-42.el8_4                BaseOs           149 k
 libdnf                        x86_64  0.63.0-8.el8                   BaseOs           704 k
 libevent                      x86_64  2.1.8-5.el8                    BaseOs           252 k
 libfdisk                      x86_64  2.32.1-35.el8                  BaseOs           251 k
 libffi                        x86_64  3.1-23.el8                     BaseOs            36 k
 libgcc                        x86_64  8.5.0-10.1.el8_6               BaseOs            79 k
 libgcrypt                     x86_64  1.8.5-7.el8_6                  BaseOs           462 k
 libgomp                       x86_64  8.5.0-10.1.el8_6               BaseOs           206 k
 libgpg-error                  x86_64  1.31-1.el8                     BaseOs           241 k
 libidn2                       x86_64  2.2.0-1.el8                    BaseOs            93 k
 libkcapi                      x86_64  1.2.0-2.el8                    BaseOs            47 k
 libkcapi-hmaccalc             x86_64  1.2.0-2.el8                    BaseOs            30 k
 libksba                       x86_64  1.3.5-7.el8                    BaseOs           134 k
 libmodulemd                   x86_64  2.13.0-1.el8                   BaseOs           232 k
 libmount                      x86_64  2.32.1-35.el8                  BaseOs           234 k
 libnghttp2                    x86_64  1.33.0-3.el8_2.1               BaseOs            76 k
 libnsl2                       x86_64  1.2.0-2.20180605git4a062cf.el8 BaseOs            57 k
 libpsl                        x86_64  0.20.2-6.el8                   BaseOs            60 k
 libpwquality                  x86_64  1.4.4-3.el8                    BaseOs           106 k
 librepo                       x86_64  1.14.2-1.el8                   BaseOs            91 k
 libreport-filesystem          x86_64  2.9.5-15.el8                   BaseOs            20 k
 libseccomp                    x86_64  2.5.2-1.el8                    BaseOs            70 k
 libsecret                     x86_64  0.18.6-1.el8                   BaseOs           162 k
 libselinux                    x86_64  2.9-5.el8                      BaseOs           164 k
 libsemanage                   x86_64  2.9-8.el8                      BaseOs           167 k
 libsepol                      x86_64  2.9-3.el8                      BaseOs           339 k
 libsigsegv                    x86_64  2.11-5.el8                     BaseOs            29 k
 libsmartcols                  x86_64  2.32.1-35.el8                  BaseOs           177 k
 libsolv                       x86_64  0.7.20-1.el8                   BaseOs           374 k
 libssh                        x86_64  0.9.6-3.el8                    BaseOs           215 k
 libssh-config                 noarch  0.9.6-3.el8                    BaseOs            18 k
 libstdc++                     x86_64  8.5.0-10.1.el8_6               BaseOs           453 k
 libtasn1                      x86_64  4.13-3.el8                     BaseOs            75 k
 libtirpc                      x86_64  1.1.4-6.el8                    BaseOs           112 k
 libunistring                  x86_64  0.9.9-3.el8                    BaseOs           421 k
 libusbx                       x86_64  1.0.23-4.el8                   BaseOs            73 k
 libutempter                   x86_64  1.1.6-14.el8                   BaseOs            31 k
 libuuid                       x86_64  2.32.1-35.el8                  BaseOs            96 k
 libverto                      x86_64  0.3.0-5.el8                    BaseOs            23 k
 libxcrypt                     x86_64  4.1.1-6.el8                    BaseOs            72 k
 libxml2                       x86_64  2.9.7-13.el8                   BaseOs           695 k
 libyaml                       x86_64  0.1.7-5.el8                    BaseOs            60 k
 libzstd                       x86_64  1.4.4-1.el8                    AppStream        265 k
 lua-libs                      x86_64  5.3.4-12.el8                   BaseOs           117 k
 lz4-libs                      x86_64  1.8.3-3.el8_4                  BaseOs            65 k
 mpfr                          x86_64  3.1.6-1.el8                    BaseOs           220 k
 ncurses                       x86_64  6.1-9.20180224.el8             BaseOs           386 k
 ncurses-base                  noarch  6.1-9.20180224.el8             BaseOs            80 k
 ncurses-libs                  x86_64  6.1-9.20180224.el8             BaseOs           333 k
 nettle                        x86_64  3.4.1-7.el8                    BaseOs           300 k
 npth                          x86_64  1.5-4.el8                      BaseOs            25 k
 openldap                      x86_64  2.4.46-18.el8                  BaseOs           351 k
 openssl                       x86_64  1:1.1.1k-6.el8_5               BaseOs           707 k
 openssl-libs                  x86_64  1:1.1.1k-6.el8_5               BaseOs           1.5 M
 os-prober                     x86_64  1.74-9.el8                     BaseOs            50 k
 p11-kit                       x86_64  0.23.22-1.el8                  BaseOs           324 k
 p11-kit-trust                 x86_64  0.23.22-1.el8                  BaseOs           136 k
 pam                           x86_64  1.3.1-16.el8                   BaseOs           738 k
 pcre                          x86_64  8.42-6.el8                     BaseOs           210 k
 pcre2                         x86_64  10.32-2.el8                    BaseOs           246 k
 platform-python               x86_64  3.6.8-45.el8                   BaseOs            84 k
 platform-python-setuptools    noarch  39.2.0-6.el8                   BaseOs           631 k
 popt                          x86_64  1.18-1.el8                     BaseOs            60 k
 procps-ng                     x86_64  3.3.15-6.el8                   BaseOs           328 k
 publicsuffix-list-dafsa       noarch  20180723-1.el8                 BaseOs            55 k
 python3-dateutil              noarch  1:2.6.1-6.el8                  BaseOs           250 k
 python3-dbus                  x86_64  1.2.4-15.el8                   BaseOs           133 k
 python3-dnf                   noarch  4.7.0-8.el8                    BaseOs           544 k
 python3-dnf-plugins-core      noarch  4.0.21-11.el8                  BaseOs           239 k
 python3-gpg                   x86_64  1.13.1-11.el8                  BaseOs           237 k
 python3-hawkey                x86_64  0.63.0-8.el8                   BaseOs           116 k
 python3-libcomps              x86_64  0.1.18-1.el8                   BaseOs            51 k
 python3-libdnf                x86_64  0.63.0-8.el8                   BaseOs           776 k
 python3-libs                  x86_64  3.6.8-45.el8                   BaseOs           7.8 M
 python3-pip-wheel             noarch  9.0.3-22.el8                   BaseOs           894 k
 python3-rpm                   x86_64  4.14.3-23.el8                  BaseOs           154 k
 python3-setuptools-wheel      noarch  39.2.0-6.el8                   BaseOs           288 k
 python3-six                   noarch  1.11.0-8.el8                   BaseOs            37 k
 readline                      x86_64  7.0-10.el8                     BaseOs           198 k
 rpm                           x86_64  4.14.3-23.el8                  BaseOs           542 k
 rpm-build-libs                x86_64  4.14.3-23.el8                  BaseOs           156 k
 rpm-libs                      x86_64  4.14.3-23.el8                  BaseOs           344 k
 sed                           x86_64  4.5-5.el8                      BaseOs           297 k
 setup                         noarch  2.12.2-6.el8                   BaseOs           180 k
 shadow-utils                  x86_64  2:4.6-16.el8                   BaseOs           1.2 M
 sqlite-libs                   x86_64  3.26.0-15.el8                  BaseOs           580 k
 systemd                       x86_64  239-58.el8                     BaseOs           3.6 M
 systemd-libs                  x86_64  239-58.el8                     BaseOs           1.1 M
 systemd-pam                   x86_64  239-58.el8                     BaseOs           482 k
 systemd-udev                  x86_64  239-58.el8                     BaseOs           1.6 M
 tpm2-tss                      x86_64  2.3.2-4.el8                    BaseOs           274 k
 trousers-lib                  x86_64  0.3.15-1.el8                   BaseOs           166 k
 tzdata                        noarch  2022a-1.el8                    BaseOs           473 k
 unbound-libs                  x86_64  1.7.3-17.el8                   AppStream        501 k
 util-linux                    x86_64  2.32.1-35.el8                  BaseOs           2.5 M
 which                         x86_64  2.21-17.el8                    BaseOs            48 k
 xkeyboard-config              noarch  2.28-1.el8                     AppStream        781 k
 xz                            x86_64  5.2.4-4.el8_6                  BaseOs           152 k
 xz-libs                       x86_64  5.2.4-4.el8_6                  BaseOs            93 k
 zlib                          x86_64  1.2.11-18.el8_5                BaseOs           101 k
Installing weak dependencies:
 crypto-policies-scripts       noarch  20211116-1.gitae470d6.el8      BaseOs            82 k
 diffutils                     x86_64  3.6-6.el8                      BaseOs           359 k
 elfutils-debuginfod-client    x86_64  0.186-1.el8                    BaseOs            70 k
 glibc-gconv-extra             x86_64  2.28-189.5.el8_6               BaseOs           1.5 M
 gnupg2-smime                  x86_64  2.2.20-2.el8                   BaseOs           282 k
 grubby                        x86_64  8.40-42.el8                    BaseOs            48 k
 hardlink                      x86_64  1:1.3-6.el8                    BaseOs            28 k
 kbd                           x86_64  2.0.4-10.el8                   BaseOs           390 k
 kpartx                        x86_64  0.8.4-22.el8                   BaseOs           113 k
 libxkbcommon                  x86_64  0.9.1-1.el8                    AppStream        115 k
 memstrack                     x86_64  0.1.11-1.el8                   AppStream         47 k
 openssl-pkcs11                x86_64  0.4.10-2.el8                   BaseOs            65 k
 pigz                          x86_64  2.4-4.el8                      BaseOs            79 k
 pinentry                      x86_64  1.1.0-2.el8                    AppStream         99 k
 platform-python-pip           noarch  9.0.3-22.el8                   BaseOs           1.6 M
 python3-unbound               x86_64  1.7.3-17.el8                   AppStream        110 k
 rpm-plugin-systemd-inhibit    x86_64  4.14.3-23.el8                  BaseOs            78 k
 shared-mime-info              x86_64  1.9-3.el8                      BaseOs           327 k
 trousers                      x86_64  0.3.15-1.el8                   BaseOs           152 k

Transaction Summary
============================================================================================
Install  199 Packages

Total download size: 110 M
Installed size: 704 M
Downloading Packages:
(1/199): memstrack-0.1.11-1.el8.x86_64.rpm       21 kB/s |  47 kB     00:02    
(2/199): libxkbcommon-0.9.1-1.el8.x86_64.rpm     52 kB/s | 115 kB     00:02    
(3/199): python3-unbound-1.7.3-17.el8.x86_64.rp 729 kB/s | 110 kB     00:00    
(4/199): libzstd-1.4.4-1.el8.x86_64.rpm         109 kB/s | 265 kB     00:02    
(5/199): pinentry-1.1.0-2.el8.x86_64.rpm        387 kB/s |  99 kB     00:00    
(6/199): acl-2.2.53-1.el8.x86_64.rpm            426 kB/s |  80 kB     00:00    
(7/199): unbound-libs-1.7.3-17.el8.x86_64.rpm   1.6 MB/s | 501 kB     00:00    
(8/199): basesystem-11-5.el8.noarch.rpm         281 kB/s | 9.5 kB     00:00    
(9/199): audit-libs-3.0.7-2.el8.2.x86_64.rpm    803 kB/s | 122 kB     00:00    
(10/199): brotli-1.0.6-3.el8.x86_64.rpm         1.7 MB/s | 322 kB     00:00    
(11/199): xkeyboard-config-2.28-1.el8.noarch.rp 1.3 MB/s | 781 kB     00:00    
(12/199): bash-4.4.20-3.el8.x86_64.rpm          5.3 MB/s | 1.5 MB     00:00    
(13/199): chkconfig-1.19.1-1.el8.x86_64.rpm     3.9 MB/s | 197 kB     00:00    
(14/199): ca-certificates-2021.2.50-80.0.el8_4. 3.2 MB/s | 389 kB     00:00    
(15/199): bzip2-libs-1.0.6-26.el8.x86_64.rpm    251 kB/s |  47 kB     00:00    
(16/199): cpio-2.12-11.el8.x86_64.rpm           898 kB/s | 265 kB     00:00    
(17/199): cracklib-2.9.6-15.el8.x86_64.rpm      809 kB/s |  92 kB     00:00    
(18/199): coreutils-8.30-12.el8.x86_64.rpm      2.1 MB/s | 1.2 MB     00:00    
(19/199): crypto-policies-20211116-1.gitae470d6 1.5 MB/s |  63 kB     00:00    
(20/199): crypto-policies-scripts-20211116-1.gi 1.2 MB/s |  82 kB     00:00    
(21/199): coreutils-common-8.30-12.el8.x86_64.r 2.5 MB/s | 2.0 MB     00:00    
(22/199): cryptsetup-libs-2.3.7-2.el8.x86_64.rp 1.0 MB/s | 487 kB     00:00    
(23/199): curl-7.61.1-22.el8_6.3.x86_64.rpm     955 kB/s | 351 kB     00:00    
(24/199): cracklib-dicts-2.9.6-15.el8.x86_64.rp 5.4 MB/s | 4.0 MB     00:00    
(25/199): dbus-1.12.8-18.el8.x86_64.rpm         1.2 MB/s |  40 kB     00:00    
(26/199): dbus-common-1.12.8-18.el8.noarch.rpm  1.4 MB/s |  45 kB     00:00    
(27/199): cyrus-sasl-lib-2.1.27-6.el8_5.x86_64. 587 kB/s | 122 kB     00:00    
(28/199): dbus-glib-0.110-2.el8.x86_64.rpm      664 kB/s | 126 kB     00:00    
(29/199): dbus-daemon-1.12.8-18.el8.x86_64.rpm  1.0 MB/s | 239 kB     00:00    
(30/199): dbus-libs-1.12.8-18.el8.x86_64.rpm    1.2 MB/s | 183 kB     00:00    
(31/199): device-mapper-libs-1.02.181-3.el8.x86 2.3 MB/s | 408 kB     00:00    
(32/199): dbus-tools-1.12.8-18.el8.x86_64.rpm   394 kB/s |  85 kB     00:00    
(33/199): device-mapper-1.02.181-3.el8.x86_64.r 1.5 MB/s | 376 kB     00:00    
(34/199): dnf-data-4.7.0-8.el8.noarch.rpm       1.7 MB/s | 153 kB     00:00    
(35/199): dnf-plugins-core-4.0.21-11.el8.noarch 1.2 MB/s |  70 kB     00:00    
(36/199): dracut-049-202.git20220511.el8_6.x86_ 1.4 MB/s | 375 kB     00:00    
(37/199): diffutils-3.6-6.el8.x86_64.rpm        756 kB/s | 359 kB     00:00    
(38/199): dnf-4.7.0-8.el8.noarch.rpm            1.1 MB/s | 540 kB     00:00    
(39/199): elfutils-debuginfod-client-0.186-1.el 1.1 MB/s |  70 kB     00:00    
(40/199): elfutils-default-yama-scope-0.186-1.e 750 kB/s |  49 kB     00:00    
(41/199): expat-2.2.5-8.el8_6.2.x86_64.rpm      1.0 MB/s | 112 kB     00:00    
(42/199): elfutils-libelf-0.186-1.el8.x86_64.rp 1.1 MB/s | 228 kB     00:00    
(43/199): file-5.33-20.el8.x86_64.rpm           869 kB/s |  76 kB     00:00    
(44/199): elfutils-libs-0.186-1.el8.x86_64.rpm  1.3 MB/s | 294 kB     00:00    
(45/199): file-libs-5.33-20.el8.x86_64.rpm      1.7 MB/s | 542 kB     00:00    
(46/199): filesystem-3.8-6.el8.x86_64.rpm       2.1 MB/s | 1.1 MB     00:00    
(47/199): findutils-4.6.0-20.el8.x86_64.rpm     1.0 MB/s | 527 kB     00:00    
(48/199): gawk-4.2.1-4.el8.x86_64.rpm           3.9 MB/s | 1.1 MB     00:00    
(49/199): gdbm-1.18-1.el8.x86_64.rpm            1.7 MB/s | 129 kB     00:00    
(50/199): gdbm-libs-1.18-1.el8.x86_64.rpm       366 kB/s |  59 kB     00:00    
(51/199): gettext-libs-0.19.8.1-17.el8.x86_64.r 1.4 MB/s | 311 kB     00:00    
(52/199): gettext-0.19.8.1-17.el8.x86_64.rpm    1.5 MB/s | 1.1 MB     00:00    
(53/199): glibc-2.28-189.5.el8_6.x86_64.rpm     3.7 MB/s | 2.2 MB     00:00    
(54/199): glib2-2.56.4-158.el8.x86_64.rpm       3.3 MB/s | 2.5 MB     00:00    
(55/199): glibc-gconv-extra-2.28-189.5.el8_6.x8 2.6 MB/s | 1.5 MB     00:00    
(56/199): glibc-common-2.28-189.5.el8_6.x86_64. 1.9 MB/s | 1.3 MB     00:00    
(57/199): gnupg2-2.2.20-2.el8.x86_64.rpm        7.4 MB/s | 2.5 MB     00:00    
(58/199): gmp-6.1.2-10.el8.x86_64.rpm           835 kB/s | 320 kB     00:00    
(59/199): glibc-all-langpacks-2.28-189.5.el8_6.  22 MB/s |  25 MB     00:01    
(60/199): gnupg2-smime-2.2.20-2.el8.x86_64.rpm  3.5 MB/s | 282 kB     00:00    
(61/199): gpgme-1.13.1-11.el8.x86_64.rpm        6.7 MB/s | 335 kB     00:00    
(62/199): grep-3.1-6.el8.x86_64.rpm             4.2 MB/s | 273 kB     00:00    
(63/199): grub2-common-2.02-123.el8.noarch.rpm  4.1 MB/s | 892 kB     00:00    
(64/199): grub2-tools-2.02-123.el8.x86_64.rpm   6.8 MB/s | 2.0 MB     00:00    
(65/199): grub2-tools-minimal-2.02-123.el8.x86_ 2.1 MB/s | 210 kB     00:00    
(66/199): gnutls-3.6.16-4.el8.x86_64.rpm        2.3 MB/s | 1.0 MB     00:00    
(67/199): grubby-8.40-42.el8.x86_64.rpm         1.2 MB/s |  48 kB     00:00    
(68/199): hardlink-1.3-6.el8.x86_64.rpm         718 kB/s |  28 kB     00:00    
(69/199): gzip-1.9-13.el8_5.x86_64.rpm          1.9 MB/s | 166 kB     00:00    
(70/199): ima-evm-utils-1.3.2-12.el8.x86_64.rpm 400 kB/s |  63 kB     00:00    
(71/199): json-c-0.13.1-3.el8.x86_64.rpm        270 kB/s |  40 kB     00:00    
(72/199): info-6.5-7.el8.x86_64.rpm             809 kB/s | 198 kB     00:00    
(73/199): kbd-2.0.4-10.el8.x86_64.rpm           1.1 MB/s | 390 kB     00:00    
(74/199): keyutils-libs-1.5.10-9.el8.x86_64.rpm 333 kB/s |  33 kB     00:00    
(75/199): kbd-legacy-2.0.4-10.el8.noarch.rpm    1.1 MB/s | 480 kB     00:00    
(76/199): kmod-libs-25-19.el8.x86_64.rpm        1.7 MB/s |  67 kB     00:00    
(77/199): kmod-25-19.el8.x86_64.rpm             450 kB/s | 125 kB     00:00    
(78/199): kpartx-0.8.4-22.el8.x86_64.rpm        398 kB/s | 113 kB     00:00    
(79/199): libacl-2.2.53-1.el8.x86_64.rpm        162 kB/s |  34 kB     00:00    
(80/199): kbd-misc-2.0.4-10.el8.noarch.rpm      1.2 MB/s | 1.5 MB     00:01    
(81/199): libarchive-3.3.3-3.el8_5.x86_64.rpm   750 kB/s | 359 kB     00:00    
(82/199): libattr-2.4.48-3.el8.x86_64.rpm       141 kB/s |  26 kB     00:00    
(83/199): krb5-libs-1.18.2-14.el8.x86_64.rpm    878 kB/s | 839 kB     00:00    
(84/199): libassuan-2.5.1-3.el8.x86_64.rpm      237 kB/s |  82 kB     00:00    
(85/199): libcap-2.48-2.el8.x86_64.rpm          536 kB/s |  73 kB     00:00    
(86/199): libcap-ng-0.7.11-1.el8.x86_64.rpm     154 kB/s |  32 kB     00:00    
(87/199): libcom_err-1.45.6-4.el8.x86_64.rpm    338 kB/s |  48 kB     00:00    
(88/199): libcomps-0.1.18-1.el8.x86_64.rpm      502 kB/s |  81 kB     00:00    
(89/199): libblkid-2.32.1-35.el8.x86_64.rpm     483 kB/s | 218 kB     00:00    
(90/199): libcroco-0.6.12-4.el8_2.1.x86_64.rpm  642 kB/s | 112 kB     00:00    
(91/199): libdb-utils-5.3.28-42.el8_4.x86_64.rp 959 kB/s | 149 kB     00:00    
(92/199): libcurl-7.61.1-22.el8_6.3.x86_64.rpm  725 kB/s | 301 kB     00:00    
(93/199): libdnf-0.63.0-8.el8.x86_64.rpm        1.9 MB/s | 704 kB     00:00    
(94/199): libdb-5.3.28-42.el8_4.x86_64.rpm      1.2 MB/s | 750 kB     00:00    
(95/199): libffi-3.1-23.el8.x86_64.rpm          978 kB/s |  36 kB     00:00    
(96/199): libfdisk-2.32.1-35.el8.x86_64.rpm     2.0 MB/s | 251 kB     00:00    
(97/199): libevent-2.1.8-5.el8.x86_64.rpm       741 kB/s | 252 kB     00:00    
(98/199): libgcrypt-1.8.5-7.el8_6.x86_64.rpm    2.8 MB/s | 462 kB     00:00    
(99/199): libgcc-8.5.0-10.1.el8_6.x86_64.rpm    381 kB/s |  79 kB     00:00    
(100/199): libgpg-error-1.31-1.el8.x86_64.rpm   2.5 MB/s | 241 kB     00:00    
(101/199): libkcapi-1.2.0-2.el8.x86_64.rpm      1.1 MB/s |  47 kB     00:00    
(102/199): libgomp-8.5.0-10.1.el8_6.x86_64.rpm  659 kB/s | 206 kB     00:00    
(103/199): libidn2-2.2.0-1.el8.x86_64.rpm       634 kB/s |  93 kB     00:00    
(104/199): libkcapi-hmaccalc-1.2.0-2.el8.x86_64 356 kB/s |  30 kB     00:00    
(105/199): libksba-1.3.5-7.el8.x86_64.rpm       953 kB/s | 134 kB     00:00    
(106/199): libnghttp2-1.33.0-3.el8_2.1.x86_64.r 642 kB/s |  76 kB     00:00    
(107/199): libmodulemd-2.13.0-1.el8.x86_64.rpm  896 kB/s | 232 kB     00:00    
(108/199): libmount-2.32.1-35.el8.x86_64.rpm    823 kB/s | 234 kB     00:00    
(109/199): libpsl-0.20.2-6.el8.x86_64.rpm       675 kB/s |  60 kB     00:00    
(110/199): libnsl2-1.2.0-2.20180605git4a062cf.e 305 kB/s |  57 kB     00:00    
(111/199): libpwquality-1.4.4-3.el8.x86_64.rpm  731 kB/s | 106 kB     00:00    
(112/199): libreport-filesystem-2.9.5-15.el8.x8 215 kB/s |  20 kB     00:00    
(113/199): libseccomp-2.5.2-1.el8.x86_64.rpm    877 kB/s |  70 kB     00:00    
(114/199): librepo-1.14.2-1.el8.x86_64.rpm      414 kB/s |  91 kB     00:00    
(115/199): libselinux-2.9-5.el8.x86_64.rpm      990 kB/s | 164 kB     00:00    
(116/199): libsemanage-2.9-8.el8.x86_64.rpm     901 kB/s | 167 kB     00:00    
(117/199): libsecret-0.18.6-1.el8.x86_64.rpm    634 kB/s | 162 kB     00:00    
(118/199): libsigsegv-2.11-5.el8.x86_64.rpm     794 kB/s |  29 kB     00:00    
(119/199): libsepol-2.9-3.el8.x86_64.rpm        1.6 MB/s | 339 kB     00:00    
(120/199): libsmartcols-2.32.1-35.el8.x86_64.rp 1.1 MB/s | 177 kB     00:00    
(121/199): libssh-config-0.9.6-3.el8.noarch.rpm 230 kB/s |  18 kB     00:00    
(122/199): libssh-0.9.6-3.el8.x86_64.rpm        1.5 MB/s | 215 kB     00:00    
(123/199): libsolv-0.7.20-1.el8.x86_64.rpm      936 kB/s | 374 kB     00:00    
(124/199): libtasn1-4.13-3.el8.x86_64.rpm       394 kB/s |  75 kB     00:00    
(125/199): libtirpc-1.1.4-6.el8.x86_64.rpm      1.5 MB/s | 112 kB     00:00    
(126/199): libusbx-1.0.23-4.el8.x86_64.rpm      1.1 MB/s |  73 kB     00:00    
(127/199): libutempter-1.1.6-14.el8.x86_64.rpm  417 kB/s |  31 kB     00:00    
(128/199): libstdc++-8.5.0-10.1.el8_6.x86_64.rp 881 kB/s | 453 kB     00:00    
(129/199): libverto-0.3.0-5.el8.x86_64.rpm      281 kB/s |  23 kB     00:00    
(130/199): libuuid-2.32.1-35.el8.x86_64.rpm     397 kB/s |  96 kB     00:00    
(131/199): libunistring-0.9.9-3.el8.x86_64.rpm  803 kB/s | 421 kB     00:00    
(132/199): libxcrypt-4.1.1-6.el8.x86_64.rpm     370 kB/s |  72 kB     00:00    
(133/199): libyaml-0.1.7-5.el8.x86_64.rpm       433 kB/s |  60 kB     00:00    
(134/199): lz4-libs-1.8.3-3.el8_4.x86_64.rpm    636 kB/s |  65 kB     00:00    
(135/199): lua-libs-5.3.4-12.el8.x86_64.rpm     439 kB/s | 117 kB     00:00    
(136/199): libxml2-2.9.7-13.el8.x86_64.rpm      1.1 MB/s | 695 kB     00:00    
(137/199): mpfr-3.1.6-1.el8.x86_64.rpm          679 kB/s | 220 kB     00:00    
(138/199): ncurses-base-6.1-9.20180224.el8.noar 363 kB/s |  80 kB     00:00    
(139/199): ncurses-libs-6.1-9.20180224.el8.x86_ 1.8 MB/s | 333 kB     00:00    
(140/199): ncurses-6.1-9.20180224.el8.x86_64.rp 911 kB/s | 386 kB     00:00    
(141/199): npth-1.5-4.el8.x86_64.rpm            169 kB/s |  25 kB     00:00    
(142/199): openldap-2.4.46-18.el8.x86_64.rpm    1.2 MB/s | 351 kB     00:00    
(143/199): nettle-3.4.1-7.el8.x86_64.rpm        757 kB/s | 300 kB     00:00    
(144/199): openssl-pkcs11-0.4.10-2.el8.x86_64.r 287 kB/s |  65 kB     00:00    
(145/199): os-prober-1.74-9.el8.x86_64.rpm      297 kB/s |  50 kB     00:00    
(146/199): openssl-libs-1.1.1k-6.el8_5.x86_64.r 2.7 MB/s | 1.5 MB     00:00    
(147/199): openssl-1.1.1k-6.el8_5.x86_64.rpm    1.0 MB/s | 707 kB     00:00    
(148/199): p11-kit-0.23.22-1.el8.x86_64.rpm     1.0 MB/s | 324 kB     00:00    
(149/199): p11-kit-trust-0.23.22-1.el8.x86_64.r 504 kB/s | 136 kB     00:00    
(150/199): pam-1.3.1-16.el8.x86_64.rpm          2.6 MB/s | 738 kB     00:00    
(151/199): pigz-2.4-4.el8.x86_64.rpm            873 kB/s |  79 kB     00:00    
(152/199): pcre-8.42-6.el8.x86_64.rpm           1.5 MB/s | 210 kB     00:00    
(153/199): pcre2-10.32-2.el8.x86_64.rpm         1.1 MB/s | 246 kB     00:00    
(154/199): platform-python-3.6.8-45.el8.x86_64. 351 kB/s |  84 kB     00:00    
(155/199): popt-1.18-1.el8.x86_64.rpm           484 kB/s |  60 kB     00:00    
(156/199): platform-python-setuptools-39.2.0-6. 1.9 MB/s | 631 kB     00:00    
(157/199): publicsuffix-list-dafsa-20180723-1.e 1.2 MB/s |  55 kB     00:00    
(158/199): procps-ng-3.3.15-6.el8.x86_64.rpm    765 kB/s | 328 kB     00:00    
(159/199): platform-python-pip-9.0.3-22.el8.noa 2.0 MB/s | 1.6 MB     00:00    
(160/199): python3-dateutil-2.6.1-6.el8.noarch. 711 kB/s | 250 kB     00:00    
(161/199): python3-dnf-plugins-core-4.0.21-11.e 1.4 MB/s | 239 kB     00:00    
(162/199): python3-dnf-4.7.0-8.el8.noarch.rpm   2.9 MB/s | 544 kB     00:00    
(163/199): python3-dbus-1.2.4-15.el8.x86_64.rpm 490 kB/s | 133 kB     00:00    
(164/199): python3-hawkey-0.63.0-8.el8.x86_64.r 1.5 MB/s | 116 kB     00:00    
(165/199): python3-libcomps-0.1.18-1.el8.x86_64 568 kB/s |  51 kB     00:00    
(166/199): python3-gpg-1.13.1-11.el8.x86_64.rpm 564 kB/s | 237 kB     00:00    
(167/199): python3-libdnf-0.63.0-8.el8.x86_64.r 1.5 MB/s | 776 kB     00:00    
(168/199): python3-rpm-4.14.3-23.el8.x86_64.rpm 1.2 MB/s | 154 kB     00:00    
(169/199): python3-setuptools-wheel-39.2.0-6.el 2.0 MB/s | 288 kB     00:00    
(170/199): python3-six-1.11.0-8.el8.noarch.rpm  233 kB/s |  37 kB     00:00    
(171/199): python3-pip-wheel-9.0.3-22.el8.noarc 1.4 MB/s | 894 kB     00:00    
(172/199): rpm-4.14.3-23.el8.x86_64.rpm         2.7 MB/s | 542 kB     00:00    
(173/199): readline-7.0-10.el8.x86_64.rpm       710 kB/s | 198 kB     00:00    
(174/199): rpm-build-libs-4.14.3-23.el8.x86_64. 2.5 MB/s | 156 kB     00:00    
(175/199): python3-libs-3.6.8-45.el8.x86_64.rpm 6.4 MB/s | 7.8 MB     00:01    
(176/199): rpm-plugin-systemd-inhibit-4.14.3-23 1.1 MB/s |  78 kB     00:00    
(177/199): sed-4.5-5.el8.x86_64.rpm             5.9 MB/s | 297 kB     00:00    
(178/199): setup-2.12.2-6.el8.noarch.rpm        877 kB/s | 180 kB     00:00    
(179/199): rpm-libs-4.14.3-23.el8.x86_64.rpm    939 kB/s | 344 kB     00:00    
(180/199): sles_es-release-8.6-0.2.el8.x86_64.r 1.3 MB/s |  94 kB     00:00    
(181/199): shadow-utils-4.6-16.el8.x86_64.rpm   3.6 MB/s | 1.2 MB     00:00    
(182/199): shared-mime-info-1.9-3.el8.x86_64.rp 1.7 MB/s | 327 kB     00:00    
(183/199): sqlite-libs-3.26.0-15.el8.x86_64.rpm 1.2 MB/s | 580 kB     00:00    
(184/199): systemd-239-58.el8.x86_64.rpm        7.0 MB/s | 3.6 MB     00:00    
(185/199): systemd-pam-239-58.el8.x86_64.rpm    3.1 MB/s | 482 kB     00:00    
(186/199): systemd-libs-239-58.el8.x86_64.rpm   1.8 MB/s | 1.1 MB     00:00    
(187/199): trousers-0.3.15-1.el8.x86_64.rpm     2.0 MB/s | 152 kB     00:00    
(188/199): tpm2-tss-2.3.2-4.el8.x86_64.rpm      1.8 MB/s | 274 kB     00:00    
(189/199): tzdata-2022a-1.el8.noarch.rpm        2.4 MB/s | 473 kB     00:00    
(190/199): trousers-lib-0.3.15-1.el8.x86_64.rpm 533 kB/s | 166 kB     00:00    
(191/199): which-2.21-17.el8.x86_64.rpm         530 kB/s |  48 kB     00:00    
(192/199): xz-5.2.4-4.el8_6.x86_64.rpm          811 kB/s | 152 kB     00:00    
(193/199): systemd-udev-239-58.el8.x86_64.rpm   2.0 MB/s | 1.6 MB     00:00    
(194/199): yum-utils-4.0.21-11.el8.noarch.rpm   388 kB/s |  73 kB     00:00    
(195/199): xz-libs-5.2.4-4.el8_6.x86_64.rpm     424 kB/s |  93 kB     00:00    
(196/199): util-linux-2.32.1-35.el8.x86_64.rpm  4.2 MB/s | 2.5 MB     00:00    
(197/199): zlib-1.2.11-18.el8_5.x86_64.rpm      693 kB/s | 101 kB     00:00    
(198/199): sles_es-rpm-macros-1-2.el8.noarch.rp  51 kB/s | 8.4 kB     00:00    
(199/199): sles_es-presets-1-1.el8.x86_64.rpm    60 kB/s | 9.8 kB     00:00    
--------------------------------------------------------------------------------
Total                                           5.5 MB/s | 110 MB     00:19     
Running transaction check
Transaction check succeeded.
Running transaction test
Transaction test succeeded.
Running transaction
  Running scriptlet: filesystem-3.8-6.el8.x86_64                            1/1 
  Preparing        :                                                        1/1 
  Installing       : libgcc-8.5.0-10.1.el8_6.x86_64                       1/199 
  Running scriptlet: libgcc-8.5.0-10.1.el8_6.x86_64                       1/199 
  Installing       : tzdata-2022a-1.el8.noarch                            2/199 
  Installing       : sles_es-release-8.6-0.2.el8.x86_64                   3/199 
  Installing       : setup-2.12.2-6.el8.noarch                            4/199 
  Running scriptlet: setup-2.12.2-6.el8.noarch                            4/199 
  Installing       : filesystem-3.8-6.el8.x86_64                          5/199 
  Installing       : python3-setuptools-wheel-39.2.0-6.el8.noarch         6/199 
  Installing       : python3-pip-wheel-9.0.3-22.el8.noarch                7/199 
  Installing       : basesystem-11-5.el8.noarch                           8/199 
  Installing       : publicsuffix-list-dafsa-20180723-1.el8.noarch        9/199 
  Installing       : ncurses-base-6.1-9.20180224.el8.noarch              10/199 
  Installing       : pcre2-10.32-2.el8.x86_64                            11/199 
  Installing       : libselinux-2.9-5.el8.x86_64                         12/199 
  Installing       : ncurses-libs-6.1-9.20180224.el8.x86_64              13/199 
  Installing       : glibc-all-langpacks-2.28-189.5.el8_6.x86_64         14/199 
  Installing       : glibc-gconv-extra-2.28-189.5.el8_6.x86_64           15/199 
  Running scriptlet: glibc-gconv-extra-2.28-189.5.el8_6.x86_64           15/199 
  Installing       : glibc-common-2.28-189.5.el8_6.x86_64                16/199 
  Running scriptlet: glibc-2.28-189.5.el8_6.x86_64                       17/199 
  Installing       : glibc-2.28-189.5.el8_6.x86_64                       17/199 
  Running scriptlet: glibc-2.28-189.5.el8_6.x86_64                       17/199 
  Installing       : bash-4.4.20-3.el8.x86_64                            18/199 
  Running scriptlet: bash-4.4.20-3.el8.x86_64                            18/199 
  Installing       : libsepol-2.9-3.el8.x86_64                           19/199 
  Running scriptlet: libsepol-2.9-3.el8.x86_64                           19/199 
  Installing       : zlib-1.2.11-18.el8_5.x86_64                         20/199 
  Installing       : xz-libs-5.2.4-4.el8_6.x86_64                        21/199 
  Installing       : libgpg-error-1.31-1.el8.x86_64                      22/199 
  Installing       : info-6.5-7.el8.x86_64                               23/199 
  Installing       : bzip2-libs-1.0.6-26.el8.x86_64                      24/199 
  Installing       : sqlite-libs-3.26.0-15.el8.x86_64                    25/199 
  Installing       : libxml2-2.9.7-13.el8.x86_64                         26/199 
  Installing       : libcap-2.48-2.el8.x86_64                            27/199 
  Installing       : elfutils-libelf-0.186-1.el8.x86_64                  28/199 
  Installing       : libzstd-1.4.4-1.el8.x86_64                          29/199 
  Installing       : expat-2.2.5-8.el8_6.2.x86_64                        30/199 
  Installing       : libxcrypt-4.1.1-6.el8.x86_64                        31/199 
  Installing       : popt-1.18-1.el8.x86_64                              32/199 
  Installing       : libunistring-0.9.9-3.el8.x86_64                     33/199 
  Installing       : readline-7.0-10.el8.x86_64                          34/199 
  Running scriptlet: readline-7.0-10.el8.x86_64                          34/199 
install-info: No such file or directory for /dev/null
install-info: No such file or directory for /dev/null

  Installing       : libgcrypt-1.8.5-7.el8_6.x86_64                      35/199 
  Running scriptlet: libgcrypt-1.8.5-7.el8_6.x86_64                      35/199 
  Installing       : gmp-1:6.1.2-10.el8.x86_64                           36/199 
  Running scriptlet: gmp-1:6.1.2-10.el8.x86_64                           36/199 
  Installing       : libcom_err-1.45.6-4.el8.x86_64                      37/199 
  Running scriptlet: libcom_err-1.45.6-4.el8.x86_64                      37/199 
  Installing       : libuuid-2.32.1-35.el8.x86_64                        38/199 
  Running scriptlet: libuuid-2.32.1-35.el8.x86_64                        38/199 
  Installing       : lua-libs-5.3.4-12.el8.x86_64                        39/199 
  Installing       : libidn2-2.2.0-1.el8.x86_64                          40/199 
  Installing       : chkconfig-1.19.1-1.el8.x86_64                       41/199 
  Installing       : libassuan-2.5.1-3.el8.x86_64                        42/199 
  Installing       : file-libs-5.33-20.el8.x86_64                        43/199 
  Installing       : json-c-0.13.1-3.el8.x86_64                          44/199 
  Installing       : libattr-2.4.48-3.el8.x86_64                         45/199 
  Installing       : libacl-2.2.53-1.el8.x86_64                          46/199 
  Installing       : sed-4.5-5.el8.x86_64                                47/199 
  Running scriptlet: sed-4.5-5.el8.x86_64                                47/199 
install-info: No such file or directory for /dev/null

  Installing       : libsmartcols-2.32.1-35.el8.x86_64                   48/199 
  Running scriptlet: libsmartcols-2.32.1-35.el8.x86_64                   48/199 
  Installing       : libstdc++-8.5.0-10.1.el8_6.x86_64                   49/199 
  Running scriptlet: libstdc++-8.5.0-10.1.el8_6.x86_64                   49/199 
  Installing       : libcap-ng-0.7.11-1.el8.x86_64                       50/199 
  Installing       : audit-libs-3.0.7-2.el8.2.x86_64                     51/199 
  Installing       : libffi-3.1-23.el8.x86_64                            52/199 
  Installing       : p11-kit-0.23.22-1.el8.x86_64                        53/199 
  Installing       : lz4-libs-1.8.3-3.el8_4.x86_64                       54/199 
  Installing       : findutils-1:4.6.0-20.el8.x86_64                     55/199 
  Running scriptlet: findutils-1:4.6.0-20.el8.x86_64                     55/199 
  Installing       : libgomp-8.5.0-10.1.el8_6.x86_64                     56/199 
  Running scriptlet: libgomp-8.5.0-10.1.el8_6.x86_64                     56/199 
  Installing       : libksba-1.3.5-7.el8.x86_64                          57/199 
  Installing       : grub2-common-1:2.02-123.el8.noarch                  58/199 
  Installing       : gdbm-libs-1:1.18-1.el8.x86_64                       59/199 
  Installing       : keyutils-libs-1.5.10-9.el8.x86_64                   60/199 
  Installing       : libtasn1-4.13-3.el8.x86_64                          61/199 
  Running scriptlet: libtasn1-4.13-3.el8.x86_64                          61/199 
  Installing       : p11-kit-trust-0.23.22-1.el8.x86_64                  62/199 
  Running scriptlet: p11-kit-trust-0.23.22-1.el8.x86_64                  62/199 
  Installing       : pcre-8.42-6.el8.x86_64                              63/199 
  Installing       : grep-3.1-6.el8.x86_64                               64/199 
  Running scriptlet: grep-3.1-6.el8.x86_64                               64/199 
  Installing       : xz-5.2.4-4.el8_6.x86_64                             65/199 
  Installing       : gdbm-1:1.18-1.el8.x86_64                            66/199 
  Installing       : libsemanage-2.9-8.el8.x86_64                        67/199 
  Installing       : acl-2.2.53-1.el8.x86_64                             68/199 
  Installing       : file-5.33-20.el8.x86_64                             69/199 
  Installing       : libpsl-0.20.2-6.el8.x86_64                          70/199 
  Installing       : mpfr-3.1.6-1.el8.x86_64                             71/199 
  Running scriptlet: mpfr-3.1.6-1.el8.x86_64                             71/199 
  Installing       : nettle-3.4.1-7.el8.x86_64                           72/199 
  Running scriptlet: nettle-3.4.1-7.el8.x86_64                           72/199 
  Installing       : libcomps-0.1.18-1.el8.x86_64                        73/199 
  Installing       : coreutils-common-8.30-12.el8.x86_64                 74/199 
  Running scriptlet: coreutils-common-8.30-12.el8.x86_64                 74/199 
  Installing       : diffutils-3.6-6.el8.x86_64                          75/199 
  Running scriptlet: diffutils-3.6-6.el8.x86_64                          75/199 
  Installing       : pigz-2.4-4.el8.x86_64                               76/199 
  Installing       : memstrack-0.1.11-1.el8.x86_64                       77/199 
  Installing       : brotli-1.0.6-3.el8.x86_64                           78/199 
  Installing       : cpio-2.12-11.el8.x86_64                             79/199 
  Installing       : hardlink-1:1.3-6.el8.x86_64                         80/199 
  Installing       : libnghttp2-1.33.0-3.el8_2.1.x86_64                  81/199 
  Installing       : libseccomp-2.5.2-1.el8.x86_64                       82/199 
  Running scriptlet: libseccomp-2.5.2-1.el8.x86_64                       82/199 
  Installing       : libsigsegv-2.11-5.el8.x86_64                        83/199 
  Installing       : gawk-4.2.1-4.el8.x86_64                             84/199 
  Installing       : libverto-0.3.0-5.el8.x86_64                         85/199 
  Installing       : libyaml-0.1.7-5.el8.x86_64                          86/199 
  Installing       : ncurses-6.1-9.20180224.el8.x86_64                   87/199 
  Installing       : npth-1.5-4.el8.x86_64                               88/199 
  Installing       : libssh-config-0.9.6-3.el8.noarch                    89/199 
  Installing       : libreport-filesystem-2.9.5-15.el8.x86_64            90/199 
  Installing       : dnf-data-4.7.0-8.el8.noarch                         91/199 
  Installing       : kbd-misc-2.0.4-10.el8.noarch                        92/199 
  Installing       : kbd-legacy-2.0.4-10.el8.noarch                      93/199 
  Installing       : xkeyboard-config-2.28-1.el8.noarch                  94/199 
  Installing       : libxkbcommon-0.9.1-1.el8.x86_64                     95/199 
  Installing       : cyrus-sasl-lib-2.1.27-6.el8_5.x86_64                96/199 
  Running scriptlet: cyrus-sasl-lib-2.1.27-6.el8_5.x86_64                96/199 
  Installing       : platform-python-pip-9.0.3-22.el8.noarch             97/199 
  Installing       : platform-python-setuptools-39.2.0-6.el8.noarch      98/199 
  Installing       : python3-libs-3.6.8-45.el8.x86_64                    99/199 
  Installing       : grub2-tools-minimal-1:2.02-123.el8.x86_64          100/199 
  Installing       : libssh-0.9.6-3.el8.x86_64                          101/199 
  Installing       : openldap-2.4.46-18.el8.x86_64                      102/199 
  Installing       : platform-python-3.6.8-45.el8.x86_64                103/199 
  Running scriptlet: platform-python-3.6.8-45.el8.x86_64                103/199 
  Installing       : grubby-8.40-42.el8.x86_64                          104/199 
  Installing       : libkcapi-1.2.0-2.el8.x86_64                        105/199 
  Installing       : libkcapi-hmaccalc-1.2.0-2.el8.x86_64               106/199 
  Installing       : libarchive-3.3.3-3.el8_5.x86_64                    107/199 
  Installing       : libdb-utils-5.3.28-42.el8_4.x86_64                 108/199 
  Installing       : curl-7.61.1-22.el8_6.3.x86_64                      109/199 
  Installing       : libcurl-7.61.1-22.el8_6.3.x86_64                   110/199 
  Installing       : openssl-1:1.1.1k-6.el8_5.x86_64                    111/199 
  Installing       : crypto-policies-scripts-20211116-1.gitae470d6.el   112/199 
  Installing       : crypto-policies-20211116-1.gitae470d6.el8.noarch   113/199 
  Running scriptlet: crypto-policies-20211116-1.gitae470d6.el8.noarch   113/199 
  Installing       : elfutils-default-yama-scope-0.186-1.el8.noarch     114/199 
  Running scriptlet: elfutils-default-yama-scope-0.186-1.el8.noarch     114/199 
  Installing       : gzip-1.9-13.el8_5.x86_64                           115/199 
  Running scriptlet: gzip-1.9-13.el8_5.x86_64                           115/199 
  Installing       : cracklib-2.9.6-15.el8.x86_64                       116/199 
  Installing       : cracklib-dicts-2.9.6-15.el8.x86_64                 117/199 
  Installing       : procps-ng-3.3.15-6.el8.x86_64                      118/199 
  Installing       : krb5-libs-1.18.2-14.el8.x86_64                     119/199 
  Installing       : libtirpc-1.1.4-6.el8.x86_64                        120/199 
  Running scriptlet: libtirpc-1.1.4-6.el8.x86_64                        120/199 
  Installing       : libnsl2-1.2.0-2.20180605git4a062cf.el8.x86_64      121/199 
  Running scriptlet: libnsl2-1.2.0-2.20180605git4a062cf.el8.x86_64      121/199 
  Installing       : kpartx-0.8.4-22.el8.x86_64                         122/199 
  Installing       : device-mapper-8:1.02.181-3.el8.x86_64              123/199 
  Installing       : elfutils-debuginfod-client-0.186-1.el8.x86_64      124/199 
  Installing       : elfutils-libs-0.186-1.el8.x86_64                   125/199 
  Installing       : openssl-pkcs11-0.4.10-2.el8.x86_64                 126/199 
  Installing       : rpm-4.14.3-23.el8.x86_64                           127/199 
  Installing       : gettext-libs-0.19.8.1-17.el8.x86_64                128/199 
  Installing       : libcroco-0.6.12-4.el8_2.1.x86_64                   129/199 
  Running scriptlet: libcroco-0.6.12-4.el8_2.1.x86_64                   129/199 
  Installing       : dbus-common-1:1.12.8-18.el8.noarch                 130/199 
  Installing       : libfdisk-2.32.1-35.el8.x86_64                      131/199 
  Running scriptlet: libfdisk-2.32.1-35.el8.x86_64                      131/199 
  Installing       : libmount-2.32.1-35.el8.x86_64                      132/199 
  Running scriptlet: libmount-2.32.1-35.el8.x86_64                      132/199 
  Installing       : dbus-libs-1:1.12.8-18.el8.x86_64                   133/199 
  Running scriptlet: dbus-libs-1:1.12.8-18.el8.x86_64                   133/199 
  Installing       : dbus-tools-1:1.12.8-18.el8.x86_64                  134/199 
  Installing       : which-2.21-17.el8.x86_64                           135/199 
  Installing       : coreutils-8.30-12.el8.x86_64                       136/199 
  Installing       : systemd-libs-239-58.el8.x86_64                     137/199 
  Running scriptlet: systemd-libs-239-58.el8.x86_64                     137/199 
  Installing       : libblkid-2.32.1-35.el8.x86_64                      138/199 
  Running scriptlet: libblkid-2.32.1-35.el8.x86_64                      138/199 
  Installing       : shadow-utils-2:4.6-16.el8.x86_64                   139/199 
  Installing       : device-mapper-libs-8:1.02.181-3.el8.x86_64         140/199 
  Running scriptlet: ca-certificates-2021.2.50-80.0.el8_4.noarch        141/199 
  Installing       : ca-certificates-2021.2.50-80.0.el8_4.noarch        141/199 
  Running scriptlet: ca-certificates-2021.2.50-80.0.el8_4.noarch        141/199 
  Installing       : openssl-libs-1:1.1.1k-6.el8_5.x86_64               142/199 
  Running scriptlet: openssl-libs-1:1.1.1k-6.el8_5.x86_64               142/199 
  Installing       : libdb-5.3.28-42.el8_4.x86_64                       143/199 
  Running scriptlet: libdb-5.3.28-42.el8_4.x86_64                       143/199 
  Installing       : rpm-libs-4.14.3-23.el8.x86_64                      144/199 
  Running scriptlet: rpm-libs-4.14.3-23.el8.x86_64                      144/199 
  Installing       : kmod-25-19.el8.x86_64                              145/199 
  Installing       : kmod-libs-25-19.el8.x86_64                         146/199 
  Running scriptlet: kmod-libs-25-19.el8.x86_64                         146/199 
  Installing       : cryptsetup-libs-2.3.7-2.el8.x86_64                 147/199 
  Running scriptlet: cryptsetup-libs-2.3.7-2.el8.x86_64                 147/199 
  Installing       : trousers-lib-0.3.15-1.el8.x86_64                   148/199 
  Running scriptlet: trousers-lib-0.3.15-1.el8.x86_64                   148/199 
  Running scriptlet: dbus-daemon-1:1.12.8-18.el8.x86_64                 149/199 
  Installing       : dbus-daemon-1:1.12.8-18.el8.x86_64                 149/199 
  Running scriptlet: dbus-daemon-1:1.12.8-18.el8.x86_64                 149/199 
  Running scriptlet: libutempter-1.1.6-14.el8.x86_64                    150/199 
  Installing       : libutempter-1.1.6-14.el8.x86_64                    150/199 
  Installing       : kbd-2.0.4-10.el8.x86_64                            151/199 
  Installing       : libpwquality-1.4.4-3.el8.x86_64                    152/199 
  Installing       : pam-1.3.1-16.el8.x86_64                            153/199 
  Running scriptlet: pam-1.3.1-16.el8.x86_64                            153/199 
  Installing       : util-linux-2.32.1-35.el8.x86_64                    154/199 
  Running scriptlet: util-linux-2.32.1-35.el8.x86_64                    154/199 
  Installing       : systemd-pam-239-58.el8.x86_64                      155/199 
  Installing       : dracut-049-202.git20220511.el8_6.x86_64            156/199 
  Installing       : os-prober-1.74-9.el8.x86_64                        157/199 
  Installing       : gettext-0.19.8.1-17.el8.x86_64                     158/199 
  Running scriptlet: gettext-0.19.8.1-17.el8.x86_64                     158/199 
  Running scriptlet: grub2-tools-1:2.02-123.el8.x86_64                  159/199 
  Installing       : grub2-tools-1:2.02-123.el8.x86_64                  159/199 
  Running scriptlet: grub2-tools-1:2.02-123.el8.x86_64                  159/199 
  Installing       : glib2-2.56.4-158.el8.x86_64                        160/199 
  Installing       : shared-mime-info-1.9-3.el8.x86_64                  161/199 
  Running scriptlet: shared-mime-info-1.9-3.el8.x86_64                  161/199 
  Installing       : gnutls-3.6.16-4.el8.x86_64                         162/199 
  Installing       : dbus-1:1.12.8-18.el8.x86_64                        163/199 
  Running scriptlet: systemd-239-58.el8.x86_64                          164/199 
  Installing       : systemd-239-58.el8.x86_64                          164/199 
  Running scriptlet: systemd-239-58.el8.x86_64                          164/199 
  Installing       : systemd-udev-239-58.el8.x86_64                     165/199 
  Running scriptlet: systemd-udev-239-58.el8.x86_64                     165/199 
Failed to open /dev/urandom: No such file or directory

  Running scriptlet: trousers-0.3.15-1.el8.x86_64                       166/199 
  Installing       : trousers-0.3.15-1.el8.x86_64                       166/199 
  Running scriptlet: trousers-0.3.15-1.el8.x86_64                       166/199 
  Installing       : libmodulemd-2.13.0-1.el8.x86_64                    167/199 
  Installing       : libsolv-0.7.20-1.el8.x86_64                        168/199 
  Installing       : libevent-2.1.8-5.el8.x86_64                        169/199 
  Running scriptlet: unbound-libs-1.7.3-17.el8.x86_64                   170/199 
  Installing       : unbound-libs-1.7.3-17.el8.x86_64                   170/199 
  Running scriptlet: unbound-libs-1.7.3-17.el8.x86_64                   170/199 
  Installing       : python3-unbound-1.7.3-17.el8.x86_64                171/199 
  Installing       : dbus-glib-0.110-2.el8.x86_64                       172/199 
  Running scriptlet: dbus-glib-0.110-2.el8.x86_64                       172/199 
  Installing       : python3-dbus-1.2.4-15.el8.x86_64                   173/199 
  Installing       : libsecret-0.18.6-1.el8.x86_64                      174/199 
  Installing       : pinentry-1.1.0-2.el8.x86_64                        175/199 
  Running scriptlet: pinentry-1.1.0-2.el8.x86_64                        175/199 
  Installing       : rpm-plugin-systemd-inhibit-4.14.3-23.el8.x86_64    176/199 
  Running scriptlet: tpm2-tss-2.3.2-4.el8.x86_64                        177/199 
  Installing       : tpm2-tss-2.3.2-4.el8.x86_64                        177/199 
  Running scriptlet: tpm2-tss-2.3.2-4.el8.x86_64                        177/199 
  Installing       : ima-evm-utils-1.3.2-12.el8.x86_64                  178/199 
  Installing       : libusbx-1.0.23-4.el8.x86_64                        179/199 
  Installing       : gnupg2-smime-2.2.20-2.el8.x86_64                   180/199 
  Installing       : gnupg2-2.2.20-2.el8.x86_64                         181/199 
  Installing       : gpgme-1.13.1-11.el8.x86_64                         182/199 
  Installing       : librepo-1.14.2-1.el8.x86_64                        183/199 
  Installing       : libdnf-0.63.0-8.el8.x86_64                         184/199 
  Installing       : python3-libdnf-0.63.0-8.el8.x86_64                 185/199 
  Installing       : python3-hawkey-0.63.0-8.el8.x86_64                 186/199 
  Installing       : python3-gpg-1.13.1-11.el8.x86_64                   187/199 
  Installing       : rpm-build-libs-4.14.3-23.el8.x86_64                188/199 
  Running scriptlet: rpm-build-libs-4.14.3-23.el8.x86_64                188/199 
  Installing       : python3-rpm-4.14.3-23.el8.x86_64                   189/199 
  Installing       : python3-libcomps-0.1.18-1.el8.x86_64               190/199 
  Installing       : python3-dnf-4.7.0-8.el8.noarch                     191/199 
  Installing       : dnf-4.7.0-8.el8.noarch                             192/199 
  Running scriptlet: dnf-4.7.0-8.el8.noarch                             192/199 
  Installing       : python3-six-1.11.0-8.el8.noarch                    193/199 
  Installing       : python3-dateutil-1:2.6.1-6.el8.noarch              194/199 
  Installing       : python3-dnf-plugins-core-4.0.21-11.el8.noarch      195/199 
  Installing       : dnf-plugins-core-4.0.21-11.el8.noarch              196/199 
  Installing       : yum-utils-4.0.21-11.el8.noarch                     197/199 
  Installing       : sles_es-presets-1-1.el8.x86_64                     198/199 
  Running scriptlet: sles_es-presets-1-1.el8.x86_64                     198/199 
  Installing       : sles_es-rpm-macros-1-2.el8.noarch                  199/199 
  Running scriptlet: filesystem-3.8-6.el8.x86_64                        199/199 
  Running scriptlet: glibc-all-langpacks-2.28-189.5.el8_6.x86_64        199/199 
  Running scriptlet: crypto-policies-scripts-20211116-1.gitae470d6.el   199/199 
  Running scriptlet: ca-certificates-2021.2.50-80.0.el8_4.noarch        199/199 
  Running scriptlet: sles_es-rpm-macros-1-2.el8.noarch                  199/199 
  Verifying        : libxkbcommon-0.9.1-1.el8.x86_64                      1/199 
  Verifying        : libzstd-1.4.4-1.el8.x86_64                           2/199 
  Verifying        : memstrack-0.1.11-1.el8.x86_64                        3/199 
  Verifying        : pinentry-1.1.0-2.el8.x86_64                          4/199 
  Verifying        : python3-unbound-1.7.3-17.el8.x86_64                  5/199 
  Verifying        : unbound-libs-1.7.3-17.el8.x86_64                     6/199 
  Verifying        : xkeyboard-config-2.28-1.el8.noarch                   7/199 
  Verifying        : acl-2.2.53-1.el8.x86_64                              8/199 
  Verifying        : audit-libs-3.0.7-2.el8.2.x86_64                      9/199 
  Verifying        : basesystem-11-5.el8.noarch                          10/199 
  Verifying        : bash-4.4.20-3.el8.x86_64                            11/199 
  Verifying        : brotli-1.0.6-3.el8.x86_64                           12/199 
  Verifying        : bzip2-libs-1.0.6-26.el8.x86_64                      13/199 
  Verifying        : ca-certificates-2021.2.50-80.0.el8_4.noarch         14/199 
  Verifying        : chkconfig-1.19.1-1.el8.x86_64                       15/199 
  Verifying        : coreutils-8.30-12.el8.x86_64                        16/199 
  Verifying        : coreutils-common-8.30-12.el8.x86_64                 17/199 
  Verifying        : cpio-2.12-11.el8.x86_64                             18/199 
  Verifying        : cracklib-2.9.6-15.el8.x86_64                        19/199 
  Verifying        : cracklib-dicts-2.9.6-15.el8.x86_64                  20/199 
  Verifying        : crypto-policies-20211116-1.gitae470d6.el8.noarch    21/199 
  Verifying        : crypto-policies-scripts-20211116-1.gitae470d6.el    22/199 
  Verifying        : cryptsetup-libs-2.3.7-2.el8.x86_64                  23/199 
  Verifying        : curl-7.61.1-22.el8_6.3.x86_64                       24/199 
  Verifying        : cyrus-sasl-lib-2.1.27-6.el8_5.x86_64                25/199 
  Verifying        : dbus-1:1.12.8-18.el8.x86_64                         26/199 
  Verifying        : dbus-common-1:1.12.8-18.el8.noarch                  27/199 
  Verifying        : dbus-daemon-1:1.12.8-18.el8.x86_64                  28/199 
  Verifying        : dbus-glib-0.110-2.el8.x86_64                        29/199 
  Verifying        : dbus-libs-1:1.12.8-18.el8.x86_64                    30/199 
  Verifying        : dbus-tools-1:1.12.8-18.el8.x86_64                   31/199 
  Verifying        : device-mapper-8:1.02.181-3.el8.x86_64               32/199 
  Verifying        : device-mapper-libs-8:1.02.181-3.el8.x86_64          33/199 
  Verifying        : diffutils-3.6-6.el8.x86_64                          34/199 
  Verifying        : dnf-4.7.0-8.el8.noarch                              35/199 
  Verifying        : dnf-data-4.7.0-8.el8.noarch                         36/199 
  Verifying        : dnf-plugins-core-4.0.21-11.el8.noarch               37/199 
  Verifying        : dracut-049-202.git20220511.el8_6.x86_64             38/199 
  Verifying        : elfutils-debuginfod-client-0.186-1.el8.x86_64       39/199 
  Verifying        : elfutils-default-yama-scope-0.186-1.el8.noarch      40/199 
  Verifying        : elfutils-libelf-0.186-1.el8.x86_64                  41/199 
  Verifying        : elfutils-libs-0.186-1.el8.x86_64                    42/199 
  Verifying        : expat-2.2.5-8.el8_6.2.x86_64                        43/199 
  Verifying        : file-5.33-20.el8.x86_64                             44/199 
  Verifying        : file-libs-5.33-20.el8.x86_64                        45/199 
  Verifying        : filesystem-3.8-6.el8.x86_64                         46/199 
  Verifying        : findutils-1:4.6.0-20.el8.x86_64                     47/199 
  Verifying        : gawk-4.2.1-4.el8.x86_64                             48/199 
  Verifying        : gdbm-1:1.18-1.el8.x86_64                            49/199 
  Verifying        : gdbm-libs-1:1.18-1.el8.x86_64                       50/199 
  Verifying        : gettext-0.19.8.1-17.el8.x86_64                      51/199 
  Verifying        : gettext-libs-0.19.8.1-17.el8.x86_64                 52/199 
  Verifying        : glib2-2.56.4-158.el8.x86_64                         53/199 
  Verifying        : glibc-2.28-189.5.el8_6.x86_64                       54/199 
  Verifying        : glibc-all-langpacks-2.28-189.5.el8_6.x86_64         55/199 
  Verifying        : glibc-common-2.28-189.5.el8_6.x86_64                56/199 
  Verifying        : glibc-gconv-extra-2.28-189.5.el8_6.x86_64           57/199 
  Verifying        : gmp-1:6.1.2-10.el8.x86_64                           58/199 
  Verifying        : gnupg2-2.2.20-2.el8.x86_64                          59/199 
  Verifying        : gnupg2-smime-2.2.20-2.el8.x86_64                    60/199 
  Verifying        : gnutls-3.6.16-4.el8.x86_64                          61/199 
  Verifying        : gpgme-1.13.1-11.el8.x86_64                          62/199 
  Verifying        : grep-3.1-6.el8.x86_64                               63/199 
  Verifying        : grub2-common-1:2.02-123.el8.noarch                  64/199 
  Verifying        : grub2-tools-1:2.02-123.el8.x86_64                   65/199 
  Verifying        : grub2-tools-minimal-1:2.02-123.el8.x86_64           66/199 
  Verifying        : grubby-8.40-42.el8.x86_64                           67/199 
  Verifying        : gzip-1.9-13.el8_5.x86_64                            68/199 
  Verifying        : hardlink-1:1.3-6.el8.x86_64                         69/199 
  Verifying        : ima-evm-utils-1.3.2-12.el8.x86_64                   70/199 
  Verifying        : info-6.5-7.el8.x86_64                               71/199 
  Verifying        : json-c-0.13.1-3.el8.x86_64                          72/199 
  Verifying        : kbd-2.0.4-10.el8.x86_64                             73/199 
  Verifying        : kbd-legacy-2.0.4-10.el8.noarch                      74/199 
  Verifying        : kbd-misc-2.0.4-10.el8.noarch                        75/199 
  Verifying        : keyutils-libs-1.5.10-9.el8.x86_64                   76/199 
  Verifying        : kmod-25-19.el8.x86_64                               77/199 
  Verifying        : kmod-libs-25-19.el8.x86_64                          78/199 
  Verifying        : kpartx-0.8.4-22.el8.x86_64                          79/199 
  Verifying        : krb5-libs-1.18.2-14.el8.x86_64                      80/199 
  Verifying        : libacl-2.2.53-1.el8.x86_64                          81/199 
  Verifying        : libarchive-3.3.3-3.el8_5.x86_64                     82/199 
  Verifying        : libassuan-2.5.1-3.el8.x86_64                        83/199 
  Verifying        : libattr-2.4.48-3.el8.x86_64                         84/199 
  Verifying        : libblkid-2.32.1-35.el8.x86_64                       85/199 
  Verifying        : libcap-2.48-2.el8.x86_64                            86/199 
  Verifying        : libcap-ng-0.7.11-1.el8.x86_64                       87/199 
  Verifying        : libcom_err-1.45.6-4.el8.x86_64                      88/199 
  Verifying        : libcomps-0.1.18-1.el8.x86_64                        89/199 
  Verifying        : libcroco-0.6.12-4.el8_2.1.x86_64                    90/199 
  Verifying        : libcurl-7.61.1-22.el8_6.3.x86_64                    91/199 
  Verifying        : libdb-5.3.28-42.el8_4.x86_64                        92/199 
  Verifying        : libdb-utils-5.3.28-42.el8_4.x86_64                  93/199 
  Verifying        : libdnf-0.63.0-8.el8.x86_64                          94/199 
  Verifying        : libevent-2.1.8-5.el8.x86_64                         95/199 
  Verifying        : libfdisk-2.32.1-35.el8.x86_64                       96/199 
  Verifying        : libffi-3.1-23.el8.x86_64                            97/199 
  Verifying        : libgcc-8.5.0-10.1.el8_6.x86_64                      98/199 
  Verifying        : libgcrypt-1.8.5-7.el8_6.x86_64                      99/199 
  Verifying        : libgomp-8.5.0-10.1.el8_6.x86_64                    100/199 
  Verifying        : libgpg-error-1.31-1.el8.x86_64                     101/199 
  Verifying        : libidn2-2.2.0-1.el8.x86_64                         102/199 
  Verifying        : libkcapi-1.2.0-2.el8.x86_64                        103/199 
  Verifying        : libkcapi-hmaccalc-1.2.0-2.el8.x86_64               104/199 
  Verifying        : libksba-1.3.5-7.el8.x86_64                         105/199 
  Verifying        : libmodulemd-2.13.0-1.el8.x86_64                    106/199 
  Verifying        : libmount-2.32.1-35.el8.x86_64                      107/199 
  Verifying        : libnghttp2-1.33.0-3.el8_2.1.x86_64                 108/199 
  Verifying        : libnsl2-1.2.0-2.20180605git4a062cf.el8.x86_64      109/199 
  Verifying        : libpsl-0.20.2-6.el8.x86_64                         110/199 
  Verifying        : libpwquality-1.4.4-3.el8.x86_64                    111/199 
  Verifying        : librepo-1.14.2-1.el8.x86_64                        112/199 
  Verifying        : libreport-filesystem-2.9.5-15.el8.x86_64           113/199 
  Verifying        : libseccomp-2.5.2-1.el8.x86_64                      114/199 
  Verifying        : libsecret-0.18.6-1.el8.x86_64                      115/199 
  Verifying        : libselinux-2.9-5.el8.x86_64                        116/199 
  Verifying        : libsemanage-2.9-8.el8.x86_64                       117/199 
  Verifying        : libsepol-2.9-3.el8.x86_64                          118/199 
  Verifying        : libsigsegv-2.11-5.el8.x86_64                       119/199 
  Verifying        : libsmartcols-2.32.1-35.el8.x86_64                  120/199 
  Verifying        : libsolv-0.7.20-1.el8.x86_64                        121/199 
  Verifying        : libssh-0.9.6-3.el8.x86_64                          122/199 
  Verifying        : libssh-config-0.9.6-3.el8.noarch                   123/199 
  Verifying        : libstdc++-8.5.0-10.1.el8_6.x86_64                  124/199 
  Verifying        : libtasn1-4.13-3.el8.x86_64                         125/199 
  Verifying        : libtirpc-1.1.4-6.el8.x86_64                        126/199 
  Verifying        : libunistring-0.9.9-3.el8.x86_64                    127/199 
  Verifying        : libusbx-1.0.23-4.el8.x86_64                        128/199 
  Verifying        : libutempter-1.1.6-14.el8.x86_64                    129/199 
  Verifying        : libuuid-2.32.1-35.el8.x86_64                       130/199 
  Verifying        : libverto-0.3.0-5.el8.x86_64                        131/199 
  Verifying        : libxcrypt-4.1.1-6.el8.x86_64                       132/199 
  Verifying        : libxml2-2.9.7-13.el8.x86_64                        133/199 
  Verifying        : libyaml-0.1.7-5.el8.x86_64                         134/199 
  Verifying        : lua-libs-5.3.4-12.el8.x86_64                       135/199 
  Verifying        : lz4-libs-1.8.3-3.el8_4.x86_64                      136/199 
  Verifying        : mpfr-3.1.6-1.el8.x86_64                            137/199 
  Verifying        : ncurses-6.1-9.20180224.el8.x86_64                  138/199 
  Verifying        : ncurses-base-6.1-9.20180224.el8.noarch             139/199 
  Verifying        : ncurses-libs-6.1-9.20180224.el8.x86_64             140/199 
  Verifying        : nettle-3.4.1-7.el8.x86_64                          141/199 
  Verifying        : npth-1.5-4.el8.x86_64                              142/199 
  Verifying        : openldap-2.4.46-18.el8.x86_64                      143/199 
  Verifying        : openssl-1:1.1.1k-6.el8_5.x86_64                    144/199 
  Verifying        : openssl-libs-1:1.1.1k-6.el8_5.x86_64               145/199 
  Verifying        : openssl-pkcs11-0.4.10-2.el8.x86_64                 146/199 
  Verifying        : os-prober-1.74-9.el8.x86_64                        147/199 
  Verifying        : p11-kit-0.23.22-1.el8.x86_64                       148/199 
  Verifying        : p11-kit-trust-0.23.22-1.el8.x86_64                 149/199 
  Verifying        : pam-1.3.1-16.el8.x86_64                            150/199 
  Verifying        : pcre-8.42-6.el8.x86_64                             151/199 
  Verifying        : pcre2-10.32-2.el8.x86_64                           152/199 
  Verifying        : pigz-2.4-4.el8.x86_64                              153/199 
  Verifying        : platform-python-3.6.8-45.el8.x86_64                154/199 
  Verifying        : platform-python-pip-9.0.3-22.el8.noarch            155/199 
  Verifying        : platform-python-setuptools-39.2.0-6.el8.noarch     156/199 
  Verifying        : popt-1.18-1.el8.x86_64                             157/199 
  Verifying        : procps-ng-3.3.15-6.el8.x86_64                      158/199 
  Verifying        : publicsuffix-list-dafsa-20180723-1.el8.noarch      159/199 
  Verifying        : python3-dateutil-1:2.6.1-6.el8.noarch              160/199 
  Verifying        : python3-dbus-1.2.4-15.el8.x86_64                   161/199 
  Verifying        : python3-dnf-4.7.0-8.el8.noarch                     162/199 
  Verifying        : python3-dnf-plugins-core-4.0.21-11.el8.noarch      163/199 
  Verifying        : python3-gpg-1.13.1-11.el8.x86_64                   164/199 
  Verifying        : python3-hawkey-0.63.0-8.el8.x86_64                 165/199 
  Verifying        : python3-libcomps-0.1.18-1.el8.x86_64               166/199 
  Verifying        : python3-libdnf-0.63.0-8.el8.x86_64                 167/199 
  Verifying        : python3-libs-3.6.8-45.el8.x86_64                   168/199 
  Verifying        : python3-pip-wheel-9.0.3-22.el8.noarch              169/199 
  Verifying        : python3-rpm-4.14.3-23.el8.x86_64                   170/199 
  Verifying        : python3-setuptools-wheel-39.2.0-6.el8.noarch       171/199 
  Verifying        : python3-six-1.11.0-8.el8.noarch                    172/199 
  Verifying        : readline-7.0-10.el8.x86_64                         173/199 
  Verifying        : rpm-4.14.3-23.el8.x86_64                           174/199 
  Verifying        : rpm-build-libs-4.14.3-23.el8.x86_64                175/199 
  Verifying        : rpm-libs-4.14.3-23.el8.x86_64                      176/199 
  Verifying        : rpm-plugin-systemd-inhibit-4.14.3-23.el8.x86_64    177/199 
  Verifying        : sed-4.5-5.el8.x86_64                               178/199 
  Verifying        : setup-2.12.2-6.el8.noarch                          179/199 
  Verifying        : shadow-utils-2:4.6-16.el8.x86_64                   180/199 
  Verifying        : shared-mime-info-1.9-3.el8.x86_64                  181/199 
  Verifying        : sles_es-release-8.6-0.2.el8.x86_64                 182/199 
  Verifying        : sqlite-libs-3.26.0-15.el8.x86_64                   183/199 
  Verifying        : systemd-239-58.el8.x86_64                          184/199 
  Verifying        : systemd-libs-239-58.el8.x86_64                     185/199 
  Verifying        : systemd-pam-239-58.el8.x86_64                      186/199 
  Verifying        : systemd-udev-239-58.el8.x86_64                     187/199 
  Verifying        : tpm2-tss-2.3.2-4.el8.x86_64                        188/199 
  Verifying        : trousers-0.3.15-1.el8.x86_64                       189/199 
  Verifying        : trousers-lib-0.3.15-1.el8.x86_64                   190/199 
  Verifying        : tzdata-2022a-1.el8.noarch                          191/199 
  Verifying        : util-linux-2.32.1-35.el8.x86_64                    192/199 
  Verifying        : which-2.21-17.el8.x86_64                           193/199 
  Verifying        : xz-5.2.4-4.el8_6.x86_64                            194/199 
  Verifying        : xz-libs-5.2.4-4.el8_6.x86_64                       195/199 
  Verifying        : yum-utils-4.0.21-11.el8.noarch                     196/199 
  Verifying        : zlib-1.2.11-18.el8_5.x86_64                        197/199 
  Verifying        : sles_es-rpm-macros-1-2.el8.noarch                  198/199 
  Verifying        : sles_es-presets-1-1.el8.x86_64                     199/199 

Installed:
  acl-2.2.53-1.el8.x86_64                                                       
  audit-libs-3.0.7-2.el8.2.x86_64                                               
  basesystem-11-5.el8.noarch                                                    
  bash-4.4.20-3.el8.x86_64                                                      
  brotli-1.0.6-3.el8.x86_64                                                     
  bzip2-libs-1.0.6-26.el8.x86_64                                                
  ca-certificates-2021.2.50-80.0.el8_4.noarch                                   
  chkconfig-1.19.1-1.el8.x86_64                                                 
  coreutils-8.30-12.el8.x86_64                                                  
  coreutils-common-8.30-12.el8.x86_64                                           
  cpio-2.12-11.el8.x86_64                                                       
  cracklib-2.9.6-15.el8.x86_64                                                  
  cracklib-dicts-2.9.6-15.el8.x86_64                                            
  crypto-policies-20211116-1.gitae470d6.el8.noarch                              
  crypto-policies-scripts-20211116-1.gitae470d6.el8.noarch                      
  cryptsetup-libs-2.3.7-2.el8.x86_64                                            
  curl-7.61.1-22.el8_6.3.x86_64                                                 
  cyrus-sasl-lib-2.1.27-6.el8_5.x86_64                                          
  dbus-1:1.12.8-18.el8.x86_64                                                   
  dbus-common-1:1.12.8-18.el8.noarch                                            
  dbus-daemon-1:1.12.8-18.el8.x86_64                                            
  dbus-glib-0.110-2.el8.x86_64                                                  
  dbus-libs-1:1.12.8-18.el8.x86_64                                              
  dbus-tools-1:1.12.8-18.el8.x86_64                                             
  device-mapper-8:1.02.181-3.el8.x86_64                                         
  device-mapper-libs-8:1.02.181-3.el8.x86_64                                    
  diffutils-3.6-6.el8.x86_64                                                    
  dnf-4.7.0-8.el8.noarch                                                        
  dnf-data-4.7.0-8.el8.noarch                                                   
  dnf-plugins-core-4.0.21-11.el8.noarch                                         
  dracut-049-202.git20220511.el8_6.x86_64                                       
  elfutils-debuginfod-client-0.186-1.el8.x86_64                                 
  elfutils-default-yama-scope-0.186-1.el8.noarch                                
  elfutils-libelf-0.186-1.el8.x86_64                                            
  elfutils-libs-0.186-1.el8.x86_64                                              
  expat-2.2.5-8.el8_6.2.x86_64                                                  
  file-5.33-20.el8.x86_64                                                       
  file-libs-5.33-20.el8.x86_64                                                  
  filesystem-3.8-6.el8.x86_64                                                   
  findutils-1:4.6.0-20.el8.x86_64                                               
  gawk-4.2.1-4.el8.x86_64                                                       
  gdbm-1:1.18-1.el8.x86_64                                                      
  gdbm-libs-1:1.18-1.el8.x86_64                                                 
  gettext-0.19.8.1-17.el8.x86_64                                                
  gettext-libs-0.19.8.1-17.el8.x86_64                                           
  glib2-2.56.4-158.el8.x86_64                                                   
  glibc-2.28-189.5.el8_6.x86_64                                                 
  glibc-all-langpacks-2.28-189.5.el8_6.x86_64                                   
  glibc-common-2.28-189.5.el8_6.x86_64                                          
  glibc-gconv-extra-2.28-189.5.el8_6.x86_64                                     
  gmp-1:6.1.2-10.el8.x86_64                                                     
  gnupg2-2.2.20-2.el8.x86_64                                                    
  gnupg2-smime-2.2.20-2.el8.x86_64                                              
  gnutls-3.6.16-4.el8.x86_64                                                    
  gpgme-1.13.1-11.el8.x86_64                                                    
  grep-3.1-6.el8.x86_64                                                         
  grub2-common-1:2.02-123.el8.noarch                                            
  grub2-tools-1:2.02-123.el8.x86_64                                             
  grub2-tools-minimal-1:2.02-123.el8.x86_64                                     
  grubby-8.40-42.el8.x86_64                                                     
  gzip-1.9-13.el8_5.x86_64                                                      
  hardlink-1:1.3-6.el8.x86_64                                                   
  ima-evm-utils-1.3.2-12.el8.x86_64                                             
  info-6.5-7.el8.x86_64                                                         
  json-c-0.13.1-3.el8.x86_64                                                    
  kbd-2.0.4-10.el8.x86_64                                                       
  kbd-legacy-2.0.4-10.el8.noarch                                                
  kbd-misc-2.0.4-10.el8.noarch                                                  
  keyutils-libs-1.5.10-9.el8.x86_64                                             
  kmod-25-19.el8.x86_64                                                         
  kmod-libs-25-19.el8.x86_64                                                    
  kpartx-0.8.4-22.el8.x86_64                                                    
  krb5-libs-1.18.2-14.el8.x86_64                                                
  libacl-2.2.53-1.el8.x86_64                                                    
  libarchive-3.3.3-3.el8_5.x86_64                                               
  libassuan-2.5.1-3.el8.x86_64                                                  
  libattr-2.4.48-3.el8.x86_64                                                   
  libblkid-2.32.1-35.el8.x86_64                                                 
  libcap-2.48-2.el8.x86_64                                                      
  libcap-ng-0.7.11-1.el8.x86_64                                                 
  libcom_err-1.45.6-4.el8.x86_64                                                
  libcomps-0.1.18-1.el8.x86_64                                                  
  libcroco-0.6.12-4.el8_2.1.x86_64                                              
  libcurl-7.61.1-22.el8_6.3.x86_64                                              
  libdb-5.3.28-42.el8_4.x86_64                                                  
  libdb-utils-5.3.28-42.el8_4.x86_64                                            
  libdnf-0.63.0-8.el8.x86_64                                                    
  libevent-2.1.8-5.el8.x86_64                                                   
  libfdisk-2.32.1-35.el8.x86_64                                                 
  libffi-3.1-23.el8.x86_64                                                      
  libgcc-8.5.0-10.1.el8_6.x86_64                                                
  libgcrypt-1.8.5-7.el8_6.x86_64                                                
  libgomp-8.5.0-10.1.el8_6.x86_64                                               
  libgpg-error-1.31-1.el8.x86_64                                                
  libidn2-2.2.0-1.el8.x86_64                                                    
  libkcapi-1.2.0-2.el8.x86_64                                                   
  libkcapi-hmaccalc-1.2.0-2.el8.x86_64                                          
  libksba-1.3.5-7.el8.x86_64                                                    
  libmodulemd-2.13.0-1.el8.x86_64                                               
  libmount-2.32.1-35.el8.x86_64                                                 
  libnghttp2-1.33.0-3.el8_2.1.x86_64                                            
  libnsl2-1.2.0-2.20180605git4a062cf.el8.x86_64                                 
  libpsl-0.20.2-6.el8.x86_64                                                    
  libpwquality-1.4.4-3.el8.x86_64                                               
  librepo-1.14.2-1.el8.x86_64                                                   
  libreport-filesystem-2.9.5-15.el8.x86_64                                      
  libseccomp-2.5.2-1.el8.x86_64                                                 
  libsecret-0.18.6-1.el8.x86_64                                                 
  libselinux-2.9-5.el8.x86_64                                                   
  libsemanage-2.9-8.el8.x86_64                                                  
  libsepol-2.9-3.el8.x86_64                                                     
  libsigsegv-2.11-5.el8.x86_64                                                  
  libsmartcols-2.32.1-35.el8.x86_64                                             
  libsolv-0.7.20-1.el8.x86_64                                                   
  libssh-0.9.6-3.el8.x86_64                                                     
  libssh-config-0.9.6-3.el8.noarch                                              
  libstdc++-8.5.0-10.1.el8_6.x86_64                                             
  libtasn1-4.13-3.el8.x86_64                                                    
  libtirpc-1.1.4-6.el8.x86_64                                                   
  libunistring-0.9.9-3.el8.x86_64                                               
  libusbx-1.0.23-4.el8.x86_64                                                   
  libutempter-1.1.6-14.el8.x86_64                                               
  libuuid-2.32.1-35.el8.x86_64                                                  
  libverto-0.3.0-5.el8.x86_64                                                   
  libxcrypt-4.1.1-6.el8.x86_64                                                  
  libxkbcommon-0.9.1-1.el8.x86_64                                               
  libxml2-2.9.7-13.el8.x86_64                                                   
  libyaml-0.1.7-5.el8.x86_64                                                    
  libzstd-1.4.4-1.el8.x86_64                                                    
  lua-libs-5.3.4-12.el8.x86_64                                                  
  lz4-libs-1.8.3-3.el8_4.x86_64                                                 
  memstrack-0.1.11-1.el8.x86_64                                                 
  mpfr-3.1.6-1.el8.x86_64                                                       
  ncurses-6.1-9.20180224.el8.x86_64                                             
  ncurses-base-6.1-9.20180224.el8.noarch                                        
  ncurses-libs-6.1-9.20180224.el8.x86_64                                        
  nettle-3.4.1-7.el8.x86_64                                                     
  npth-1.5-4.el8.x86_64                                                         
  openldap-2.4.46-18.el8.x86_64                                                 
  openssl-1:1.1.1k-6.el8_5.x86_64                                               
  openssl-libs-1:1.1.1k-6.el8_5.x86_64                                          
  openssl-pkcs11-0.4.10-2.el8.x86_64                                            
  os-prober-1.74-9.el8.x86_64                                                   
  p11-kit-0.23.22-1.el8.x86_64                                                  
  p11-kit-trust-0.23.22-1.el8.x86_64                                            
  pam-1.3.1-16.el8.x86_64                                                       
  pcre-8.42-6.el8.x86_64                                                        
  pcre2-10.32-2.el8.x86_64                                                      
  pigz-2.4-4.el8.x86_64                                                         
  pinentry-1.1.0-2.el8.x86_64                                                   
  platform-python-3.6.8-45.el8.x86_64                                           
  platform-python-pip-9.0.3-22.el8.noarch                                       
  platform-python-setuptools-39.2.0-6.el8.noarch                                
  popt-1.18-1.el8.x86_64                                                        
  procps-ng-3.3.15-6.el8.x86_64                                                 
  publicsuffix-list-dafsa-20180723-1.el8.noarch                                 
  python3-dateutil-1:2.6.1-6.el8.noarch                                         
  python3-dbus-1.2.4-15.el8.x86_64                                              
  python3-dnf-4.7.0-8.el8.noarch                                                
  python3-dnf-plugins-core-4.0.21-11.el8.noarch                                 
  python3-gpg-1.13.1-11.el8.x86_64                                              
  python3-hawkey-0.63.0-8.el8.x86_64                                            
  python3-libcomps-0.1.18-1.el8.x86_64                                          
  python3-libdnf-0.63.0-8.el8.x86_64                                            
  python3-libs-3.6.8-45.el8.x86_64                                              
  python3-pip-wheel-9.0.3-22.el8.noarch                                         
  python3-rpm-4.14.3-23.el8.x86_64                                              
  python3-setuptools-wheel-39.2.0-6.el8.noarch                                  
  python3-six-1.11.0-8.el8.noarch                                               
  python3-unbound-1.7.3-17.el8.x86_64                                           
  readline-7.0-10.el8.x86_64                                                    
  rpm-4.14.3-23.el8.x86_64                                                      
  rpm-build-libs-4.14.3-23.el8.x86_64                                           
  rpm-libs-4.14.3-23.el8.x86_64                                                 
  rpm-plugin-systemd-inhibit-4.14.3-23.el8.x86_64                               
  sed-4.5-5.el8.x86_64                                                          
  setup-2.12.2-6.el8.noarch                                                     
  shadow-utils-2:4.6-16.el8.x86_64                                              
  shared-mime-info-1.9-3.el8.x86_64                                             
  sles_es-presets-1-1.el8.x86_64                                                
  sles_es-release-8.6-0.2.el8.x86_64                                            
  sles_es-rpm-macros-1-2.el8.noarch                                             
  sqlite-libs-3.26.0-15.el8.x86_64                                              
  systemd-239-58.el8.x86_64                                                     
  systemd-libs-239-58.el8.x86_64                                                
  systemd-pam-239-58.el8.x86_64                                                 
  systemd-udev-239-58.el8.x86_64                                                
  tpm2-tss-2.3.2-4.el8.x86_64                                                   
  trousers-0.3.15-1.el8.x86_64                                                  
  trousers-lib-0.3.15-1.el8.x86_64                                              
  tzdata-2022a-1.el8.noarch                                                     
  unbound-libs-1.7.3-17.el8.x86_64                                              
  util-linux-2.32.1-35.el8.x86_64                                               
  which-2.21-17.el8.x86_64                                                      
  xkeyboard-config-2.28-1.el8.noarch                                            
  xz-5.2.4-4.el8_6.x86_64                                                       
  xz-libs-5.2.4-4.el8_6.x86_64                                                  
  yum-utils-4.0.21-11.el8.noarch                                                
  zlib-1.2.11-18.el8_5.x86_64                                                   

Complete!
[2022-08-04 17:44:26 #146105]  INFO: Applying config...
[2022-08-04 17:44:26 #146105]  WARN: Empty chroot config, skipping
[2022-08-04 17:44:26 #146105]  INFO: Performing cleanup...
[2022-08-04 17:44:26 #146105]  INFO: $ /usr/bin/sudo   /usr/sbin/chroot --userspec root /srv/bee/builder/chroot-root.AMZoUS /bin/sh -c '/bin/rm -rf /var/cache/dnf/*'
[2022-08-04 17:44:26 #146105]  INFO: Done
[2022-08-04 17:44:26 #146105]  INFO: Fixing rpm binary...
[2022-08-04 17:44:26 #146105]  INFO: $ /usr/bin/sudo   /usr/sbin/chroot --userspec root /srv/bee/builder/chroot-root.AMZoUS /bin/sh -c '/bin/mknod /dev/urandom c 1 9'
[2022-08-04 17:44:26 #146105]  INFO: Done
[2022-08-04 17:44:26 #146105]  INFO: Fixing rpm DB...
[2022-08-04 17:44:26 #146105]  INFO: $ /usr/bin/sudo   /usr/sbin/chroot --userspec root /srv/bee/builder/chroot-root.AMZoUS /bin/sh -c 'rpm --rebuilddb'
warning: Found SQLITE rpmdb.sqlite database while attempting bdb backend: using sqlite backend.
error: could not delete old database at /var/lib/rpmold.146529
[2022-08-04 17:44:26 #146105]  INFO: Done
[2022-08-04 17:44:26 #146105]  INFO: Importing rpm keys...
[2022-08-04 17:44:26 #146105]  INFO: $ /usr/bin/sudo   /usr/sbin/chroot --userspec root /srv/bee/builder/chroot-root.AMZoUS /bin/sh -c 'rpm --import /etc/pki/rpm-gpg/*'
[2022-08-04 17:44:26 #146105]  INFO: Done
[2022-08-04 17:44:26 #146105]  INFO: Mounting everything into build root
[2022-08-04 17:44:26 #146105]  INFO: $ /usr/bin/sudo mount --bind /proc /srv/bee/builder/chroot-root.AMZoUS/proc
[2022-08-04 17:44:26 #146105]  INFO: $ /usr/bin/sudo   /usr/sbin/chroot --userspec root /srv/bee/builder/chroot-root.AMZoUS /bin/rm /dev/null /dev/null /dev/zero /dev/random /dev/urandom
/bin/rm: cannot remove '/dev/null': No such file or directory
/bin/rm: cannot remove '/dev/zero': No such file or directory
/bin/rm: cannot remove '/dev/random': No such file or directory
[2022-08-04 17:44:26 #146105]  INFO: $ /usr/bin/sudo   /usr/sbin/chroot --userspec root /srv/bee/builder/chroot-root.AMZoUS /bin/mknod /dev/null c 1 3 -m 666
[2022-08-04 17:44:26 #146105]  INFO: $ /usr/bin/sudo   /usr/sbin/chroot --userspec root /srv/bee/builder/chroot-root.AMZoUS /bin/mknod /dev/zero c 1 5 -m 666
[2022-08-04 17:44:26 #146105]  INFO: $ /usr/bin/sudo   /usr/sbin/chroot --userspec root /srv/bee/builder/chroot-root.AMZoUS /bin/mknod /dev/random c 1 8 -m 666
[2022-08-04 17:44:26 #146105]  INFO: $ /usr/bin/sudo   /usr/sbin/chroot --userspec root /srv/bee/builder/chroot-root.AMZoUS /bin/mknod /dev/urandom c 1 9 -m 666
[2022-08-04 17:44:26 #146105]  INFO: $ /usr/bin/sudo   /usr/sbin/chroot --userspec root /srv/bee/builder/chroot-root.AMZoUS /bin/mknod /dev/ptmx c 5 2
[2022-08-04 17:44:26 #146105]  INFO: $ /usr/bin/sudo   /usr/sbin/chroot --userspec root /srv/bee/builder/chroot-root.AMZoUS /bin/chown root.tty /dev/ptmx
[2022-08-04 17:44:26 #146105]  INFO: $ /usr/bin/sudo   /usr/sbin/chroot --userspec root /srv/bee/builder/chroot-root.AMZoUS /bin/chmod 666 /dev/ptmx
[2022-08-04 17:44:26 #146105]  INFO: $ /usr/bin/sudo   /usr/sbin/chroot --userspec root /srv/bee/builder/chroot-root.AMZoUS /bin/mkdir -p /dev/pts
[2022-08-04 17:44:26 #146105]  INFO: $ /usr/bin/sudo   /usr/sbin/chroot --userspec root /srv/bee/builder/chroot-root.AMZoUS /bin/mknod -m 666 /dev/tty c 5 0
[2022-08-04 17:44:26 #146105]  INFO: $ /usr/bin/sudo   /usr/sbin/chroot --userspec root /srv/bee/builder/chroot-root.AMZoUS /bin/mount -t devpts devpts /dev/pts -o gid=5,mode=620
[2022-08-04 17:44:26 #146105]  INFO: $ /usr/bin/sudo   /usr/sbin/chroot --userspec root /srv/bee/builder/chroot-root.AMZoUS /bin/mkdir -p /dev/shm
[2022-08-04 17:44:26 #146105]  INFO: $ /usr/bin/sudo   /usr/sbin/chroot --userspec root /srv/bee/builder/chroot-root.AMZoUS /bin/mount -t tmpfs -o size=1%,mode=777 tmpfs /dev/shm/
[2022-08-04 17:44:26 #146105]  INFO: $ /usr/bin/sudo   /usr/sbin/chroot --userspec root /srv/bee/builder/chroot-root.AMZoUS /bin/ln -s /proc/self/fd /dev/fd
[2022-08-04 17:44:26 #146105]  INFO: $ /usr/bin/sudo   /usr/sbin/chroot --userspec root /srv/bee/builder/chroot-root.AMZoUS /bin/ln -s /proc/self/fd/0 /dev/stdin
[2022-08-04 17:44:26 #146105]  INFO: $ /usr/bin/sudo   /usr/sbin/chroot --userspec root /srv/bee/builder/chroot-root.AMZoUS /bin/ln -s /proc/self/fd/1 /dev/stdout
[2022-08-04 17:44:27 #146105]  INFO: $ /usr/bin/sudo   /usr/sbin/chroot --userspec root /srv/bee/builder/chroot-root.AMZoUS /bin/ln -s /proc/self/fd/2 /dev/stderr
[2022-08-04 17:44:27 #146105]  INFO: $ /usr/bin/sudo /bin/mountpoint --quiet /srv/bee/builder/chroot-root.AMZoUS/var/lib/bee/certs
[2022-08-04 17:44:27 #146105]  INFO: $ /usr/bin/sudo /bin/mount -o bind,ro /home/sandman/.beer/ /srv/bee/builder/chroot-root.AMZoUS/var/lib/bee/certs
[2022-08-04 17:44:27 #146105]  INFO: $ /usr/bin/sudo /bin/mktemp -d -p /var/tmp source_package-.XXXXXX
/var/tmp/source_package-.CF0ddQ
[2022-08-04 17:44:27 #146105]  INFO: $ /usr/bin/sudo /bin/chown : //var/tmp/source_package-.CF0ddQ
[2022-08-04 17:44:27 #146105]  INFO: $ /usr/bin/sudo /bin/chmod 777 //var/tmp/source_package-.CF0ddQ
[2022-08-04 17:44:27 #146105]  INFO: $ /usr/bin/sudo /bin/cp -r /srv/bee/builder/chroot-root.AMZoUS/root/.umountbroot /var/tmp/source_package-.CF0ddQ
