[2023-09-28 16:25:36 #883162] DEBUG: Node info:
beezolated0 5.14.0-210.el9.x86_64 x86_64 GNU/Linux
    inet 10.253.34.40/27 brd 10.253.34.63 scope global noprefixroute enp1s0
               total        used        free      shared  buff/cache   available
Mem:            46Gi       1.6Gi        44Gi       456Mi       1.6Gi        45Gi
Swap:          109Gi        70Mi       109Gi
Architecture:                    x86_64
CPU op-mode(s):                  32-bit, 64-bit
Address sizes:                   48 bits physical, 48 bits virtual
Byte Order:                      Little Endian
CPU(s):                          12
On-line CPU(s) list:             0-11
Vendor ID:                       AuthenticAMD
Model name:                      AMD EPYC-Rome Processor
CPU family:                      23
Model:                           49
Thread(s) per core:              1
Core(s) per socket:              1
Socket(s):                       12
Stepping:                        0
BogoMIPS:                        5789.12
Flags:                           fpu vme de pse tsc msr pae mce cx8 apic sep mtrr pge mca cmov pat pse36 clflush mmx fxsr sse sse2 syscall nx mmxext fxsr_opt pdpe1gb rdtscp lm rep_good nopl cpuid extd_apicid tsc_known_freq pni pclmulqdq ssse3 fma cx16 sse4_1 sse4_2 x2apic movbe popcnt tsc_deadline_timer aes xsave avx f16c rdrand hypervisor lahf_lm cmp_legacy cr8_legacy abm sse4a misalignsse 3dnowprefetch osvw topoext perfctr_core ssbd ibrs ibpb stibp vmmcall fsgsbase tsc_adjust bmi1 avx2 smep bmi2 rdseed adx smap clflushopt clwb sha_ni xsaveopt xsavec xgetbv1 xsaves clzero xsaveerptr wbnoinvd arat umip rdpid arch_capabilities
Hypervisor vendor:               KVM
Virtualization type:             full
L1d cache:                       384 KiB (12 instances)
L1i cache:                       384 KiB (12 instances)
L2 cache:                        6 MiB (12 instances)
L3 cache:                        192 MiB (12 instances)
NUMA node(s):                    1
NUMA node0 CPU(s):               0-11
Vulnerability Itlb multihit:     Not affected
Vulnerability L1tf:              Not affected
Vulnerability Mds:               Not affected
Vulnerability Meltdown:          Not affected
Vulnerability Mmio stale data:   Not affected
Vulnerability Retbleed:          Mitigation; untrained return thunk; SMT disabled
Vulnerability Spec store bypass: Mitigation; Speculative Store Bypass disabled via prctl
Vulnerability Spectre v1:        Mitigation; usercopy/swapgs barriers and __user pointer sanitization
Vulnerability Spectre v2:        Mitigation; Retpolines, IBPB conditional, STIBP disabled, RSB filling, PBRSB-eIBRS Not affected
Vulnerability Srbds:             Not affected

[2023-09-28 16:25:45 #883162]  INFO: Getting previous package from git package:
[2023-09-28 16:25:45 #883162]  INFO: Getting complete repository....
[2023-09-28 16:25:45 #883162]  INFO: Namespace: sll-project/sll-packages repo: shim-unsigned-x64
[2023-09-28 16:25:47 #883162]  INFO: No blobs were found. Skip
[2023-09-28 16:25:47 #883162]  INFO: Checking CONFS for files in SLL8
[2023-09-28 16:25:47 #883162]  INFO: Checking SPECS for files in SLL8
[2023-09-28 16:25:48 #883162]  INFO: SPECS/shim-unsigned-x64.spec
[2023-09-28 16:25:48 #883162]  INFO: Save /tmp/srv/bee/work/93144/package.gitlab/SPECS/shim-unsigned-x64.spec
[2023-09-28 16:25:48 #883162]  INFO: Checking SOURCES for files in SLL8
[2023-09-28 16:25:49 #883162]  INFO: SOURCES/Enable-the-NX-compatibility-flag-by-default.patch
[2023-09-28 16:25:49 #883162]  INFO: Save /tmp/srv/bee/work/93144/package.gitlab/SOURCES/Enable-the-NX-compatibility-flag-by-default.patch
[2023-09-28 16:25:49 #883162]  INFO: SOURCES/Make-sbat-var-parse-right-with-buggy-binutils.patch
[2023-09-28 16:25:50 #883162]  INFO: Save /tmp/srv/bee/work/93144/package.gitlab/SOURCES/Make-sbat-var-parse-right-with-buggy-binutils.patch
[2023-09-28 16:25:50 #883162]  INFO: SOURCES/dbx.esl
[2023-09-28 16:25:51 #883162]  INFO: Save /tmp/srv/bee/work/93144/package.gitlab/SOURCES/dbx.esl
[2023-09-28 16:25:51 #883162]  INFO: SOURCES/sbat.sleses.csv
[2023-09-28 16:25:51 #883162]  INFO: Save /tmp/srv/bee/work/93144/package.gitlab/SOURCES/sbat.sleses.csv
[2023-09-28 16:25:51 #883162]  INFO: SOURCES/shim-15.7.tar.bz2
[2023-09-28 16:25:53 #883162]  INFO: Save /tmp/srv/bee/work/93144/package.gitlab/SOURCES/shim-15.7.tar.bz2
[2023-09-28 16:25:53 #883162]  INFO: SOURCES/shim-find-debuginfo.sh
[2023-09-28 16:25:53 #883162]  INFO: Save /tmp/srv/bee/work/93144/package.gitlab/SOURCES/shim-find-debuginfo.sh
[2023-09-28 16:25:53 #883162]  INFO: SOURCES/slesecurebootca.cer
[2023-09-28 16:25:54 #883162]  INFO: Save /tmp/srv/bee/work/93144/package.gitlab/SOURCES/slesecurebootca.cer
[2023-09-28 16:25:54 #883162]  INFO: [F[KDownloading shim-unsigned-x64: Done
[2023-09-28 16:25:54 #883162]  INFO: Merge sources "package" "/tmp/srv/bee/work/93144"
[2023-09-28 16:25:54 #883162]  INFO: File: /tmp/srv/bee/work/93144/package.original/SOURCES/Enable-the-NX-compatibility-flag-by-default.patch
[2023-09-28 16:25:54 #883162]  INFO: File: /tmp/srv/bee/work/93144/package.original/SOURCES/dbx.esl
[2023-09-28 16:25:54 #883162]  INFO: File: /tmp/srv/bee/work/93144/package.original/SOURCES/sbat.sleses.csv
[2023-09-28 16:25:54 #883162]  INFO: File: /tmp/srv/bee/work/93144/package.original/SOURCES/shim-15.7.tar.bz2
[2023-09-28 16:25:54 #883162]  INFO: File: /tmp/srv/bee/work/93144/package.original/SOURCES/shim-find-debuginfo.sh
[2023-09-28 16:25:54 #883162]  INFO: File: /tmp/srv/bee/work/93144/package.original/SOURCES/slesecurebootca.cer
[2023-09-28 16:25:54 #883162]  INFO: File: /tmp/srv/bee/work/93144/package.original/SPECS/shim-unsigned-x64.spec
[2023-09-28 16:25:54 #883162]  INFO: File: /tmp/srv/bee/work/93144/package.gitlab/SOURCES/Enable-the-NX-compatibility-flag-by-default.patch
[2023-09-28 16:25:54 #883162]  INFO: File: /tmp/srv/bee/work/93144/package.gitlab/SOURCES/Make-sbat-var-parse-right-with-buggy-binutils.patch
[2023-09-28 16:25:54 #883162]  INFO: File: /tmp/srv/bee/work/93144/package.gitlab/SOURCES/dbx.esl
[2023-09-28 16:25:54 #883162]  INFO: File: /tmp/srv/bee/work/93144/package.gitlab/SOURCES/sbat.sleses.csv
[2023-09-28 16:25:54 #883162]  INFO: File: /tmp/srv/bee/work/93144/package.gitlab/SOURCES/shim-15.7.tar.bz2
[2023-09-28 16:25:54 #883162]  INFO: File: /tmp/srv/bee/work/93144/package.gitlab/SOURCES/shim-find-debuginfo.sh
[2023-09-28 16:25:54 #883162]  INFO: File: /tmp/srv/bee/work/93144/package.gitlab/SOURCES/slesecurebootca.cer
[2023-09-28 16:25:54 #883162]  INFO: File: /tmp/srv/bee/work/93144/package.gitlab/SPECS/shim-unsigned-x64.spec
[2023-09-28 16:25:54 #883162]  INFO: Merge sources for package: Done
[2023-09-28 16:25:54 #883162]  INFO: Build arguments:
user : sandman
basedir : /srv/bee/builder
usermount : ["/home/sandman/.bee/ssl/:/var/lib/bee/certs"]
pkgmanager : Dnf
arch : x86_64
dist : .el8
target : x86_64
chrooter : Dnf
basesystem : sles_es-presets basesystem dnf dnf-utils sles_es-rpm-macros sles_es-release

id : 93144
subtask : 93144
build : build
package : shim-unsigned-x64
spec : /tmp/srv/bee/work/93144/package.devel/SPECS/shim-unsigned-x64.spec
modlabel : 
define_macro : 
repolist : 
build_env_vars : []
extdep : []
command : bee builder  -D RES-8-Default-x86_64 build -T  --dist .el8  -l /srv/bee/work/ESEA-2022:0346/8.0/47903/shim-unsigned-x64/SOURCES  -d /srv/bee/work/ESEA-2022:0346/8.0/47903/shim-unsigned-x64/x86_64  /srv/bee/work/ESEA-2022:0346/8.0/47903/shim-unsigned-x64/shim-unsigned-x64/SPECS/shim-unsigned-x64.spec  2>&1  |  tee /srv/bee/work/ESEA-2022:0346/8.0/47903/shim-unsigned-x64/x86_64/build-93144-x86_64.log
command_32 : bee builder  -D RES-8-Default-i686 build -T  --dist .el8  -l /srv/bee/work/ESEA-2022:0346/8.0/47903/shim-unsigned-x64/SOURCES  -d /srv/bee/work/ESEA-2022:0346/8.0/47903/shim-unsigned-x64/i686  /srv/bee/work/ESEA-2022:0346/8.0/47903/shim-unsigned-x64/shim-unsigned-x64/SPECS/shim-unsigned-x64.spec  2>&1  |  tee /srv/bee/work/ESEA-2022:0346/8.0/47903/shim-unsigned-x64/i686/build-93144-i686.log
work_dir : /tmp/srv/bee/work/93144
dir_for_load : /tmp/srv/bee/work/93144/package.devel/SOURCES
dir_for_save : /tmp/srv/bee/work/93144/results
[2023-09-28 16:25:54 #883162]  INFO: Repository: Yum
[2023-09-28 16:25:54 #883162]  INFO: Building package shim-unsigned-x64.spec
[2023-09-28 16:25:54 #883162]  INFO: $ /usr/bin/which dnf
/usr/bin/dnf
[2023-09-28 16:25:54 #883162]  INFO: Initializing chroot
[2023-09-28 16:25:54 #883162]  INFO: $ /usr/bin/sudo /bin/mktemp -d -p /srv/bee/builder chroot-root.XXXXXX
/srv/bee/builder/chroot-root.rm3LpP
[2023-09-28 16:25:54 #883162]  INFO: $ /usr/bin/sudo /bin/chown root:root //srv/bee/builder/chroot-root.rm3LpP
[2023-09-28 16:25:54 #883162]  INFO: $ /usr/bin/sudo /bin/chmod 777 //srv/bee/builder/chroot-root.rm3LpP
[2023-09-28 16:25:54 #883162]  INFO: Initializing chroot...
[2023-09-28 16:25:54 #883162]  INFO: $ /usr/bin/sudo setarch x86_64 /usr/bin/dnf --setopt=releasever=8 --setopt=module_platform_id=platform:el8 --exclude=*i686* --setopt=sslverify=false --setopt=debuglevel=2 --setopt=obsoletes=1 --setopt=gpgcheck=0 --setopt=installonly_limit=3 --setopt=multilib_policy=best --config /tmp/dnfconf-bootstrap20230928-883162-9s8hoo.conf --installroot /srv/bee/builder/chroot-root.rm3LpP --skip-broken --assumeyes install sles_es-presets basesystem dnf dnf-utils sles_es-rpm-macros sles_es-release
AppStream                                        20 MB/s |  42 MB     00:02    
BaseOs                                           31 MB/s |  64 MB     00:02    
CodeBuilder                                     4.0 MB/s | 4.7 MB     00:01    
HighAvaliability                                3.0 MB/s | 3.2 MB     00:01    
Stored-HA                                        52 kB/s | 5.2 kB     00:00    
Stored                                           64 MB/s |  16 MB     00:00    
Dependencies resolved.
======================================================================================
 Package                       Arch    Version                        Repo        Size
======================================================================================
Installing:
 basesystem                    noarch  11-5.el8                       BaseOs     9.5 k
 dnf                           noarch  4.7.0-16.el8_8                 BaseOs     541 k
 sles_es-presets               x86_64  1-4.el8                        Stored     9.2 k
 sles_es-release               x86_64  8.8-0.9.el8                    BaseOs      96 k
 sles_es-rpm-macros            noarch  1-2.el8                        Stored     8.3 k
 yum-utils                     noarch  4.0.21-19.el8_8                BaseOs      74 k
Installing dependencies:
 acl                           x86_64  2.2.53-1.el8                   BaseOs      80 k
 audit-libs                    x86_64  3.0.7-4.el8                    BaseOs     122 k
 bash                          x86_64  4.4.20-4.el8_6                 BaseOs     1.5 M
 brotli                        x86_64  1.0.6-3.el8                    BaseOs     322 k
 bzip2-libs                    x86_64  1.0.6-26.el8                   BaseOs      47 k
 ca-certificates               noarch  2023.2.60_v7.0.306-80.0.el8_8  BaseOs     934 k
 chkconfig                     x86_64  1.19.1-1.el8                   BaseOs     197 k
 coreutils                     x86_64  8.30-15.el8                    BaseOs     1.2 M
 coreutils-common              x86_64  8.30-15.el8                    BaseOs     2.0 M
 cpio                          x86_64  2.12-11.el8                    BaseOs     265 k
 cracklib                      x86_64  2.9.6-15.el8                   BaseOs      92 k
 cracklib-dicts                x86_64  2.9.6-15.el8                   BaseOs     4.0 M
 crypto-policies               noarch  20221215-1.gitece0092.el8      BaseOs      63 k
 cryptsetup-libs               x86_64  2.3.7-5.el8                    BaseOs     487 k
 curl                          x86_64  7.61.1-30.el8_8.3              BaseOs     352 k
 cyrus-sasl-lib                x86_64  2.1.27-6.el8_5                 BaseOs     122 k
 dbus                          x86_64  1:1.12.8-24.el8_8.1            BaseOs      41 k
 dbus-common                   noarch  1:1.12.8-24.el8_8.1            BaseOs      46 k
 dbus-daemon                   x86_64  1:1.12.8-24.el8_8.1            BaseOs     240 k
 dbus-glib                     x86_64  0.110-2.el8                    BaseOs     126 k
 dbus-libs                     x86_64  1:1.12.8-24.el8_8.1            BaseOs     184 k
 dbus-tools                    x86_64  1:1.12.8-24.el8_8.1            BaseOs      85 k
 device-mapper                 x86_64  8:1.02.181-9.el8               BaseOs     377 k
 device-mapper-libs            x86_64  8:1.02.181-9.el8               BaseOs     409 k
 dnf-data                      noarch  4.7.0-16.el8_8                 BaseOs     155 k
 dnf-plugins-core              noarch  4.0.21-19.el8_8                BaseOs      75 k
 dracut                        x86_64  049-223.git20230119.el8        BaseOs     378 k
 elfutils-default-yama-scope   noarch  0.188-3.el8                    BaseOs      51 k
 elfutils-libelf               x86_64  0.188-3.el8                    BaseOs     230 k
 elfutils-libs                 x86_64  0.188-3.el8                    BaseOs     298 k
 expat                         x86_64  2.2.5-11.el8                   BaseOs     112 k
 file                          x86_64  5.33-24.el8                    BaseOs      76 k
 file-libs                     x86_64  5.33-24.el8                    BaseOs     543 k
 filesystem                    x86_64  3.8-6.el8                      BaseOs     1.1 M
 findutils                     x86_64  1:4.6.0-20.el8_8.1             BaseOs     526 k
 gawk                          x86_64  4.2.1-4.el8                    BaseOs     1.1 M
 gdbm                          x86_64  1:1.18-2.el8                   BaseOs     129 k
 gdbm-libs                     x86_64  1:1.18-2.el8                   BaseOs      59 k
 gettext                       x86_64  0.19.8.1-17.el8                BaseOs     1.1 M
 gettext-libs                  x86_64  0.19.8.1-17.el8                BaseOs     311 k
 glib2                         x86_64  2.56.4-161.el8                 BaseOs     2.5 M
 glibc                         x86_64  2.28-225.el8                   BaseOs     2.2 M
 glibc-all-langpacks           x86_64  2.28-225.el8                   BaseOs      26 M
 glibc-common                  x86_64  2.28-225.el8                   BaseOs     1.0 M
 gmp                           x86_64  1:6.1.2-10.el8                 BaseOs     320 k
 gnupg2                        x86_64  2.2.20-3.el8_6                 BaseOs     2.4 M
 gnutls                        x86_64  3.6.16-6.el8_7                 BaseOs     1.0 M
 gpgme                         x86_64  1.13.1-11.el8                  BaseOs     335 k
 grep                          x86_64  3.1-6.el8                      BaseOs     273 k
 grub2-common                  noarch  1:2.02-148.el8_8.1             BaseOs     894 k
 grub2-tools                   x86_64  1:2.02-148.el8_8.1             BaseOs     2.0 M
 grub2-tools-minimal           x86_64  1:2.02-148.el8_8.1             BaseOs     212 k
 gzip                          x86_64  1.9-13.el8_5                   BaseOs     166 k
 ima-evm-utils                 x86_64  1.3.2-12.el8                   BaseOs      63 k
 info                          x86_64  6.5-7.el8                      BaseOs     198 k
 json-c                        x86_64  0.13.1-3.el8                   BaseOs      40 k
 kbd-legacy                    noarch  2.0.4-10.el8                   BaseOs     480 k
 kbd-misc                      noarch  2.0.4-10.el8                   BaseOs     1.5 M
 keyutils-libs                 x86_64  1.5.10-9.el8                   BaseOs      33 k
 kmod                          x86_64  25-19.el8                      BaseOs     125 k
 kmod-libs                     x86_64  25-19.el8                      BaseOs      67 k
 krb5-libs                     x86_64  1.18.2-25.el8_8                BaseOs     841 k
 libacl                        x86_64  2.2.53-1.el8                   BaseOs      34 k
 libarchive                    x86_64  3.3.3-5.el8                    BaseOs     359 k
 libassuan                     x86_64  2.5.1-3.el8                    BaseOs      82 k
 libattr                       x86_64  2.4.48-3.el8                   BaseOs      26 k
 libblkid                      x86_64  2.32.1-42.el8_8                BaseOs     219 k
 libcap                        x86_64  2.48-5.el8_8                   BaseOs      73 k
 libcap-ng                     x86_64  0.7.11-1.el8                   BaseOs      32 k
 libcom_err                    x86_64  1.45.6-5.el8                   BaseOs      48 k
 libcomps                      x86_64  0.1.18-1.el8                   BaseOs      81 k
 libcroco                      x86_64  0.6.12-4.el8_2.1               BaseOs     112 k
 libcurl                       x86_64  7.61.1-30.el8_8.3              BaseOs     302 k
 libdb                         x86_64  5.3.28-42.el8_4                BaseOs     750 k
 libdb-utils                   x86_64  5.3.28-42.el8_4                BaseOs     149 k
 libdnf                        x86_64  0.63.0-14.el8_8                BaseOs     708 k
 libevent                      x86_64  2.1.8-5.el8                    BaseOs     252 k
 libfdisk                      x86_64  2.32.1-42.el8_8                BaseOs     252 k
 libffi                        x86_64  3.1-24.el8                     BaseOs      37 k
 libgcc                        x86_64  8.5.0-18.el8                   BaseOs      80 k
 libgcrypt                     x86_64  1.8.5-7.el8_6                  BaseOs     462 k
 libgomp                       x86_64  8.5.0-18.el8                   BaseOs     207 k
 libgpg-error                  x86_64  1.31-1.el8                     BaseOs     241 k
 libidn2                       x86_64  2.2.0-1.el8                    BaseOs      93 k
 libkcapi                      x86_64  1.2.0-2.el8                    BaseOs      47 k
 libkcapi-hmaccalc             x86_64  1.2.0-2.el8                    BaseOs      30 k
 libksba                       x86_64  1.3.5-9.el8_7                  BaseOs     133 k
 libmodulemd                   x86_64  2.13.0-1.el8                   BaseOs     232 k
 libmount                      x86_64  2.32.1-42.el8_8                BaseOs     235 k
 libnghttp2                    x86_64  1.33.0-3.el8_2.1               BaseOs      76 k
 libnsl2                       x86_64  1.2.0-2.20180605git4a062cf.el8 BaseOs      57 k
 libpsl                        x86_64  0.20.2-6.el8                   BaseOs      60 k
 libpwquality                  x86_64  1.4.4-6.el8                    BaseOs     106 k
 librepo                       x86_64  1.14.2-4.el8                   BaseOs      92 k
 libreport-filesystem          x86_64  2.9.5-15.0.4.1.el8             BaseOs      20 k
 libseccomp                    x86_64  2.5.2-1.el8                    BaseOs      70 k
 libsecret                     x86_64  0.18.6-1.el8                   BaseOs     162 k
 libselinux                    x86_64  2.9-8.el8                      BaseOs     165 k
 libsemanage                   x86_64  2.9-9.el8_6                    BaseOs     167 k
 libsepol                      x86_64  2.9-3.el8                      BaseOs     339 k
 libsigsegv                    x86_64  2.11-5.el8                     BaseOs      29 k
 libsmartcols                  x86_64  2.32.1-42.el8_8                BaseOs     178 k
 libsolv                       x86_64  0.7.20-4.el8_7                 BaseOs     375 k
 libssh                        x86_64  0.9.6-10.el8_8                 BaseOs     217 k
 libssh-config                 noarch  0.9.6-10.el8_8                 BaseOs      19 k
 libstdc++                     x86_64  8.5.0-18.el8                   BaseOs     454 k
 libtasn1                      x86_64  4.13-4.el8_7                   BaseOs      75 k
 libtirpc                      x86_64  1.1.4-8.el8                    BaseOs     112 k
 libunistring                  x86_64  0.9.9-3.el8                    BaseOs     421 k
 libusbx                       x86_64  1.0.23-4.el8                   BaseOs      73 k
 libutempter                   x86_64  1.1.6-14.el8                   BaseOs      31 k
 libuuid                       x86_64  2.32.1-42.el8_8                BaseOs      98 k
 libverto                      x86_64  0.3.2-2.el8                    BaseOs      23 k
 libxcrypt                     x86_64  4.1.1-6.el8                    BaseOs      72 k
 libxml2                       x86_64  2.9.7-16.el8_8.1               BaseOs     696 k
 libyaml                       x86_64  0.1.7-5.el8                    BaseOs      60 k
 libzstd                       x86_64  1.4.4-1.el8                    AppStream  265 k
 lua-libs                      x86_64  5.3.4-12.el8                   BaseOs     117 k
 lz4-libs                      x86_64  1.8.3-3.el8_4                  BaseOs      65 k
 mpfr                          x86_64  3.1.6-1.el8                    BaseOs     220 k
 ncurses                       x86_64  6.1-9.20180224.el8_8.1         BaseOs     386 k
 ncurses-base                  noarch  6.1-9.20180224.el8_8.1         BaseOs      80 k
 ncurses-libs                  x86_64  6.1-9.20180224.el8_8.1         BaseOs     333 k
 nettle                        x86_64  3.4.1-7.el8                    BaseOs     300 k
 npth                          x86_64  1.5-4.el8                      BaseOs      25 k
 openldap                      x86_64  2.4.46-18.el8                  BaseOs     351 k
 openssl                       x86_64  1:1.1.1k-9.el8_7               BaseOs     708 k
 openssl-libs                  x86_64  1:1.1.1k-9.el8_7               BaseOs     1.5 M
 os-prober                     x86_64  1.74-9.el8                     BaseOs      50 k
 p11-kit                       x86_64  0.23.22-1.el8                  BaseOs     324 k
 p11-kit-trust                 x86_64  0.23.22-1.el8                  BaseOs     136 k
 pam                           x86_64  1.3.1-25.el8                   BaseOs     744 k
 pcre                          x86_64  8.42-6.el8                     BaseOs     210 k
 pcre2                         x86_64  10.32-3.el8_6                  BaseOs     246 k
 platform-python               x86_64  3.6.8-51.el8_8.1               BaseOs      85 k
 platform-python-setuptools    noarch  39.2.0-7.el8                   BaseOs     631 k
 popt                          x86_64  1.18-1.el8                     BaseOs      60 k
 procps-ng                     x86_64  3.3.15-13.el8                  BaseOs     329 k
 publicsuffix-list-dafsa       noarch  20180723-1.el8                 BaseOs      55 k
 python3-dateutil              noarch  1:2.6.1-6.el8                  BaseOs     250 k
 python3-dbus                  x86_64  1.2.4-15.el8                   BaseOs     133 k
 python3-dnf                   noarch  4.7.0-16.el8_8                 BaseOs     549 k
 python3-dnf-plugins-core      noarch  4.0.21-19.el8_8                BaseOs     260 k
 python3-gpg                   x86_64  1.13.1-11.el8                  BaseOs     237 k
 python3-hawkey                x86_64  0.63.0-14.el8_8                BaseOs     116 k
 python3-libcomps              x86_64  0.1.18-1.el8                   BaseOs      51 k
 python3-libdnf                x86_64  0.63.0-14.el8_8                BaseOs     778 k
 python3-libs                  x86_64  3.6.8-51.el8_8.1               BaseOs     7.8 M
 python3-pip-wheel             noarch  9.0.3-22.el8                   BaseOs     894 k
 python3-rpm                   x86_64  4.14.3-26.el8                  BaseOs     154 k
 python3-setuptools-wheel      noarch  39.2.0-7.el8                   BaseOs     288 k
 python3-six                   noarch  1.11.0-8.el8                   BaseOs      37 k
 python3-systemd               x86_64  234-8.el8                      AppStream   80 k
 readline                      x86_64  7.0-10.el8                     BaseOs     198 k
 rpm                           x86_64  4.14.3-26.el8                  BaseOs     543 k
 rpm-build-libs                x86_64  4.14.3-26.el8                  BaseOs     156 k
 rpm-libs                      x86_64  4.14.3-26.el8                  BaseOs     344 k
 sed                           x86_64  4.5-5.el8                      BaseOs     297 k
 setup                         noarch  2.12.2-9.el8                   BaseOs     180 k
 shadow-utils                  x86_64  2:4.6-17.el8                   BaseOs     1.2 M
 sqlite-libs                   x86_64  3.26.0-18.el8_8                BaseOs     580 k
 systemd                       x86_64  239-74.el8_8.5                 BaseOs     3.6 M
 systemd-libs                  x86_64  239-74.el8_8.5                 BaseOs     1.1 M
 systemd-pam                   x86_64  239-74.el8_8.5                 BaseOs     504 k
 systemd-udev                  x86_64  239-74.el8_8.5                 BaseOs     1.6 M
 tpm2-tss                      x86_64  2.3.2-4.el8                    BaseOs     274 k
 trousers-lib                  x86_64  0.3.15-1.el8                   BaseOs     166 k
 tzdata                        noarch  2023c-1.el8                    BaseOs     476 k
 unbound-libs                  x86_64  1.16.2-5.el8                   AppStream  573 k
 util-linux                    x86_64  2.32.1-42.el8_8                BaseOs     2.5 M
 which                         x86_64  2.21-18.el8                    BaseOs      48 k
 xkeyboard-config              noarch  2.28-1.el8                     AppStream  781 k
 xz                            x86_64  5.2.4-4.el8_6                  BaseOs     152 k
 xz-libs                       x86_64  5.2.4-4.el8_6                  BaseOs      93 k
 zlib                          x86_64  1.2.11-21.el8_7                BaseOs     102 k
Installing weak dependencies:
 crypto-policies-scripts       noarch  20221215-1.gitece0092.el8      BaseOs      83 k
 diffutils                     x86_64  3.6-6.el8                      BaseOs     359 k
 elfutils-debuginfod-client    x86_64  0.188-3.el8                    BaseOs      74 k
 glibc-gconv-extra             x86_64  2.28-225.el8                   BaseOs     1.5 M
 gnupg2-smime                  x86_64  2.2.20-3.el8_6                 BaseOs     282 k
 grubby                        x86_64  8.40-47.el8                    BaseOs      49 k
 hardlink                      x86_64  1:1.3-6.el8                    BaseOs      28 k
 kbd                           x86_64  2.0.4-10.el8                   BaseOs     390 k
 kpartx                        x86_64  0.8.4-37.el8                   BaseOs     118 k
 libxkbcommon                  x86_64  0.9.1-1.el8                    AppStream  115 k
 memstrack                     x86_64  0.2.4-2.el8                    AppStream   50 k
 openssl-pkcs11                x86_64  0.4.10-3.el8                   BaseOs      65 k
 pigz                          x86_64  2.4-4.el8                      BaseOs      79 k
 pinentry                      x86_64  1.1.0-2.el8                    AppStream   99 k
 platform-python-pip           noarch  9.0.3-22.el8                   BaseOs     1.6 M
 python3-unbound               x86_64  1.16.2-5.el8                   AppStream  128 k
 rpm-plugin-systemd-inhibit    x86_64  4.14.3-26.el8                  BaseOs      78 k
 shared-mime-info              x86_64  1.9-3.el8                      BaseOs     327 k
 trousers                      x86_64  0.3.15-1.el8                   BaseOs     152 k

Transaction Summary
======================================================================================
Install  200 Packages

Total download size: 111 M
Installed size: 706 M
Downloading Packages:
(1/200): memstrack-0.2.4-2.el8.x86_64.rpm       256 kB/s |  50 kB     00:00    
(2/200): libxkbcommon-0.9.1-1.el8.x86_64.rpm    456 kB/s | 115 kB     00:00    
(3/200): pinentry-1.1.0-2.el8.x86_64.rpm        739 kB/s |  99 kB     00:00    
(4/200): python3-systemd-234-8.el8.x86_64.rpm   946 kB/s |  80 kB     00:00    
(5/200): libzstd-1.4.4-1.el8.x86_64.rpm         705 kB/s | 265 kB     00:00    
(6/200): python3-unbound-1.16.2-5.el8.x86_64.rp 1.1 MB/s | 128 kB     00:00    
(7/200): acl-2.2.53-1.el8.x86_64.rpm            658 kB/s |  80 kB     00:00    
(8/200): unbound-libs-1.16.2-5.el8.x86_64.rpm   1.6 MB/s | 573 kB     00:00    
(9/200): basesystem-11-5.el8.noarch.rpm         311 kB/s | 9.5 kB     00:00    
(10/200): audit-libs-3.0.7-4.el8.x86_64.rpm     648 kB/s | 122 kB     00:00    
(11/200): xkeyboard-config-2.28-1.el8.noarch.rp 1.3 MB/s | 781 kB     00:00    
(12/200): bzip2-libs-1.0.6-26.el8.x86_64.rpm    344 kB/s |  47 kB     00:00    
(13/200): bash-4.4.20-4.el8_6.x86_64.rpm        3.9 MB/s | 1.5 MB     00:00    
(14/200): brotli-1.0.6-3.el8.x86_64.rpm         773 kB/s | 322 kB     00:00    
(15/200): chkconfig-1.19.1-1.el8.x86_64.rpm     3.3 MB/s | 197 kB     00:00    
(16/200): ca-certificates-2023.2.60_v7.0.306-80 1.6 MB/s | 934 kB     00:00    
(17/200): coreutils-common-8.30-15.el8.x86_64.r 3.6 MB/s | 2.0 MB     00:00    
(18/200): cracklib-2.9.6-15.el8.x86_64.rpm      2.2 MB/s |  92 kB     00:00    
(19/200): cpio-2.12-11.el8.x86_64.rpm           1.8 MB/s | 265 kB     00:00    
(20/200): crypto-policies-20221215-1.gitece0092 1.0 MB/s |  63 kB     00:00    
(21/200): crypto-policies-scripts-20221215-1.gi 777 kB/s |  83 kB     00:00    
(22/200): coreutils-8.30-15.el8.x86_64.rpm      1.5 MB/s | 1.2 MB     00:00    
(23/200): curl-7.61.1-30.el8_8.3.x86_64.rpm     2.5 MB/s | 352 kB     00:00    
(24/200): cyrus-sasl-lib-2.1.27-6.el8_5.x86_64. 463 kB/s | 122 kB     00:00    
(25/200): dbus-1.12.8-24.el8_8.1.x86_64.rpm     499 kB/s |  41 kB     00:00    
(26/200): cryptsetup-libs-2.3.7-5.el8.x86_64.rp 898 kB/s | 487 kB     00:00    
(27/200): dbus-common-1.12.8-24.el8_8.1.noarch. 528 kB/s |  46 kB     00:00    
(28/200): dbus-daemon-1.12.8-24.el8_8.1.x86_64. 1.2 MB/s | 240 kB     00:00    
(29/200): dbus-glib-0.110-2.el8.x86_64.rpm      768 kB/s | 126 kB     00:00    
(30/200): dbus-libs-1.12.8-24.el8_8.1.x86_64.rp 1.4 MB/s | 184 kB     00:00    
(31/200): dbus-tools-1.12.8-24.el8_8.1.x86_64.r 453 kB/s |  85 kB     00:00    
(32/200): cracklib-dicts-2.9.6-15.el8.x86_64.rp 3.3 MB/s | 4.0 MB     00:01    
(33/200): diffutils-3.6-6.el8.x86_64.rpm        5.8 MB/s | 359 kB     00:00    
(34/200): dnf-4.7.0-16.el8_8.noarch.rpm         5.9 MB/s | 541 kB     00:00    
(35/200): device-mapper-1.02.181-9.el8.x86_64.r 1.4 MB/s | 377 kB     00:00    
(36/200): dnf-data-4.7.0-16.el8_8.noarch.rpm    3.9 MB/s | 155 kB     00:00    
(37/200): dnf-plugins-core-4.0.21-19.el8_8.noar 1.1 MB/s |  75 kB     00:00    
(38/200): elfutils-debuginfod-client-0.188-3.el 834 kB/s |  74 kB     00:00    
(39/200): device-mapper-libs-1.02.181-9.el8.x86 947 kB/s | 409 kB     00:00    
(40/200): elfutils-default-yama-scope-0.188-3.e 369 kB/s |  51 kB     00:00    
(41/200): elfutils-libelf-0.188-3.el8.x86_64.rp 988 kB/s | 230 kB     00:00    
(42/200): dracut-049-223.git20230119.el8.x86_64 729 kB/s | 378 kB     00:00    
(43/200): elfutils-libs-0.188-3.el8.x86_64.rpm  679 kB/s | 298 kB     00:00    
(44/200): file-5.33-24.el8.x86_64.rpm           405 kB/s |  76 kB     00:00    
(45/200): expat-2.2.5-11.el8.x86_64.rpm         390 kB/s | 112 kB     00:00    
(46/200): file-libs-5.33-24.el8.x86_64.rpm      918 kB/s | 543 kB     00:00    
(47/200): findutils-4.6.0-20.el8_8.1.x86_64.rpm 892 kB/s | 526 kB     00:00    
(48/200): gdbm-1.18-2.el8.x86_64.rpm            941 kB/s | 129 kB     00:00    
(49/200): filesystem-3.8-6.el8.x86_64.rpm       1.3 MB/s | 1.1 MB     00:00    
(50/200): gdbm-libs-1.18-2.el8.x86_64.rpm       357 kB/s |  59 kB     00:00    
(51/200): gawk-4.2.1-4.el8.x86_64.rpm           2.2 MB/s | 1.1 MB     00:00    
(52/200): gettext-0.19.8.1-17.el8.x86_64.rpm    3.0 MB/s | 1.1 MB     00:00    
(53/200): gettext-libs-0.19.8.1-17.el8.x86_64.r 712 kB/s | 311 kB     00:00    
(54/200): glib2-2.56.4-161.el8.x86_64.rpm       7.0 MB/s | 2.5 MB     00:00    
(55/200): glibc-2.28-225.el8.x86_64.rpm         5.3 MB/s | 2.2 MB     00:00    
(56/200): glibc-common-2.28-225.el8.x86_64.rpm  8.0 MB/s | 1.0 MB     00:00    
(57/200): glibc-gconv-extra-2.28-225.el8.x86_64 8.0 MB/s | 1.5 MB     00:00    
(58/200): gmp-6.1.2-10.el8.x86_64.rpm           1.1 MB/s | 320 kB     00:00    
(59/200): gnupg2-2.2.20-3.el8_6.x86_64.rpm       11 MB/s | 2.4 MB     00:00    
(60/200): gnupg2-smime-2.2.20-3.el8_6.x86_64.rp 1.3 MB/s | 282 kB     00:00    
(61/200): gpgme-1.13.1-11.el8.x86_64.rpm        755 kB/s | 335 kB     00:00    
(62/200): grep-3.1-6.el8.x86_64.rpm             1.9 MB/s | 273 kB     00:00    
(63/200): gnutls-3.6.16-6.el8_7.x86_64.rpm      1.5 MB/s | 1.0 MB     00:00    
(64/200): glibc-all-langpacks-2.28-225.el8.x86_  15 MB/s |  26 MB     00:01    
(65/200): grub2-common-2.02-148.el8_8.1.noarch. 1.8 MB/s | 894 kB     00:00    
(66/200): grub2-tools-minimal-2.02-148.el8_8.1. 3.9 MB/s | 212 kB     00:00    
(67/200): grubby-8.40-47.el8.x86_64.rpm         1.2 MB/s |  49 kB     00:00    
(68/200): grub2-tools-2.02-148.el8_8.1.x86_64.r 3.6 MB/s | 2.0 MB     00:00    
(69/200): ima-evm-utils-1.3.2-12.el8.x86_64.rpm 1.8 MB/s |  63 kB     00:00    
(70/200): gzip-1.9-13.el8_5.x86_64.rpm          1.3 MB/s | 166 kB     00:00    
(71/200): hardlink-1.3-6.el8.x86_64.rpm         232 kB/s |  28 kB     00:00    
(72/200): json-c-0.13.1-3.el8.x86_64.rpm        1.0 MB/s |  40 kB     00:00    
(73/200): info-6.5-7.el8.x86_64.rpm             819 kB/s | 198 kB     00:00    
(74/200): kbd-2.0.4-10.el8.x86_64.rpm           941 kB/s | 390 kB     00:00    
(75/200): keyutils-libs-1.5.10-9.el8.x86_64.rpm 778 kB/s |  33 kB     00:00    
(76/200): kbd-legacy-2.0.4-10.el8.noarch.rpm    841 kB/s | 480 kB     00:00    
(77/200): kmod-libs-25-19.el8.x86_64.rpm        1.1 MB/s |  67 kB     00:00    
(78/200): kmod-25-19.el8.x86_64.rpm             484 kB/s | 125 kB     00:00    
(79/200): kpartx-0.8.4-37.el8.x86_64.rpm        828 kB/s | 118 kB     00:00    
(80/200): libacl-2.2.53-1.el8.x86_64.rpm        287 kB/s |  34 kB     00:00    
(81/200): kbd-misc-2.0.4-10.el8.noarch.rpm      1.6 MB/s | 1.5 MB     00:00    
(82/200): libassuan-2.5.1-3.el8.x86_64.rpm      2.2 MB/s |  82 kB     00:00    
(83/200): libattr-2.4.48-3.el8.x86_64.rpm       322 kB/s |  26 kB     00:00    
(84/200): libarchive-3.3.3-5.el8.x86_64.rpm     877 kB/s | 359 kB     00:00    
(85/200): libcap-2.48-5.el8_8.x86_64.rpm        1.2 MB/s |  73 kB     00:00    
(86/200): krb5-libs-1.18.2-25.el8_8.x86_64.rpm  1.2 MB/s | 841 kB     00:00    
(87/200): libcap-ng-0.7.11-1.el8.x86_64.rpm     970 kB/s |  32 kB     00:00    
(88/200): libcom_err-1.45.6-5.el8.x86_64.rpm    1.4 MB/s |  48 kB     00:00    
(89/200): libblkid-2.32.1-42.el8_8.x86_64.rpm   684 kB/s | 219 kB     00:00    
(90/200): libcomps-0.1.18-1.el8.x86_64.rpm      381 kB/s |  81 kB     00:00    
(91/200): libcroco-0.6.12-4.el8_2.1.x86_64.rpm  419 kB/s | 112 kB     00:00    
(92/200): libdb-utils-5.3.28-42.el8_4.x86_64.rp 626 kB/s | 149 kB     00:00    
(93/200): libcurl-7.61.1-30.el8_8.3.x86_64.rpm  637 kB/s | 302 kB     00:00    
(94/200): libevent-2.1.8-5.el8.x86_64.rpm       1.1 MB/s | 252 kB     00:00    
(95/200): libdb-5.3.28-42.el8_4.x86_64.rpm      1.1 MB/s | 750 kB     00:00    
(96/200): libffi-3.1-24.el8.x86_64.rpm          956 kB/s |  37 kB     00:00    
(97/200): libgcc-8.5.0-18.el8.x86_64.rpm        495 kB/s |  80 kB     00:00    
(98/200): libdnf-0.63.0-14.el8_8.x86_64.rpm     1.1 MB/s | 708 kB     00:00    
(99/200): libfdisk-2.32.1-42.el8_8.x86_64.rpm   633 kB/s | 252 kB     00:00    
(100/200): libgpg-error-1.31-1.el8.x86_64.rpm   1.1 MB/s | 241 kB     00:00    
(101/200): libgomp-8.5.0-18.el8.x86_64.rpm      567 kB/s | 207 kB     00:00    
(102/200): libgcrypt-1.8.5-7.el8_6.x86_64.rpm   1.0 MB/s | 462 kB     00:00    
(103/200): libidn2-2.2.0-1.el8.x86_64.rpm       1.0 MB/s |  93 kB     00:00    
(104/200): libkcapi-hmaccalc-1.2.0-2.el8.x86_64 795 kB/s |  30 kB     00:00    
(105/200): libkcapi-1.2.0-2.el8.x86_64.rpm      332 kB/s |  47 kB     00:00    
(106/200): libksba-1.3.5-9.el8_7.x86_64.rpm     828 kB/s | 133 kB     00:00    
(107/200): libnghttp2-1.33.0-3.el8_2.1.x86_64.r 887 kB/s |  76 kB     00:00    
(108/200): libnsl2-1.2.0-2.20180605git4a062cf.e 636 kB/s |  57 kB     00:00    
(109/200): libmodulemd-2.13.0-1.el8.x86_64.rpm  593 kB/s | 232 kB     00:00    
(110/200): libmount-2.32.1-42.el8_8.x86_64.rpm  652 kB/s | 235 kB     00:00    
(111/200): libpsl-0.20.2-6.el8.x86_64.rpm       330 kB/s |  60 kB     00:00    
(112/200): libpwquality-1.4.4-6.el8.x86_64.rpm  773 kB/s | 106 kB     00:00    
(113/200): librepo-1.14.2-4.el8.x86_64.rpm      1.1 MB/s |  92 kB     00:00    
(114/200): libreport-filesystem-2.9.5-15.0.4.1. 326 kB/s |  20 kB     00:00    
(115/200): libseccomp-2.5.2-1.el8.x86_64.rpm    795 kB/s |  70 kB     00:00    
(116/200): libsecret-0.18.6-1.el8.x86_64.rpm    858 kB/s | 162 kB     00:00    
(117/200): libsemanage-2.9-9.el8_6.x86_64.rpm   1.0 MB/s | 167 kB     00:00    
(118/200): libsigsegv-2.11-5.el8.x86_64.rpm     862 kB/s |  29 kB     00:00    
(119/200): libselinux-2.9-8.el8.x86_64.rpm      529 kB/s | 165 kB     00:00    
(120/200): libsmartcols-2.32.1-42.el8_8.x86_64. 529 kB/s | 178 kB     00:00    
(121/200): libsolv-0.7.20-4.el8_7.x86_64.rpm    1.0 MB/s | 375 kB     00:00    
(122/200): libsepol-2.9-3.el8.x86_64.rpm        679 kB/s | 339 kB     00:00    
(123/200): libssh-config-0.9.6-10.el8_8.noarch. 590 kB/s |  19 kB     00:00    
(124/200): libtasn1-4.13-4.el8_7.x86_64.rpm     403 kB/s |  75 kB     00:00    
(125/200): libssh-0.9.6-10.el8_8.x86_64.rpm     591 kB/s | 217 kB     00:00    
(126/200): libstdc++-8.5.0-18.el8.x86_64.rpm    966 kB/s | 454 kB     00:00    
(127/200): libtirpc-1.1.4-8.el8.x86_64.rpm      417 kB/s | 112 kB     00:00    
(128/200): libusbx-1.0.23-4.el8.x86_64.rpm      1.1 MB/s |  73 kB     00:00    
(129/200): libutempter-1.1.6-14.el8.x86_64.rpm  470 kB/s |  31 kB     00:00    
(130/200): libunistring-0.9.9-3.el8.x86_64.rpm  1.2 MB/s | 421 kB     00:00    
(131/200): libverto-0.3.2-2.el8.x86_64.rpm      273 kB/s |  23 kB     00:00    
(132/200): libuuid-2.32.1-42.el8_8.x86_64.rpm   461 kB/s |  98 kB     00:00    
(133/200): libxcrypt-4.1.1-6.el8.x86_64.rpm     380 kB/s |  72 kB     00:00    
(134/200): libyaml-0.1.7-5.el8.x86_64.rpm       446 kB/s |  60 kB     00:00    
(135/200): lz4-libs-1.8.3-3.el8_4.x86_64.rpm    347 kB/s |  65 kB     00:00    
(136/200): lua-libs-5.3.4-12.el8.x86_64.rpm     449 kB/s | 117 kB     00:00    
(137/200): libxml2-2.9.7-16.el8_8.1.x86_64.rpm  1.1 MB/s | 696 kB     00:00    
(138/200): mpfr-3.1.6-1.el8.x86_64.rpm          594 kB/s | 220 kB     00:00    
(139/200): ncurses-base-6.1-9.20180224.el8_8.1. 388 kB/s |  80 kB     00:00    
(140/200): ncurses-6.1-9.20180224.el8_8.1.x86_6 826 kB/s | 386 kB     00:00    
(141/200): npth-1.5-4.el8.x86_64.rpm            679 kB/s |  25 kB     00:00    
(142/200): ncurses-libs-6.1-9.20180224.el8_8.1. 1.2 MB/s | 333 kB     00:00    
(143/200): nettle-3.4.1-7.el8.x86_64.rpm        636 kB/s | 300 kB     00:00    
(144/200): openldap-2.4.46-18.el8.x86_64.rpm    715 kB/s | 351 kB     00:00    
(145/200): openssl-1.1.1k-9.el8_7.x86_64.rpm    1.8 MB/s | 708 kB     00:00    
(146/200): openssl-pkcs11-0.4.10-3.el8.x86_64.r 1.1 MB/s |  65 kB     00:00    
(147/200): os-prober-1.74-9.el8.x86_64.rpm      1.4 MB/s |  50 kB     00:00    
(148/200): p11-kit-trust-0.23.22-1.el8.x86_64.r 468 kB/s | 136 kB     00:00    
(149/200): p11-kit-0.23.22-1.el8.x86_64.rpm     703 kB/s | 324 kB     00:00    
(150/200): pcre-8.42-6.el8.x86_64.rpm           1.3 MB/s | 210 kB     00:00    
(151/200): openssl-libs-1.1.1k-9.el8_7.x86_64.r 1.6 MB/s | 1.5 MB     00:00    
(152/200): pigz-2.4-4.el8.x86_64.rpm            2.2 MB/s |  79 kB     00:00    
(153/200): pcre2-10.32-3.el8_6.x86_64.rpm       1.6 MB/s | 246 kB     00:00    
(154/200): pam-1.3.1-25.el8.x86_64.rpm          1.2 MB/s | 744 kB     00:00    
(155/200): platform-python-3.6.8-51.el8_8.1.x86 396 kB/s |  85 kB     00:00    
(156/200): popt-1.18-1.el8.x86_64.rpm           428 kB/s |  60 kB     00:00    
(157/200): platform-python-setuptools-39.2.0-7. 1.5 MB/s | 631 kB     00:00    
(158/200): publicsuffix-list-dafsa-20180723-1.e 1.3 MB/s |  55 kB     00:00    
(159/200): platform-python-pip-9.0.3-22.el8.noa 2.4 MB/s | 1.6 MB     00:00    
(160/200): procps-ng-3.3.15-13.el8.x86_64.rpm   656 kB/s | 329 kB     00:00    
(161/200): python3-dbus-1.2.4-15.el8.x86_64.rpm 461 kB/s | 133 kB     00:00    
(162/200): python3-dateutil-2.6.1-6.el8.noarch. 605 kB/s | 250 kB     00:00    
(163/200): python3-dnf-4.7.0-16.el8_8.noarch.rp 1.3 MB/s | 549 kB     00:00    
(164/200): python3-gpg-1.13.1-11.el8.x86_64.rpm 988 kB/s | 237 kB     00:00    
(165/200): python3-hawkey-0.63.0-14.el8_8.x86_6 1.2 MB/s | 116 kB     00:00    
(166/200): python3-dnf-plugins-core-4.0.21-19.e 709 kB/s | 260 kB     00:00    
(167/200): python3-libcomps-0.1.18-1.el8.x86_64 304 kB/s |  51 kB     00:00    
(168/200): python3-libdnf-0.63.0-14.el8_8.x86_6 1.7 MB/s | 778 kB     00:00    
(169/200): python3-rpm-4.14.3-26.el8.x86_64.rpm 1.7 MB/s | 154 kB     00:00    
(170/200): python3-setuptools-wheel-39.2.0-7.el 2.0 MB/s | 288 kB     00:00    
(171/200): python3-pip-wheel-9.0.3-22.el8.noarc 1.4 MB/s | 894 kB     00:00    
(172/200): python3-six-1.11.0-8.el8.noarch.rpm  1.0 MB/s |  37 kB     00:00    
(173/200): readline-7.0-10.el8.x86_64.rpm       590 kB/s | 198 kB     00:00    
(174/200): rpm-build-libs-4.14.3-26.el8.x86_64. 1.2 MB/s | 156 kB     00:00    
(175/200): python3-libs-3.6.8-51.el8_8.1.x86_64 6.3 MB/s | 7.8 MB     00:01    
(176/200): rpm-4.14.3-26.el8.x86_64.rpm         1.0 MB/s | 543 kB     00:00    
(177/200): sed-4.5-5.el8.x86_64.rpm             6.5 MB/s | 297 kB     00:00    
(178/200): rpm-plugin-systemd-inhibit-4.14.3-26 1.1 MB/s |  78 kB     00:00    
(179/200): rpm-libs-4.14.3-26.el8.x86_64.rpm    1.7 MB/s | 344 kB     00:00    
(180/200): setup-2.12.2-9.el8.noarch.rpm        2.0 MB/s | 180 kB     00:00    
(181/200): sles_es-release-8.8-0.9.el8.x86_64.r 1.2 MB/s |  96 kB     00:00    
(182/200): sqlite-libs-3.26.0-18.el8_8.x86_64.r 2.1 MB/s | 580 kB     00:00    
(183/200): shared-mime-info-1.9-3.el8.x86_64.rp 751 kB/s | 327 kB     00:00    
(184/200): shadow-utils-4.6-17.el8.x86_64.rpm   1.5 MB/s | 1.2 MB     00:00    
(185/200): systemd-pam-239-74.el8_8.5.x86_64.rp 3.1 MB/s | 504 kB     00:00    
(186/200): systemd-239-74.el8_8.5.x86_64.rpm    4.6 MB/s | 3.6 MB     00:00    
(187/200): tpm2-tss-2.3.2-4.el8.x86_64.rpm      4.1 MB/s | 274 kB     00:00    
(188/200): systemd-libs-239-74.el8_8.5.x86_64.r 1.4 MB/s | 1.1 MB     00:00    
(189/200): trousers-lib-0.3.15-1.el8.x86_64.rpm 1.4 MB/s | 166 kB     00:00    
(190/200): trousers-0.3.15-1.el8.x86_64.rpm     561 kB/s | 152 kB     00:00    
(191/200): systemd-udev-239-74.el8_8.5.x86_64.r 1.7 MB/s | 1.6 MB     00:00    
(192/200): tzdata-2023c-1.el8.noarch.rpm        875 kB/s | 476 kB     00:00    
(193/200): which-2.21-18.el8.x86_64.rpm         350 kB/s |  48 kB     00:00    
(194/200): xz-5.2.4-4.el8_6.x86_64.rpm          1.1 MB/s | 152 kB     00:00    
(195/200): xz-libs-5.2.4-4.el8_6.x86_64.rpm     679 kB/s |  93 kB     00:00    
(196/200): yum-utils-4.0.21-19.el8_8.noarch.rpm 681 kB/s |  74 kB     00:00    
(197/200): sles_es-presets-1-4.el8.x86_64.rpm   367 kB/s | 9.2 kB     00:00    
(198/200): sles_es-rpm-macros-1-2.el8.noarch.rp 2.9 MB/s | 8.3 kB     00:00    
(199/200): util-linux-2.32.1-42.el8_8.x86_64.rp 3.0 MB/s | 2.5 MB     00:00    
(200/200): zlib-1.2.11-21.el8_7.x86_64.rpm      421 kB/s | 102 kB     00:00    
--------------------------------------------------------------------------------
Total                                           5.7 MB/s | 111 MB     00:19     
Running transaction check
Transaction check succeeded.
Running transaction test
Transaction test succeeded.
Running transaction
  Running scriptlet: filesystem-3.8-6.el8.x86_64                            1/1 
  Preparing        :                                                        1/1 
  Installing       : libgcc-8.5.0-18.el8.x86_64                           1/200 
  Running scriptlet: libgcc-8.5.0-18.el8.x86_64                           1/200 
  Installing       : tzdata-2023c-1.el8.noarch                            2/200 
  Installing       : sles_es-release-8.8-0.9.el8.x86_64                   3/200 
  Installing       : setup-2.12.2-9.el8.noarch                            4/200 
  Running scriptlet: setup-2.12.2-9.el8.noarch                            4/200 
  Installing       : filesystem-3.8-6.el8.x86_64                          5/200 
  Installing       : python3-setuptools-wheel-39.2.0-7.el8.noarch         6/200 
  Installing       : python3-pip-wheel-9.0.3-22.el8.noarch                7/200 
  Installing       : basesystem-11-5.el8.noarch                           8/200 
  Installing       : publicsuffix-list-dafsa-20180723-1.el8.noarch        9/200 
  Installing       : ncurses-base-6.1-9.20180224.el8_8.1.noarch          10/200 
  Installing       : pcre2-10.32-3.el8_6.x86_64                          11/200 
  Installing       : libselinux-2.9-8.el8.x86_64                         12/200 
  Installing       : ncurses-libs-6.1-9.20180224.el8_8.1.x86_64          13/200 
  Installing       : glibc-all-langpacks-2.28-225.el8.x86_64             14/200 
  Installing       : glibc-gconv-extra-2.28-225.el8.x86_64               15/200 
  Running scriptlet: glibc-gconv-extra-2.28-225.el8.x86_64               15/200 
  Installing       : glibc-common-2.28-225.el8.x86_64                    16/200 
  Running scriptlet: glibc-2.28-225.el8.x86_64                           17/200 
  Installing       : glibc-2.28-225.el8.x86_64                           17/200 
  Running scriptlet: glibc-2.28-225.el8.x86_64                           17/200 
  Installing       : bash-4.4.20-4.el8_6.x86_64                          18/200 
  Running scriptlet: bash-4.4.20-4.el8_6.x86_64                          18/200 
  Installing       : libsepol-2.9-3.el8.x86_64                           19/200 
  Running scriptlet: libsepol-2.9-3.el8.x86_64                           19/200 
  Installing       : zlib-1.2.11-21.el8_7.x86_64                         20/200 
  Installing       : xz-libs-5.2.4-4.el8_6.x86_64                        21/200 
  Installing       : libgpg-error-1.31-1.el8.x86_64                      22/200 
  Installing       : info-6.5-7.el8.x86_64                               23/200 
  Installing       : bzip2-libs-1.0.6-26.el8.x86_64                      24/200 
  Installing       : sqlite-libs-3.26.0-18.el8_8.x86_64                  25/200 
  Installing       : libxml2-2.9.7-16.el8_8.1.x86_64                     26/200 
  Installing       : libcap-2.48-5.el8_8.x86_64                          27/200 
  Installing       : elfutils-libelf-0.188-3.el8.x86_64                  28/200 
  Installing       : libzstd-1.4.4-1.el8.x86_64                          29/200 
  Installing       : expat-2.2.5-11.el8.x86_64                           30/200 
  Installing       : libxcrypt-4.1.1-6.el8.x86_64                        31/200 
  Installing       : popt-1.18-1.el8.x86_64                              32/200 
  Installing       : libunistring-0.9.9-3.el8.x86_64                     33/200 
  Installing       : readline-7.0-10.el8.x86_64                          34/200 
  Running scriptlet: readline-7.0-10.el8.x86_64                          34/200 
install-info: No such file or directory for /dev/null
install-info: No such file or directory for /dev/null

  Installing       : libgcrypt-1.8.5-7.el8_6.x86_64                      35/200 
  Running scriptlet: libgcrypt-1.8.5-7.el8_6.x86_64                      35/200 
  Installing       : gmp-1:6.1.2-10.el8.x86_64                           36/200 
  Running scriptlet: gmp-1:6.1.2-10.el8.x86_64                           36/200 
  Installing       : libcom_err-1.45.6-5.el8.x86_64                      37/200 
  Running scriptlet: libcom_err-1.45.6-5.el8.x86_64                      37/200 
  Installing       : libuuid-2.32.1-42.el8_8.x86_64                      38/200 
  Running scriptlet: libuuid-2.32.1-42.el8_8.x86_64                      38/200 
  Installing       : lua-libs-5.3.4-12.el8.x86_64                        39/200 
  Installing       : libidn2-2.2.0-1.el8.x86_64                          40/200 
  Installing       : chkconfig-1.19.1-1.el8.x86_64                       41/200 
  Installing       : libassuan-2.5.1-3.el8.x86_64                        42/200 
  Installing       : file-libs-5.33-24.el8.x86_64                        43/200 
  Installing       : json-c-0.13.1-3.el8.x86_64                          44/200 
  Installing       : libattr-2.4.48-3.el8.x86_64                         45/200 
  Installing       : libacl-2.2.53-1.el8.x86_64                          46/200 
  Installing       : sed-4.5-5.el8.x86_64                                47/200 
  Running scriptlet: sed-4.5-5.el8.x86_64                                47/200 
install-info: No such file or directory for /dev/null

  Installing       : libsmartcols-2.32.1-42.el8_8.x86_64                 48/200 
  Running scriptlet: libsmartcols-2.32.1-42.el8_8.x86_64                 48/200 
  Installing       : libstdc++-8.5.0-18.el8.x86_64                       49/200 
  Running scriptlet: libstdc++-8.5.0-18.el8.x86_64                       49/200 
  Installing       : libcap-ng-0.7.11-1.el8.x86_64                       50/200 
  Installing       : audit-libs-3.0.7-4.el8.x86_64                       51/200 
  Installing       : libffi-3.1-24.el8.x86_64                            52/200 
  Installing       : p11-kit-0.23.22-1.el8.x86_64                        53/200 
  Installing       : lz4-libs-1.8.3-3.el8_4.x86_64                       54/200 
  Installing       : findutils-1:4.6.0-20.el8_8.1.x86_64                 55/200 
  Running scriptlet: findutils-1:4.6.0-20.el8_8.1.x86_64                 55/200 
  Installing       : libgomp-8.5.0-18.el8.x86_64                         56/200 
  Running scriptlet: libgomp-8.5.0-18.el8.x86_64                         56/200 
  Installing       : libksba-1.3.5-9.el8_7.x86_64                        57/200 
  Installing       : grub2-common-1:2.02-148.el8_8.1.noarch              58/200 
  Installing       : gdbm-libs-1:1.18-2.el8.x86_64                       59/200 
  Installing       : keyutils-libs-1.5.10-9.el8.x86_64                   60/200 
  Installing       : libtasn1-4.13-4.el8_7.x86_64                        61/200 
  Running scriptlet: libtasn1-4.13-4.el8_7.x86_64                        61/200 
  Installing       : p11-kit-trust-0.23.22-1.el8.x86_64                  62/200 
  Running scriptlet: p11-kit-trust-0.23.22-1.el8.x86_64                  62/200 
  Installing       : pcre-8.42-6.el8.x86_64                              63/200 
  Installing       : grep-3.1-6.el8.x86_64                               64/200 
  Running scriptlet: grep-3.1-6.el8.x86_64                               64/200 
  Installing       : xz-5.2.4-4.el8_6.x86_64                             65/200 
  Installing       : gdbm-1:1.18-2.el8.x86_64                            66/200 
  Installing       : libsemanage-2.9-9.el8_6.x86_64                      67/200 
  Installing       : acl-2.2.53-1.el8.x86_64                             68/200 
  Installing       : file-5.33-24.el8.x86_64                             69/200 
  Installing       : libpsl-0.20.2-6.el8.x86_64                          70/200 
  Installing       : mpfr-3.1.6-1.el8.x86_64                             71/200 
  Running scriptlet: mpfr-3.1.6-1.el8.x86_64                             71/200 
  Installing       : nettle-3.4.1-7.el8.x86_64                           72/200 
  Running scriptlet: nettle-3.4.1-7.el8.x86_64                           72/200 
  Installing       : libcomps-0.1.18-1.el8.x86_64                        73/200 
  Installing       : coreutils-common-8.30-15.el8.x86_64                 74/200 
  Running scriptlet: coreutils-common-8.30-15.el8.x86_64                 74/200 
  Installing       : diffutils-3.6-6.el8.x86_64                          75/200 
  Running scriptlet: diffutils-3.6-6.el8.x86_64                          75/200 
  Installing       : pigz-2.4-4.el8.x86_64                               76/200 
  Installing       : memstrack-0.2.4-2.el8.x86_64                        77/200 
  Installing       : brotli-1.0.6-3.el8.x86_64                           78/200 
  Installing       : cpio-2.12-11.el8.x86_64                             79/200 
  Installing       : hardlink-1:1.3-6.el8.x86_64                         80/200 
  Installing       : libnghttp2-1.33.0-3.el8_2.1.x86_64                  81/200 
  Installing       : libseccomp-2.5.2-1.el8.x86_64                       82/200 
  Running scriptlet: libseccomp-2.5.2-1.el8.x86_64                       82/200 
  Installing       : libsigsegv-2.11-5.el8.x86_64                        83/200 
  Installing       : gawk-4.2.1-4.el8.x86_64                             84/200 
  Installing       : libverto-0.3.2-2.el8.x86_64                         85/200 
  Installing       : libyaml-0.1.7-5.el8.x86_64                          86/200 
  Installing       : ncurses-6.1-9.20180224.el8_8.1.x86_64               87/200 
  Installing       : npth-1.5-4.el8.x86_64                               88/200 
  Installing       : libssh-config-0.9.6-10.el8_8.noarch                 89/200 
  Installing       : libreport-filesystem-2.9.5-15.0.4.1.el8.x86_64      90/200 
  Installing       : dnf-data-4.7.0-16.el8_8.noarch                      91/200 
  Installing       : kbd-misc-2.0.4-10.el8.noarch                        92/200 
  Installing       : kbd-legacy-2.0.4-10.el8.noarch                      93/200 
  Installing       : xkeyboard-config-2.28-1.el8.noarch                  94/200 
  Installing       : libxkbcommon-0.9.1-1.el8.x86_64                     95/200 
  Installing       : cyrus-sasl-lib-2.1.27-6.el8_5.x86_64                96/200 
  Running scriptlet: cyrus-sasl-lib-2.1.27-6.el8_5.x86_64                96/200 
  Installing       : platform-python-pip-9.0.3-22.el8.noarch             97/200 
  Installing       : platform-python-setuptools-39.2.0-7.el8.noarch      98/200 
  Installing       : python3-libs-3.6.8-51.el8_8.1.x86_64                99/200 
  Installing       : grub2-tools-minimal-1:2.02-148.el8_8.1.x86_64      100/200 
  Installing       : libssh-0.9.6-10.el8_8.x86_64                       101/200 
  Installing       : openldap-2.4.46-18.el8.x86_64                      102/200 
  Installing       : platform-python-3.6.8-51.el8_8.1.x86_64            103/200 
  Running scriptlet: platform-python-3.6.8-51.el8_8.1.x86_64            103/200 
  Installing       : grubby-8.40-47.el8.x86_64                          104/200 
  Installing       : libkcapi-1.2.0-2.el8.x86_64                        105/200 
  Installing       : libkcapi-hmaccalc-1.2.0-2.el8.x86_64               106/200 
  Installing       : libarchive-3.3.3-5.el8.x86_64                      107/200 
  Installing       : libdb-utils-5.3.28-42.el8_4.x86_64                 108/200 
  Installing       : curl-7.61.1-30.el8_8.3.x86_64                      109/200 
  Installing       : libcurl-7.61.1-30.el8_8.3.x86_64                   110/200 
  Installing       : openssl-1:1.1.1k-9.el8_7.x86_64                    111/200 
  Installing       : crypto-policies-scripts-20221215-1.gitece0092.el   112/200 
  Installing       : crypto-policies-20221215-1.gitece0092.el8.noarch   113/200 
  Running scriptlet: crypto-policies-20221215-1.gitece0092.el8.noarch   113/200 
  Installing       : elfutils-default-yama-scope-0.188-3.el8.noarch     114/200 
  Running scriptlet: elfutils-default-yama-scope-0.188-3.el8.noarch     114/200 
  Installing       : gzip-1.9-13.el8_5.x86_64                           115/200 
  Running scriptlet: gzip-1.9-13.el8_5.x86_64                           115/200 
  Installing       : cracklib-2.9.6-15.el8.x86_64                       116/200 
  Installing       : cracklib-dicts-2.9.6-15.el8.x86_64                 117/200 
  Installing       : procps-ng-3.3.15-13.el8.x86_64                     118/200 
  Installing       : krb5-libs-1.18.2-25.el8_8.x86_64                   119/200 
  Installing       : libtirpc-1.1.4-8.el8.x86_64                        120/200 
  Running scriptlet: libtirpc-1.1.4-8.el8.x86_64                        120/200 
  Installing       : libnsl2-1.2.0-2.20180605git4a062cf.el8.x86_64      121/200 
  Running scriptlet: libnsl2-1.2.0-2.20180605git4a062cf.el8.x86_64      121/200 
  Installing       : kpartx-0.8.4-37.el8.x86_64                         122/200 
  Installing       : device-mapper-8:1.02.181-9.el8.x86_64              123/200 
  Installing       : elfutils-debuginfod-client-0.188-3.el8.x86_64      124/200 
  Installing       : elfutils-libs-0.188-3.el8.x86_64                   125/200 
  Installing       : openssl-pkcs11-0.4.10-3.el8.x86_64                 126/200 
  Installing       : rpm-4.14.3-26.el8.x86_64                           127/200 
  Installing       : gettext-libs-0.19.8.1-17.el8.x86_64                128/200 
  Installing       : libcroco-0.6.12-4.el8_2.1.x86_64                   129/200 
  Running scriptlet: libcroco-0.6.12-4.el8_2.1.x86_64                   129/200 
  Installing       : dbus-common-1:1.12.8-24.el8_8.1.noarch             130/200 
  Installing       : libfdisk-2.32.1-42.el8_8.x86_64                    131/200 
  Running scriptlet: libfdisk-2.32.1-42.el8_8.x86_64                    131/200 
  Installing       : libmount-2.32.1-42.el8_8.x86_64                    132/200 
  Running scriptlet: libmount-2.32.1-42.el8_8.x86_64                    132/200 
  Installing       : dbus-libs-1:1.12.8-24.el8_8.1.x86_64               133/200 
  Running scriptlet: dbus-libs-1:1.12.8-24.el8_8.1.x86_64               133/200 
  Installing       : dbus-tools-1:1.12.8-24.el8_8.1.x86_64              134/200 
  Installing       : which-2.21-18.el8.x86_64                           135/200 
  Installing       : coreutils-8.30-15.el8.x86_64                       136/200 
  Installing       : systemd-libs-239-74.el8_8.5.x86_64                 137/200 
  Running scriptlet: systemd-libs-239-74.el8_8.5.x86_64                 137/200 
  Installing       : libblkid-2.32.1-42.el8_8.x86_64                    138/200 
  Running scriptlet: libblkid-2.32.1-42.el8_8.x86_64                    138/200 
  Installing       : shadow-utils-2:4.6-17.el8.x86_64                   139/200 
  Installing       : device-mapper-libs-8:1.02.181-9.el8.x86_64         140/200 
  Running scriptlet: ca-certificates-2023.2.60_v7.0.306-80.0.el8_8.no   141/200 
  Installing       : ca-certificates-2023.2.60_v7.0.306-80.0.el8_8.no   141/200 
  Running scriptlet: ca-certificates-2023.2.60_v7.0.306-80.0.el8_8.no   141/200 
  Installing       : openssl-libs-1:1.1.1k-9.el8_7.x86_64               142/200 
  Running scriptlet: openssl-libs-1:1.1.1k-9.el8_7.x86_64               142/200 
  Installing       : libdb-5.3.28-42.el8_4.x86_64                       143/200 
  Running scriptlet: libdb-5.3.28-42.el8_4.x86_64                       143/200 
  Installing       : rpm-libs-4.14.3-26.el8.x86_64                      144/200 
  Running scriptlet: rpm-libs-4.14.3-26.el8.x86_64                      144/200 
  Installing       : kmod-25-19.el8.x86_64                              145/200 
  Installing       : kmod-libs-25-19.el8.x86_64                         146/200 
  Running scriptlet: kmod-libs-25-19.el8.x86_64                         146/200 
  Installing       : cryptsetup-libs-2.3.7-5.el8.x86_64                 147/200 
  Running scriptlet: cryptsetup-libs-2.3.7-5.el8.x86_64                 147/200 
  Installing       : trousers-lib-0.3.15-1.el8.x86_64                   148/200 
  Running scriptlet: trousers-lib-0.3.15-1.el8.x86_64                   148/200 
  Running scriptlet: dbus-daemon-1:1.12.8-24.el8_8.1.x86_64             149/200 
  Installing       : dbus-daemon-1:1.12.8-24.el8_8.1.x86_64             149/200 
  Running scriptlet: dbus-daemon-1:1.12.8-24.el8_8.1.x86_64             149/200 
  Running scriptlet: libutempter-1.1.6-14.el8.x86_64                    150/200 
  Installing       : libutempter-1.1.6-14.el8.x86_64                    150/200 
  Installing       : kbd-2.0.4-10.el8.x86_64                            151/200 
  Installing       : libpwquality-1.4.4-6.el8.x86_64                    152/200 
  Installing       : pam-1.3.1-25.el8.x86_64                            153/200 
  Running scriptlet: pam-1.3.1-25.el8.x86_64                            153/200 
  Installing       : util-linux-2.32.1-42.el8_8.x86_64                  154/200 
  Running scriptlet: util-linux-2.32.1-42.el8_8.x86_64                  154/200 
  Installing       : systemd-pam-239-74.el8_8.5.x86_64                  155/200 
  Installing       : dracut-049-223.git20230119.el8.x86_64              156/200 
  Installing       : os-prober-1.74-9.el8.x86_64                        157/200 
  Installing       : gettext-0.19.8.1-17.el8.x86_64                     158/200 
  Running scriptlet: gettext-0.19.8.1-17.el8.x86_64                     158/200 
  Running scriptlet: grub2-tools-1:2.02-148.el8_8.1.x86_64              159/200 
  Installing       : grub2-tools-1:2.02-148.el8_8.1.x86_64              159/200 
  Running scriptlet: grub2-tools-1:2.02-148.el8_8.1.x86_64              159/200 
  Installing       : glib2-2.56.4-161.el8.x86_64                        160/200 
  Installing       : shared-mime-info-1.9-3.el8.x86_64                  161/200 
  Running scriptlet: shared-mime-info-1.9-3.el8.x86_64                  161/200 
  Installing       : gnutls-3.6.16-6.el8_7.x86_64                       162/200 
  Installing       : dbus-1:1.12.8-24.el8_8.1.x86_64                    163/200 
  Running scriptlet: systemd-239-74.el8_8.5.x86_64                      164/200 
  Installing       : systemd-239-74.el8_8.5.x86_64                      164/200 
  Running scriptlet: systemd-239-74.el8_8.5.x86_64                      164/200 
  Installing       : systemd-udev-239-74.el8_8.5.x86_64                 165/200 
  Running scriptlet: systemd-udev-239-74.el8_8.5.x86_64                 165/200 
Failed to open /dev/urandom: No such file or directory

  Running scriptlet: trousers-0.3.15-1.el8.x86_64                       166/200 
  Installing       : trousers-0.3.15-1.el8.x86_64                       166/200 
  Running scriptlet: trousers-0.3.15-1.el8.x86_64                       166/200 
  Installing       : libmodulemd-2.13.0-1.el8.x86_64                    167/200 
  Installing       : libsolv-0.7.20-4.el8_7.x86_64                      168/200 
  Installing       : libevent-2.1.8-5.el8.x86_64                        169/200 
  Running scriptlet: unbound-libs-1.16.2-5.el8.x86_64                   170/200 
  Installing       : unbound-libs-1.16.2-5.el8.x86_64                   170/200 
  Running scriptlet: unbound-libs-1.16.2-5.el8.x86_64                   170/200 
  Installing       : python3-unbound-1.16.2-5.el8.x86_64                171/200 
  Installing       : dbus-glib-0.110-2.el8.x86_64                       172/200 
  Running scriptlet: dbus-glib-0.110-2.el8.x86_64                       172/200 
  Installing       : python3-dbus-1.2.4-15.el8.x86_64                   173/200 
  Installing       : libsecret-0.18.6-1.el8.x86_64                      174/200 
  Installing       : pinentry-1.1.0-2.el8.x86_64                        175/200 
  Running scriptlet: pinentry-1.1.0-2.el8.x86_64                        175/200 
  Installing       : rpm-plugin-systemd-inhibit-4.14.3-26.el8.x86_64    176/200 
  Running scriptlet: tpm2-tss-2.3.2-4.el8.x86_64                        177/200 
  Installing       : tpm2-tss-2.3.2-4.el8.x86_64                        177/200 
  Running scriptlet: tpm2-tss-2.3.2-4.el8.x86_64                        177/200 
  Installing       : ima-evm-utils-1.3.2-12.el8.x86_64                  178/200 
  Installing       : python3-systemd-234-8.el8.x86_64                   179/200 
  Installing       : libusbx-1.0.23-4.el8.x86_64                        180/200 
  Installing       : gnupg2-smime-2.2.20-3.el8_6.x86_64                 181/200 
  Installing       : gnupg2-2.2.20-3.el8_6.x86_64                       182/200 
  Installing       : gpgme-1.13.1-11.el8.x86_64                         183/200 
  Installing       : librepo-1.14.2-4.el8.x86_64                        184/200 
  Installing       : libdnf-0.63.0-14.el8_8.x86_64                      185/200 
  Installing       : python3-libdnf-0.63.0-14.el8_8.x86_64              186/200 
  Installing       : python3-hawkey-0.63.0-14.el8_8.x86_64              187/200 
  Installing       : python3-gpg-1.13.1-11.el8.x86_64                   188/200 
  Installing       : rpm-build-libs-4.14.3-26.el8.x86_64                189/200 
  Running scriptlet: rpm-build-libs-4.14.3-26.el8.x86_64                189/200 
  Installing       : python3-rpm-4.14.3-26.el8.x86_64                   190/200 
  Installing       : python3-libcomps-0.1.18-1.el8.x86_64               191/200 
  Installing       : python3-dnf-4.7.0-16.el8_8.noarch                  192/200 
  Installing       : dnf-4.7.0-16.el8_8.noarch                          193/200 
  Running scriptlet: dnf-4.7.0-16.el8_8.noarch                          193/200 
  Installing       : python3-six-1.11.0-8.el8.noarch                    194/200 
  Installing       : python3-dateutil-1:2.6.1-6.el8.noarch              195/200 
  Installing       : python3-dnf-plugins-core-4.0.21-19.el8_8.noarch    196/200 
  Installing       : dnf-plugins-core-4.0.21-19.el8_8.noarch            197/200 
  Installing       : yum-utils-4.0.21-19.el8_8.noarch                   198/200 
  Installing       : sles_es-presets-1-4.el8.x86_64                     199/200 
  Running scriptlet: sles_es-presets-1-4.el8.x86_64                     199/200 
  Installing       : sles_es-rpm-macros-1-2.el8.noarch                  200/200 
  Running scriptlet: filesystem-3.8-6.el8.x86_64                        200/200 
  Running scriptlet: glibc-all-langpacks-2.28-225.el8.x86_64            200/200 
  Running scriptlet: crypto-policies-scripts-20221215-1.gitece0092.el   200/200 
  Running scriptlet: ca-certificates-2023.2.60_v7.0.306-80.0.el8_8.no   200/200 
  Running scriptlet: sles_es-rpm-macros-1-2.el8.noarch                  200/200 
  Verifying        : libxkbcommon-0.9.1-1.el8.x86_64                      1/200 
  Verifying        : libzstd-1.4.4-1.el8.x86_64                           2/200 
  Verifying        : memstrack-0.2.4-2.el8.x86_64                         3/200 
  Verifying        : pinentry-1.1.0-2.el8.x86_64                          4/200 
  Verifying        : python3-systemd-234-8.el8.x86_64                     5/200 
  Verifying        : python3-unbound-1.16.2-5.el8.x86_64                  6/200 
  Verifying        : unbound-libs-1.16.2-5.el8.x86_64                     7/200 
  Verifying        : xkeyboard-config-2.28-1.el8.noarch                   8/200 
  Verifying        : acl-2.2.53-1.el8.x86_64                              9/200 
  Verifying        : audit-libs-3.0.7-4.el8.x86_64                       10/200 
  Verifying        : basesystem-11-5.el8.noarch                          11/200 
  Verifying        : bash-4.4.20-4.el8_6.x86_64                          12/200 
  Verifying        : brotli-1.0.6-3.el8.x86_64                           13/200 
  Verifying        : bzip2-libs-1.0.6-26.el8.x86_64                      14/200 
  Verifying        : ca-certificates-2023.2.60_v7.0.306-80.0.el8_8.no    15/200 
  Verifying        : chkconfig-1.19.1-1.el8.x86_64                       16/200 
  Verifying        : coreutils-8.30-15.el8.x86_64                        17/200 
  Verifying        : coreutils-common-8.30-15.el8.x86_64                 18/200 
  Verifying        : cpio-2.12-11.el8.x86_64                             19/200 
  Verifying        : cracklib-2.9.6-15.el8.x86_64                        20/200 
  Verifying        : cracklib-dicts-2.9.6-15.el8.x86_64                  21/200 
  Verifying        : crypto-policies-20221215-1.gitece0092.el8.noarch    22/200 
  Verifying        : crypto-policies-scripts-20221215-1.gitece0092.el    23/200 
  Verifying        : cryptsetup-libs-2.3.7-5.el8.x86_64                  24/200 
  Verifying        : curl-7.61.1-30.el8_8.3.x86_64                       25/200 
  Verifying        : cyrus-sasl-lib-2.1.27-6.el8_5.x86_64                26/200 
  Verifying        : dbus-1:1.12.8-24.el8_8.1.x86_64                     27/200 
  Verifying        : dbus-common-1:1.12.8-24.el8_8.1.noarch              28/200 
  Verifying        : dbus-daemon-1:1.12.8-24.el8_8.1.x86_64              29/200 
  Verifying        : dbus-glib-0.110-2.el8.x86_64                        30/200 
  Verifying        : dbus-libs-1:1.12.8-24.el8_8.1.x86_64                31/200 
  Verifying        : dbus-tools-1:1.12.8-24.el8_8.1.x86_64               32/200 
  Verifying        : device-mapper-8:1.02.181-9.el8.x86_64               33/200 
  Verifying        : device-mapper-libs-8:1.02.181-9.el8.x86_64          34/200 
  Verifying        : diffutils-3.6-6.el8.x86_64                          35/200 
  Verifying        : dnf-4.7.0-16.el8_8.noarch                           36/200 
  Verifying        : dnf-data-4.7.0-16.el8_8.noarch                      37/200 
  Verifying        : dnf-plugins-core-4.0.21-19.el8_8.noarch             38/200 
  Verifying        : dracut-049-223.git20230119.el8.x86_64               39/200 
  Verifying        : elfutils-debuginfod-client-0.188-3.el8.x86_64       40/200 
  Verifying        : elfutils-default-yama-scope-0.188-3.el8.noarch      41/200 
  Verifying        : elfutils-libelf-0.188-3.el8.x86_64                  42/200 
  Verifying        : elfutils-libs-0.188-3.el8.x86_64                    43/200 
  Verifying        : expat-2.2.5-11.el8.x86_64                           44/200 
  Verifying        : file-5.33-24.el8.x86_64                             45/200 
  Verifying        : file-libs-5.33-24.el8.x86_64                        46/200 
  Verifying        : filesystem-3.8-6.el8.x86_64                         47/200 
  Verifying        : findutils-1:4.6.0-20.el8_8.1.x86_64                 48/200 
  Verifying        : gawk-4.2.1-4.el8.x86_64                             49/200 
  Verifying        : gdbm-1:1.18-2.el8.x86_64                            50/200 
  Verifying        : gdbm-libs-1:1.18-2.el8.x86_64                       51/200 
  Verifying        : gettext-0.19.8.1-17.el8.x86_64                      52/200 
  Verifying        : gettext-libs-0.19.8.1-17.el8.x86_64                 53/200 
  Verifying        : glib2-2.56.4-161.el8.x86_64                         54/200 
  Verifying        : glibc-2.28-225.el8.x86_64                           55/200 
  Verifying        : glibc-all-langpacks-2.28-225.el8.x86_64             56/200 
  Verifying        : glibc-common-2.28-225.el8.x86_64                    57/200 
  Verifying        : glibc-gconv-extra-2.28-225.el8.x86_64               58/200 
  Verifying        : gmp-1:6.1.2-10.el8.x86_64                           59/200 
  Verifying        : gnupg2-2.2.20-3.el8_6.x86_64                        60/200 
  Verifying        : gnupg2-smime-2.2.20-3.el8_6.x86_64                  61/200 
  Verifying        : gnutls-3.6.16-6.el8_7.x86_64                        62/200 
  Verifying        : gpgme-1.13.1-11.el8.x86_64                          63/200 
  Verifying        : grep-3.1-6.el8.x86_64                               64/200 
  Verifying        : grub2-common-1:2.02-148.el8_8.1.noarch              65/200 
  Verifying        : grub2-tools-1:2.02-148.el8_8.1.x86_64               66/200 
  Verifying        : grub2-tools-minimal-1:2.02-148.el8_8.1.x86_64       67/200 
  Verifying        : grubby-8.40-47.el8.x86_64                           68/200 
  Verifying        : gzip-1.9-13.el8_5.x86_64                            69/200 
  Verifying        : hardlink-1:1.3-6.el8.x86_64                         70/200 
  Verifying        : ima-evm-utils-1.3.2-12.el8.x86_64                   71/200 
  Verifying        : info-6.5-7.el8.x86_64                               72/200 
  Verifying        : json-c-0.13.1-3.el8.x86_64                          73/200 
  Verifying        : kbd-2.0.4-10.el8.x86_64                             74/200 
  Verifying        : kbd-legacy-2.0.4-10.el8.noarch                      75/200 
  Verifying        : kbd-misc-2.0.4-10.el8.noarch                        76/200 
  Verifying        : keyutils-libs-1.5.10-9.el8.x86_64                   77/200 
  Verifying        : kmod-25-19.el8.x86_64                               78/200 
  Verifying        : kmod-libs-25-19.el8.x86_64                          79/200 
  Verifying        : kpartx-0.8.4-37.el8.x86_64                          80/200 
  Verifying        : krb5-libs-1.18.2-25.el8_8.x86_64                    81/200 
  Verifying        : libacl-2.2.53-1.el8.x86_64                          82/200 
  Verifying        : libarchive-3.3.3-5.el8.x86_64                       83/200 
  Verifying        : libassuan-2.5.1-3.el8.x86_64                        84/200 
  Verifying        : libattr-2.4.48-3.el8.x86_64                         85/200 
  Verifying        : libblkid-2.32.1-42.el8_8.x86_64                     86/200 
  Verifying        : libcap-2.48-5.el8_8.x86_64                          87/200 
  Verifying        : libcap-ng-0.7.11-1.el8.x86_64                       88/200 
  Verifying        : libcom_err-1.45.6-5.el8.x86_64                      89/200 
  Verifying        : libcomps-0.1.18-1.el8.x86_64                        90/200 
  Verifying        : libcroco-0.6.12-4.el8_2.1.x86_64                    91/200 
  Verifying        : libcurl-7.61.1-30.el8_8.3.x86_64                    92/200 
  Verifying        : libdb-5.3.28-42.el8_4.x86_64                        93/200 
  Verifying        : libdb-utils-5.3.28-42.el8_4.x86_64                  94/200 
  Verifying        : libdnf-0.63.0-14.el8_8.x86_64                       95/200 
  Verifying        : libevent-2.1.8-5.el8.x86_64                         96/200 
  Verifying        : libfdisk-2.32.1-42.el8_8.x86_64                     97/200 
  Verifying        : libffi-3.1-24.el8.x86_64                            98/200 
  Verifying        : libgcc-8.5.0-18.el8.x86_64                          99/200 
  Verifying        : libgcrypt-1.8.5-7.el8_6.x86_64                     100/200 
  Verifying        : libgomp-8.5.0-18.el8.x86_64                        101/200 
  Verifying        : libgpg-error-1.31-1.el8.x86_64                     102/200 
  Verifying        : libidn2-2.2.0-1.el8.x86_64                         103/200 
  Verifying        : libkcapi-1.2.0-2.el8.x86_64                        104/200 
  Verifying        : libkcapi-hmaccalc-1.2.0-2.el8.x86_64               105/200 
  Verifying        : libksba-1.3.5-9.el8_7.x86_64                       106/200 
  Verifying        : libmodulemd-2.13.0-1.el8.x86_64                    107/200 
  Verifying        : libmount-2.32.1-42.el8_8.x86_64                    108/200 
  Verifying        : libnghttp2-1.33.0-3.el8_2.1.x86_64                 109/200 
  Verifying        : libnsl2-1.2.0-2.20180605git4a062cf.el8.x86_64      110/200 
  Verifying        : libpsl-0.20.2-6.el8.x86_64                         111/200 
  Verifying        : libpwquality-1.4.4-6.el8.x86_64                    112/200 
  Verifying        : librepo-1.14.2-4.el8.x86_64                        113/200 
  Verifying        : libreport-filesystem-2.9.5-15.0.4.1.el8.x86_64     114/200 
  Verifying        : libseccomp-2.5.2-1.el8.x86_64                      115/200 
  Verifying        : libsecret-0.18.6-1.el8.x86_64                      116/200 
  Verifying        : libselinux-2.9-8.el8.x86_64                        117/200 
  Verifying        : libsemanage-2.9-9.el8_6.x86_64                     118/200 
  Verifying        : libsepol-2.9-3.el8.x86_64                          119/200 
  Verifying        : libsigsegv-2.11-5.el8.x86_64                       120/200 
  Verifying        : libsmartcols-2.32.1-42.el8_8.x86_64                121/200 
  Verifying        : libsolv-0.7.20-4.el8_7.x86_64                      122/200 
  Verifying        : libssh-0.9.6-10.el8_8.x86_64                       123/200 
  Verifying        : libssh-config-0.9.6-10.el8_8.noarch                124/200 
  Verifying        : libstdc++-8.5.0-18.el8.x86_64                      125/200 
  Verifying        : libtasn1-4.13-4.el8_7.x86_64                       126/200 
  Verifying        : libtirpc-1.1.4-8.el8.x86_64                        127/200 
  Verifying        : libunistring-0.9.9-3.el8.x86_64                    128/200 
  Verifying        : libusbx-1.0.23-4.el8.x86_64                        129/200 
  Verifying        : libutempter-1.1.6-14.el8.x86_64                    130/200 
  Verifying        : libuuid-2.32.1-42.el8_8.x86_64                     131/200 
  Verifying        : libverto-0.3.2-2.el8.x86_64                        132/200 
  Verifying        : libxcrypt-4.1.1-6.el8.x86_64                       133/200 
  Verifying        : libxml2-2.9.7-16.el8_8.1.x86_64                    134/200 
  Verifying        : libyaml-0.1.7-5.el8.x86_64                         135/200 
  Verifying        : lua-libs-5.3.4-12.el8.x86_64                       136/200 
  Verifying        : lz4-libs-1.8.3-3.el8_4.x86_64                      137/200 
  Verifying        : mpfr-3.1.6-1.el8.x86_64                            138/200 
  Verifying        : ncurses-6.1-9.20180224.el8_8.1.x86_64              139/200 
  Verifying        : ncurses-base-6.1-9.20180224.el8_8.1.noarch         140/200 
  Verifying        : ncurses-libs-6.1-9.20180224.el8_8.1.x86_64         141/200 
  Verifying        : nettle-3.4.1-7.el8.x86_64                          142/200 
  Verifying        : npth-1.5-4.el8.x86_64                              143/200 
  Verifying        : openldap-2.4.46-18.el8.x86_64                      144/200 
  Verifying        : openssl-1:1.1.1k-9.el8_7.x86_64                    145/200 
  Verifying        : openssl-libs-1:1.1.1k-9.el8_7.x86_64               146/200 
  Verifying        : openssl-pkcs11-0.4.10-3.el8.x86_64                 147/200 
  Verifying        : os-prober-1.74-9.el8.x86_64                        148/200 
  Verifying        : p11-kit-0.23.22-1.el8.x86_64                       149/200 
  Verifying        : p11-kit-trust-0.23.22-1.el8.x86_64                 150/200 
  Verifying        : pam-1.3.1-25.el8.x86_64                            151/200 
  Verifying        : pcre-8.42-6.el8.x86_64                             152/200 
  Verifying        : pcre2-10.32-3.el8_6.x86_64                         153/200 
  Verifying        : pigz-2.4-4.el8.x86_64                              154/200 
  Verifying        : platform-python-3.6.8-51.el8_8.1.x86_64            155/200 
  Verifying        : platform-python-pip-9.0.3-22.el8.noarch            156/200 
  Verifying        : platform-python-setuptools-39.2.0-7.el8.noarch     157/200 
  Verifying        : popt-1.18-1.el8.x86_64                             158/200 
  Verifying        : procps-ng-3.3.15-13.el8.x86_64                     159/200 
  Verifying        : publicsuffix-list-dafsa-20180723-1.el8.noarch      160/200 
  Verifying        : python3-dateutil-1:2.6.1-6.el8.noarch              161/200 
  Verifying        : python3-dbus-1.2.4-15.el8.x86_64                   162/200 
  Verifying        : python3-dnf-4.7.0-16.el8_8.noarch                  163/200 
  Verifying        : python3-dnf-plugins-core-4.0.21-19.el8_8.noarch    164/200 
  Verifying        : python3-gpg-1.13.1-11.el8.x86_64                   165/200 
  Verifying        : python3-hawkey-0.63.0-14.el8_8.x86_64              166/200 
  Verifying        : python3-libcomps-0.1.18-1.el8.x86_64               167/200 
  Verifying        : python3-libdnf-0.63.0-14.el8_8.x86_64              168/200 
  Verifying        : python3-libs-3.6.8-51.el8_8.1.x86_64               169/200 
  Verifying        : python3-pip-wheel-9.0.3-22.el8.noarch              170/200 
  Verifying        : python3-rpm-4.14.3-26.el8.x86_64                   171/200 
  Verifying        : python3-setuptools-wheel-39.2.0-7.el8.noarch       172/200 
  Verifying        : python3-six-1.11.0-8.el8.noarch                    173/200 
  Verifying        : readline-7.0-10.el8.x86_64                         174/200 
  Verifying        : rpm-4.14.3-26.el8.x86_64                           175/200 
  Verifying        : rpm-build-libs-4.14.3-26.el8.x86_64                176/200 
  Verifying        : rpm-libs-4.14.3-26.el8.x86_64                      177/200 
  Verifying        : rpm-plugin-systemd-inhibit-4.14.3-26.el8.x86_64    178/200 
  Verifying        : sed-4.5-5.el8.x86_64                               179/200 
  Verifying        : setup-2.12.2-9.el8.noarch                          180/200 
  Verifying        : shadow-utils-2:4.6-17.el8.x86_64                   181/200 
  Verifying        : shared-mime-info-1.9-3.el8.x86_64                  182/200 
  Verifying        : sles_es-release-8.8-0.9.el8.x86_64                 183/200 
  Verifying        : sqlite-libs-3.26.0-18.el8_8.x86_64                 184/200 
  Verifying        : systemd-239-74.el8_8.5.x86_64                      185/200 
  Verifying        : systemd-libs-239-74.el8_8.5.x86_64                 186/200 
  Verifying        : systemd-pam-239-74.el8_8.5.x86_64                  187/200 
  Verifying        : systemd-udev-239-74.el8_8.5.x86_64                 188/200 
  Verifying        : tpm2-tss-2.3.2-4.el8.x86_64                        189/200 
  Verifying        : trousers-0.3.15-1.el8.x86_64                       190/200 
  Verifying        : trousers-lib-0.3.15-1.el8.x86_64                   191/200 
  Verifying        : tzdata-2023c-1.el8.noarch                          192/200 
  Verifying        : util-linux-2.32.1-42.el8_8.x86_64                  193/200 
  Verifying        : which-2.21-18.el8.x86_64                           194/200 
  Verifying        : xz-5.2.4-4.el8_6.x86_64                            195/200 
  Verifying        : xz-libs-5.2.4-4.el8_6.x86_64                       196/200 
  Verifying        : yum-utils-4.0.21-19.el8_8.noarch                   197/200 
  Verifying        : zlib-1.2.11-21.el8_7.x86_64                        198/200 
  Verifying        : sles_es-presets-1-4.el8.x86_64                     199/200 
  Verifying        : sles_es-rpm-macros-1-2.el8.noarch                  200/200 

Installed:
  acl-2.2.53-1.el8.x86_64                                                       
  audit-libs-3.0.7-4.el8.x86_64                                                 
  basesystem-11-5.el8.noarch                                                    
  bash-4.4.20-4.el8_6.x86_64                                                    
  brotli-1.0.6-3.el8.x86_64                                                     
  bzip2-libs-1.0.6-26.el8.x86_64                                                
  ca-certificates-2023.2.60_v7.0.306-80.0.el8_8.noarch                          
  chkconfig-1.19.1-1.el8.x86_64                                                 
  coreutils-8.30-15.el8.x86_64                                                  
  coreutils-common-8.30-15.el8.x86_64                                           
  cpio-2.12-11.el8.x86_64                                                       
  cracklib-2.9.6-15.el8.x86_64                                                  
  cracklib-dicts-2.9.6-15.el8.x86_64                                            
  crypto-policies-20221215-1.gitece0092.el8.noarch                              
  crypto-policies-scripts-20221215-1.gitece0092.el8.noarch                      
  cryptsetup-libs-2.3.7-5.el8.x86_64                                            
  curl-7.61.1-30.el8_8.3.x86_64                                                 
  cyrus-sasl-lib-2.1.27-6.el8_5.x86_64                                          
  dbus-1:1.12.8-24.el8_8.1.x86_64                                               
  dbus-common-1:1.12.8-24.el8_8.1.noarch                                        
  dbus-daemon-1:1.12.8-24.el8_8.1.x86_64                                        
  dbus-glib-0.110-2.el8.x86_64                                                  
  dbus-libs-1:1.12.8-24.el8_8.1.x86_64                                          
  dbus-tools-1:1.12.8-24.el8_8.1.x86_64                                         
  device-mapper-8:1.02.181-9.el8.x86_64                                         
  device-mapper-libs-8:1.02.181-9.el8.x86_64                                    
  diffutils-3.6-6.el8.x86_64                                                    
  dnf-4.7.0-16.el8_8.noarch                                                     
  dnf-data-4.7.0-16.el8_8.noarch                                                
  dnf-plugins-core-4.0.21-19.el8_8.noarch                                       
  dracut-049-223.git20230119.el8.x86_64                                         
  elfutils-debuginfod-client-0.188-3.el8.x86_64                                 
  elfutils-default-yama-scope-0.188-3.el8.noarch                                
  elfutils-libelf-0.188-3.el8.x86_64                                            
  elfutils-libs-0.188-3.el8.x86_64                                              
  expat-2.2.5-11.el8.x86_64                                                     
  file-5.33-24.el8.x86_64                                                       
  file-libs-5.33-24.el8.x86_64                                                  
  filesystem-3.8-6.el8.x86_64                                                   
  findutils-1:4.6.0-20.el8_8.1.x86_64                                           
  gawk-4.2.1-4.el8.x86_64                                                       
  gdbm-1:1.18-2.el8.x86_64                                                      
  gdbm-libs-1:1.18-2.el8.x86_64                                                 
  gettext-0.19.8.1-17.el8.x86_64                                                
  gettext-libs-0.19.8.1-17.el8.x86_64                                           
  glib2-2.56.4-161.el8.x86_64                                                   
  glibc-2.28-225.el8.x86_64                                                     
  glibc-all-langpacks-2.28-225.el8.x86_64                                       
  glibc-common-2.28-225.el8.x86_64                                              
  glibc-gconv-extra-2.28-225.el8.x86_64                                         
  gmp-1:6.1.2-10.el8.x86_64                                                     
  gnupg2-2.2.20-3.el8_6.x86_64                                                  
  gnupg2-smime-2.2.20-3.el8_6.x86_64                                            
  gnutls-3.6.16-6.el8_7.x86_64                                                  
  gpgme-1.13.1-11.el8.x86_64                                                    
  grep-3.1-6.el8.x86_64                                                         
  grub2-common-1:2.02-148.el8_8.1.noarch                                        
  grub2-tools-1:2.02-148.el8_8.1.x86_64                                         
  grub2-tools-minimal-1:2.02-148.el8_8.1.x86_64                                 
  grubby-8.40-47.el8.x86_64                                                     
  gzip-1.9-13.el8_5.x86_64                                                      
  hardlink-1:1.3-6.el8.x86_64                                                   
  ima-evm-utils-1.3.2-12.el8.x86_64                                             
  info-6.5-7.el8.x86_64                                                         
  json-c-0.13.1-3.el8.x86_64                                                    
  kbd-2.0.4-10.el8.x86_64                                                       
  kbd-legacy-2.0.4-10.el8.noarch                                                
  kbd-misc-2.0.4-10.el8.noarch                                                  
  keyutils-libs-1.5.10-9.el8.x86_64                                             
  kmod-25-19.el8.x86_64                                                         
  kmod-libs-25-19.el8.x86_64                                                    
  kpartx-0.8.4-37.el8.x86_64                                                    
  krb5-libs-1.18.2-25.el8_8.x86_64                                              
  libacl-2.2.53-1.el8.x86_64                                                    
  libarchive-3.3.3-5.el8.x86_64                                                 
  libassuan-2.5.1-3.el8.x86_64                                                  
  libattr-2.4.48-3.el8.x86_64                                                   
  libblkid-2.32.1-42.el8_8.x86_64                                               
  libcap-2.48-5.el8_8.x86_64                                                    
  libcap-ng-0.7.11-1.el8.x86_64                                                 
  libcom_err-1.45.6-5.el8.x86_64                                                
  libcomps-0.1.18-1.el8.x86_64                                                  
  libcroco-0.6.12-4.el8_2.1.x86_64                                              
  libcurl-7.61.1-30.el8_8.3.x86_64                                              
  libdb-5.3.28-42.el8_4.x86_64                                                  
  libdb-utils-5.3.28-42.el8_4.x86_64                                            
  libdnf-0.63.0-14.el8_8.x86_64                                                 
  libevent-2.1.8-5.el8.x86_64                                                   
  libfdisk-2.32.1-42.el8_8.x86_64                                               
  libffi-3.1-24.el8.x86_64                                                      
  libgcc-8.5.0-18.el8.x86_64                                                    
  libgcrypt-1.8.5-7.el8_6.x86_64                                                
  libgomp-8.5.0-18.el8.x86_64                                                   
  libgpg-error-1.31-1.el8.x86_64                                                
  libidn2-2.2.0-1.el8.x86_64                                                    
  libkcapi-1.2.0-2.el8.x86_64                                                   
  libkcapi-hmaccalc-1.2.0-2.el8.x86_64                                          
  libksba-1.3.5-9.el8_7.x86_64                                                  
  libmodulemd-2.13.0-1.el8.x86_64                                               
  libmount-2.32.1-42.el8_8.x86_64                                               
  libnghttp2-1.33.0-3.el8_2.1.x86_64                                            
  libnsl2-1.2.0-2.20180605git4a062cf.el8.x86_64                                 
  libpsl-0.20.2-6.el8.x86_64                                                    
  libpwquality-1.4.4-6.el8.x86_64                                               
  librepo-1.14.2-4.el8.x86_64                                                   
  libreport-filesystem-2.9.5-15.0.4.1.el8.x86_64                                
  libseccomp-2.5.2-1.el8.x86_64                                                 
  libsecret-0.18.6-1.el8.x86_64                                                 
  libselinux-2.9-8.el8.x86_64                                                   
  libsemanage-2.9-9.el8_6.x86_64                                                
  libsepol-2.9-3.el8.x86_64                                                     
  libsigsegv-2.11-5.el8.x86_64                                                  
  libsmartcols-2.32.1-42.el8_8.x86_64                                           
  libsolv-0.7.20-4.el8_7.x86_64                                                 
  libssh-0.9.6-10.el8_8.x86_64                                                  
  libssh-config-0.9.6-10.el8_8.noarch                                           
  libstdc++-8.5.0-18.el8.x86_64                                                 
  libtasn1-4.13-4.el8_7.x86_64                                                  
  libtirpc-1.1.4-8.el8.x86_64                                                   
  libunistring-0.9.9-3.el8.x86_64                                               
  libusbx-1.0.23-4.el8.x86_64                                                   
  libutempter-1.1.6-14.el8.x86_64                                               
  libuuid-2.32.1-42.el8_8.x86_64                                                
  libverto-0.3.2-2.el8.x86_64                                                   
  libxcrypt-4.1.1-6.el8.x86_64                                                  
  libxkbcommon-0.9.1-1.el8.x86_64                                               
  libxml2-2.9.7-16.el8_8.1.x86_64                                               
  libyaml-0.1.7-5.el8.x86_64                                                    
  libzstd-1.4.4-1.el8.x86_64                                                    
  lua-libs-5.3.4-12.el8.x86_64                                                  
  lz4-libs-1.8.3-3.el8_4.x86_64                                                 
  memstrack-0.2.4-2.el8.x86_64                                                  
  mpfr-3.1.6-1.el8.x86_64                                                       
  ncurses-6.1-9.20180224.el8_8.1.x86_64                                         
  ncurses-base-6.1-9.20180224.el8_8.1.noarch                                    
  ncurses-libs-6.1-9.20180224.el8_8.1.x86_64                                    
  nettle-3.4.1-7.el8.x86_64                                                     
  npth-1.5-4.el8.x86_64                                                         
  openldap-2.4.46-18.el8.x86_64                                                 
  openssl-1:1.1.1k-9.el8_7.x86_64                                               
  openssl-libs-1:1.1.1k-9.el8_7.x86_64                                          
  openssl-pkcs11-0.4.10-3.el8.x86_64                                            
  os-prober-1.74-9.el8.x86_64                                                   
  p11-kit-0.23.22-1.el8.x86_64                                                  
  p11-kit-trust-0.23.22-1.el8.x86_64                                            
  pam-1.3.1-25.el8.x86_64                                                       
  pcre-8.42-6.el8.x86_64                                                        
  pcre2-10.32-3.el8_6.x86_64                                                    
  pigz-2.4-4.el8.x86_64                                                         
  pinentry-1.1.0-2.el8.x86_64                                                   
  platform-python-3.6.8-51.el8_8.1.x86_64                                       
  platform-python-pip-9.0.3-22.el8.noarch                                       
  platform-python-setuptools-39.2.0-7.el8.noarch                                
  popt-1.18-1.el8.x86_64                                                        
  procps-ng-3.3.15-13.el8.x86_64                                                
  publicsuffix-list-dafsa-20180723-1.el8.noarch                                 
  python3-dateutil-1:2.6.1-6.el8.noarch                                         
  python3-dbus-1.2.4-15.el8.x86_64                                              
  python3-dnf-4.7.0-16.el8_8.noarch                                             
  python3-dnf-plugins-core-4.0.21-19.el8_8.noarch                               
  python3-gpg-1.13.1-11.el8.x86_64                                              
  python3-hawkey-0.63.0-14.el8_8.x86_64                                         
  python3-libcomps-0.1.18-1.el8.x86_64                                          
  python3-libdnf-0.63.0-14.el8_8.x86_64                                         
  python3-libs-3.6.8-51.el8_8.1.x86_64                                          
  python3-pip-wheel-9.0.3-22.el8.noarch                                         
  python3-rpm-4.14.3-26.el8.x86_64                                              
  python3-setuptools-wheel-39.2.0-7.el8.noarch                                  
  python3-six-1.11.0-8.el8.noarch                                               
  python3-systemd-234-8.el8.x86_64                                              
  python3-unbound-1.16.2-5.el8.x86_64                                           
  readline-7.0-10.el8.x86_64                                                    
  rpm-4.14.3-26.el8.x86_64                                                      
  rpm-build-libs-4.14.3-26.el8.x86_64                                           
  rpm-libs-4.14.3-26.el8.x86_64                                                 
  rpm-plugin-systemd-inhibit-4.14.3-26.el8.x86_64                               
  sed-4.5-5.el8.x86_64                                                          
  setup-2.12.2-9.el8.noarch                                                     
  shadow-utils-2:4.6-17.el8.x86_64                                              
  shared-mime-info-1.9-3.el8.x86_64                                             
  sles_es-presets-1-4.el8.x86_64                                                
  sles_es-release-8.8-0.9.el8.x86_64                                            
  sles_es-rpm-macros-1-2.el8.noarch                                             
  sqlite-libs-3.26.0-18.el8_8.x86_64                                            
  systemd-239-74.el8_8.5.x86_64                                                 
  systemd-libs-239-74.el8_8.5.x86_64                                            
  systemd-pam-239-74.el8_8.5.x86_64                                             
  systemd-udev-239-74.el8_8.5.x86_64                                            
  tpm2-tss-2.3.2-4.el8.x86_64                                                   
  trousers-0.3.15-1.el8.x86_64                                                  
  trousers-lib-0.3.15-1.el8.x86_64                                              
  tzdata-2023c-1.el8.noarch                                                     
  unbound-libs-1.16.2-5.el8.x86_64                                              
  util-linux-2.32.1-42.el8_8.x86_64                                             
  which-2.21-18.el8.x86_64                                                      
  xkeyboard-config-2.28-1.el8.noarch                                            
  xz-5.2.4-4.el8_6.x86_64                                                       
  xz-libs-5.2.4-4.el8_6.x86_64                                                  
  yum-utils-4.0.21-19.el8_8.noarch                                              
  zlib-1.2.11-21.el8_7.x86_64                                                   

Complete!
[2023-09-28 16:27:18 #883162]  INFO: Applying config...
[2023-09-28 16:27:18 #883162]  WARN: Empty chroot config, skipping
[2023-09-28 16:27:18 #883162]  INFO: Performing cleanup...
[2023-09-28 16:27:18 #883162]  INFO: $ /usr/bin/sudo   /usr/sbin/chroot --userspec root /srv/bee/builder/chroot-root.rm3LpP /bin/sh -c '/bin/rm -rf /var/cache/dnf/*'
[2023-09-28 16:27:18 #883162]  INFO: Done
[2023-09-28 16:27:18 #883162]  INFO: Fixing rpm binary...
[2023-09-28 16:27:18 #883162]  INFO: $ /usr/bin/sudo   /usr/sbin/chroot --userspec root /srv/bee/builder/chroot-root.rm3LpP /bin/sh -c '/bin/mknod /dev/urandom c 1 9'
[2023-09-28 16:27:18 #883162]  INFO: Done
[2023-09-28 16:27:18 #883162]  INFO: Fixing rpm DB...
[2023-09-28 16:27:18 #883162]  INFO: $ /usr/bin/sudo   /usr/sbin/chroot --userspec root /srv/bee/builder/chroot-root.rm3LpP /bin/sh -c 'rpm --rebuilddb'
